Archive member included to satisfy reference by file (symbol)

C:/ST/STM32CubeIDE_1.19.0/STM32CubeIDE/plugins/com.st.stm32cube.ide.mcu.externaltools.gnu-tools-for-stm32.13.3.rel1.win32_1.0.0.202411081344/tools/bin/../lib/gcc/arm-none-eabi/13.3.1/../../../../arm-none-eabi/lib/thumb/v7e-m+fp/hard\libc_nano.a(libc_a-exit.o)
                              C:/ST/STM32CubeIDE_1.19.0/STM32CubeIDE/plugins/com.st.stm32cube.ide.mcu.externaltools.gnu-tools-for-stm32.13.3.rel1.win32_1.0.0.202411081344/tools/bin/../lib/gcc/arm-none-eabi/13.3.1/../../../../arm-none-eabi/lib/thumb/v7e-m+fp/hard/crt0.o (exit)
C:/ST/STM32CubeIDE_1.19.0/STM32CubeIDE/plugins/com.st.stm32cube.ide.mcu.externaltools.gnu-tools-for-stm32.13.3.rel1.win32_1.0.0.202411081344/tools/bin/../lib/gcc/arm-none-eabi/13.3.1/../../../../arm-none-eabi/lib/thumb/v7e-m+fp/hard\libc_nano.a(libc_a-rand.o)
                              ./Core/Src/freertos.o (rand)
C:/ST/STM32CubeIDE_1.19.0/STM32CubeIDE/plugins/com.st.stm32cube.ide.mcu.externaltools.gnu-tools-for-stm32.13.3.rel1.win32_1.0.0.202411081344/tools/bin/../lib/gcc/arm-none-eabi/13.3.1/../../../../arm-none-eabi/lib/thumb/v7e-m+fp/hard\libc_nano.a(libc_a-findfp.o)
                              ./Middlewares/Third_Party/FreeRTOS/Source/tasks.o (__sf)
C:/ST/STM32CubeIDE_1.19.0/STM32CubeIDE/plugins/com.st.stm32cube.ide.mcu.externaltools.gnu-tools-for-stm32.13.3.rel1.win32_1.0.0.202411081344/tools/bin/../lib/gcc/arm-none-eabi/13.3.1/../../../../arm-none-eabi/lib/thumb/v7e-m+fp/hard\libc_nano.a(libc_a-fwalk.o)
                              C:/ST/STM32CubeIDE_1.19.0/STM32CubeIDE/plugins/com.st.stm32cube.ide.mcu.externaltools.gnu-tools-for-stm32.13.3.rel1.win32_1.0.0.202411081344/tools/bin/../lib/gcc/arm-none-eabi/13.3.1/../../../../arm-none-eabi/lib/thumb/v7e-m+fp/hard\libc_nano.a(libc_a-findfp.o) (_fwalk_sglue)
C:/ST/STM32CubeIDE_1.19.0/STM32CubeIDE/plugins/com.st.stm32cube.ide.mcu.externaltools.gnu-tools-for-stm32.13.3.rel1.win32_1.0.0.202411081344/tools/bin/../lib/gcc/arm-none-eabi/13.3.1/../../../../arm-none-eabi/lib/thumb/v7e-m+fp/hard\libc_nano.a(libc_a-stdio.o)
                              C:/ST/STM32CubeIDE_1.19.0/STM32CubeIDE/plugins/com.st.stm32cube.ide.mcu.externaltools.gnu-tools-for-stm32.13.3.rel1.win32_1.0.0.202411081344/tools/bin/../lib/gcc/arm-none-eabi/13.3.1/../../../../arm-none-eabi/lib/thumb/v7e-m+fp/hard\libc_nano.a(libc_a-findfp.o) (__sread)
C:/ST/STM32CubeIDE_1.19.0/STM32CubeIDE/plugins/com.st.stm32cube.ide.mcu.externaltools.gnu-tools-for-stm32.13.3.rel1.win32_1.0.0.202411081344/tools/bin/../lib/gcc/arm-none-eabi/13.3.1/../../../../arm-none-eabi/lib/thumb/v7e-m+fp/hard\libc_nano.a(libc_a-vsprintf.o)
                              ./Core/Src/freertos.o (vsprintf)
C:/ST/STM32CubeIDE_1.19.0/STM32CubeIDE/plugins/com.st.stm32cube.ide.mcu.externaltools.gnu-tools-for-stm32.13.3.rel1.win32_1.0.0.202411081344/tools/bin/../lib/gcc/arm-none-eabi/13.3.1/../../../../arm-none-eabi/lib/thumb/v7e-m+fp/hard\libc_nano.a(libc_a-memset.o)
                              C:/ST/STM32CubeIDE_1.19.0/STM32CubeIDE/plugins/com.st.stm32cube.ide.mcu.externaltools.gnu-tools-for-stm32.13.3.rel1.win32_1.0.0.202411081344/tools/bin/../lib/gcc/arm-none-eabi/13.3.1/../../../../arm-none-eabi/lib/thumb/v7e-m+fp/hard/crt0.o (memset)
C:/ST/STM32CubeIDE_1.19.0/STM32CubeIDE/plugins/com.st.stm32cube.ide.mcu.externaltools.gnu-tools-for-stm32.13.3.rel1.win32_1.0.0.202411081344/tools/bin/../lib/gcc/arm-none-eabi/13.3.1/../../../../arm-none-eabi/lib/thumb/v7e-m+fp/hard\libc_nano.a(libc_a-closer.o)
                              C:/ST/STM32CubeIDE_1.19.0/STM32CubeIDE/plugins/com.st.stm32cube.ide.mcu.externaltools.gnu-tools-for-stm32.13.3.rel1.win32_1.0.0.202411081344/tools/bin/../lib/gcc/arm-none-eabi/13.3.1/../../../../arm-none-eabi/lib/thumb/v7e-m+fp/hard\libc_nano.a(libc_a-stdio.o) (_close_r)
C:/ST/STM32CubeIDE_1.19.0/STM32CubeIDE/plugins/com.st.stm32cube.ide.mcu.externaltools.gnu-tools-for-stm32.13.3.rel1.win32_1.0.0.202411081344/tools/bin/../lib/gcc/arm-none-eabi/13.3.1/../../../../arm-none-eabi/lib/thumb/v7e-m+fp/hard\libc_nano.a(libc_a-reent.o)
                              ./Middlewares/Third_Party/FreeRTOS/Source/tasks.o (_reclaim_reent)
C:/ST/STM32CubeIDE_1.19.0/STM32CubeIDE/plugins/com.st.stm32cube.ide.mcu.externaltools.gnu-tools-for-stm32.13.3.rel1.win32_1.0.0.202411081344/tools/bin/../lib/gcc/arm-none-eabi/13.3.1/../../../../arm-none-eabi/lib/thumb/v7e-m+fp/hard\libc_nano.a(libc_a-impure.o)
                              ./Middlewares/Third_Party/FreeRTOS/Source/tasks.o (_impure_ptr)
C:/ST/STM32CubeIDE_1.19.0/STM32CubeIDE/plugins/com.st.stm32cube.ide.mcu.externaltools.gnu-tools-for-stm32.13.3.rel1.win32_1.0.0.202411081344/tools/bin/../lib/gcc/arm-none-eabi/13.3.1/../../../../arm-none-eabi/lib/thumb/v7e-m+fp/hard\libc_nano.a(libc_a-lseekr.o)
[...]
Memory Configuration

Name             Origin             Length             Attributes
RAM              0x20000000         0x00020000         xrw
FLASH            0x08000000         0x00080000         xr
*default*        0x00000000         0xffffffff

Linker script and memory map

LOAD C:/ST/STM32CubeIDE_1.19.0/STM32CubeIDE/plugins/com.st.stm32cube.ide.mcu.externaltools.gnu-tools-for-stm32.13.3.rel1.win32_1.0.0.202411081344/tools/bin/../lib/gcc/arm-none-eabi/13.3.1/thumb/v7e-m+fp/hard/crti.o
LOAD C:/ST/STM32CubeIDE_1.19.0/STM32CubeIDE/plugins/com.st.stm32cube.ide.mcu.externaltools.gnu-tools-for-stm32.13.3.rel1.win32_1.0.0.202411081344/tools/bin/../lib/gcc/arm-none-eabi/13.3.1/thumb/v7e-m+fp/hard/crtbegin.o
LOAD C:/ST/STM32CubeIDE_1.19.0/STM32CubeIDE/plugins/com.st.stm32cube.ide.mcu.externaltools.gnu-tools-for-stm32.13.3.rel1.win32_1.0.0.202411081344/tools/bin/../lib/gcc/arm-none-eabi/13.3.1/../../../../arm-none-eabi/lib/thumb/v7e-m+fp/hard/crt0.o
LOAD ./Core/Src/freertos.o
LOAD ./Core/Src/gpio.o
LOAD ./Core/Src/main.o
LOAD ./Core/Src/stm32f4xx_hal_msp.o
LOAD ./Core/Src/stm32f4xx_hal_timebase_tim.o
LOAD ./Core/Src/stm32f4xx_it.o
LOAD ./Core/Src/syscalls.o
LOAD ./Core/Src/sysmem.o
LOAD ./Core/Src/system_stm32f4xx.o
LOAD ./Core/Src/usart.o
LOAD ./Core/Startup/startup_stm32f411retx.o
LOAD ./Drivers/STM32F4xx_HAL_Driver/Src/stm32f4xx_hal.o
LOAD ./Drivers/STM32F4xx_HAL_Driver/Src/stm32f4xx_hal_cortex.o
LOAD ./Drivers/STM32F4xx_HAL_Driver/Src/stm32f4xx_hal_dma.o
LOAD ./Drivers/STM32F4xx_HAL_Driver/Src/stm32f4xx_hal_dma_ex.o
LOAD ./Drivers/STM32F4xx_HAL_Driver/Src/stm32f4xx_hal_exti.o
LOAD ./Drivers/STM32F4xx_HAL_Driver/Src/stm32f4xx_hal_flash.o
LOAD ./Drivers/STM32F4xx_HAL_Driver/Src/stm32f4xx_hal_flash_ex.o
LOAD ./Drivers/STM32F4xx_HAL_Driver/Src/stm32f4xx_hal_flash_ramfunc.o
LOAD ./Drivers/STM32F4xx_HAL_Driver/Src/stm32f4xx_hal_gpio.o
LOAD ./Drivers/STM32F4xx_HAL_Driver/Src/stm32f4xx_hal_pcd.o
LOAD ./Drivers/STM32F4xx_HAL_Driver/Src/stm32f4xx_hal_pcd_ex.o
LOAD ./Drivers/STM32F4xx_HAL_Driver/Src/stm32f4xx_hal_pwr.o
LOAD ./Drivers/STM32F4xx_HAL_Driver/Src/stm32f4xx_hal_pwr_ex.o
LOAD ./Drivers/STM32F4xx_HAL_Driver/Src/stm32f4xx_hal_rcc.o
LOAD ./Drivers/STM32F4xx_HAL_Driver/Src/stm32f4xx_hal_rcc_ex.o
LOAD ./Drivers/STM32F4xx_HAL_Driver/Src/stm32f4xx_hal_tim.o
LOAD ./Drivers/STM32F4xx_HAL_Driver/Src/stm32f4xx_hal_tim_ex.o
LOAD ./Drivers/STM32F4xx_HAL_Driver/Src/stm32f4xx_hal_uart.o
LOAD ./Drivers/STM32F4xx_HAL_Driver/Src/stm32f4xx_ll_usb.o
LOAD ./Middlewares/ST/STM32_USB_Device_Library/Class/CDC/Src/usbd_cdc.o
LOAD ./Middlewares/ST/STM32_USB_Device_Library/Core/Src/usbd_core.o
LOAD ./Middlewares/ST/STM32_USB_Device_Library/Core/Src/usbd_ctlreq.o
LOAD ./Middlewares/ST/STM32_USB_Device_Library/Core/Src/usbd_ioreq.o
LOAD ./Middlewares/Third_Party/FreeRTOS/Source/CMSIS_RTOS/cmsis_os.o
LOAD ./Middlewares/Third_Party/FreeRTOS/Source/croutine.o
LOAD ./Middlewares/Third_Party/FreeRTOS/Source/event_groups.o
LOAD ./Middlewares/Third_Party/FreeRTOS/Source/list.o
LOAD ./Middlewares/Third_Party/FreeRTOS/Source/queue.o
LOAD ./Middlewares/Third_Party/FreeRTOS/Source/stream_buffer.o
LOAD ./Middlewares/Third_Party/FreeRTOS/Source/tasks.o
LOAD ./Middlewares/Third_Party/FreeRTOS/Source/timers.o
LOAD ./Middlewares/Third_Party/FreeRTOS/Source/portable/GCC/ARM_CM4F/port.o
LOAD ./Middlewares/Third_Party/FreeRTOS/Source/portable/MemMang/heap_4.o
LOAD ./USB_DEVICE/App/usb_device.o
LOAD ./USB_DEVICE/App/usbd_cdc_if.o
LOAD ./USB_DEVICE/App/usbd_desc.o
LOAD ./USB_DEVICE/Target/usbd_conf.o
START GROUP
LOAD C:/ST/STM32CubeIDE_1.19.0/STM32CubeIDE/plugins/com.st.stm32cube.ide.mcu.externaltools.gnu-tools-for-stm32.13.3.rel1.win32_1.0.0.202411081344/tools/bin/../lib/gcc/arm-none-eabi/13.3.1/../../../../arm-none-eabi/lib/thumb/v7e-m+fp/hard\libc_nano.a
LOAD C:/ST/STM32CubeIDE_1.19.0/STM32CubeIDE/plugins/com.st.stm32cube.ide.mcu.externaltools.gnu-tools-for-stm32.13.3.rel1.win32_1.0.0.202411081344/tools/bin/../lib/gcc/arm-none-eabi/13.3.1/../../../../arm-none-eabi/lib/thumb/v7e-m+fp/hard\libm.a
END GROUP
START GROUP
LOAD C:/ST/STM32CubeIDE_1.19.0/STM32CubeIDE/plugins/com.st.stm32cube.ide.mcu.externaltools.gnu-tools-for-stm32.13.3.rel1.win32_1.0.0.202411081344/tools/bin/../lib/gcc/arm-none-eabi/13.3.1/thumb/v7e-m+fp/hard\libgcc.a
LOAD C:/ST/STM32CubeIDE_1.19.0/STM32CubeIDE/plugins/com.st.stm32cube.ide.mcu.externaltools.gnu-tools-for-stm32.13.3.rel1.win32_1.0.0.202411081344/tools/bin/../lib/gcc/arm-none-eabi/13.3.1/../../../../arm-none-eabi/lib/thumb/v7e-m+fp/hard\libc_nano.a
END GROUP
START GROUP
LOAD C:/ST/STM32CubeIDE_1.19.0/STM32CubeIDE/plugins/com.st.stm32cube.ide.mcu.externaltools.gnu-tools-for-stm32.13.3.rel1.win32_1.0.0.202411081344/tools/bin/../lib/gcc/arm-none-eabi/13.3.1/thumb/v7e-m+fp/hard\libgcc.a
LOAD C:/ST/STM32CubeIDE_1.19.0/STM32CubeIDE/plugins/com.st.stm32cube.ide.mcu.externaltools.gnu-tools-for-stm32.13.3.rel1.win32_1.0.0.202411081344/tools/bin/../lib/gcc/arm-none-eabi/13.3.1/../../../../arm-none-eabi/lib/thumb/v7e-m+fp/hard\libc_nano.a
LOAD C:/ST/STM32CubeIDE_1.19.0/STM32CubeIDE/plugins/com.st.stm32cube.ide.mcu.externaltools.gnu-tools-for-stm32.13.3.rel1.win32_1.0.0.202411081344/tools/bin/../lib/gcc/arm-none-eabi/13.3.1/../../../../arm-none-eabi/lib/thumb/v7e-m+fp/hard\libnosys.a
END GROUP
START GROUP
LOAD C:/ST/STM32CubeIDE_1.19.0/STM32CubeIDE/plugins/com.st.stm32cube.ide.mcu.externaltools.gnu-tools-for-stm32.13.3.rel1.win32_1.0.0.202411081344/tools/bin/../lib/gcc/arm-none-eabi/13.3.1/thumb/v7e-m+fp/hard\libgcc.a
LOAD C:/ST/STM32CubeIDE_1.19.0/STM32CubeIDE/plugins/com.st.stm32cube.ide.mcu.externaltools.gnu-tools-for-stm32.13.3.rel1.win32_1.0.0.202411081344/tools/bin/../lib/gcc/arm-none-eabi/13.3.1/../../../../arm-none-eabi/lib/thumb/v7e-m+fp/hard\libc_nano.a
LOAD C:/ST/STM32CubeIDE_1.19.0/STM32CubeIDE/plugins/com.st.stm32cube.ide.mcu.externaltools.gnu-tools-for-stm32.13.3.rel1.win32_1.0.0.202411081344/tools/bin/../lib/gcc/arm-none-eabi/13.3.1/../../../../arm-none-eabi/lib/thumb/v7e-m+fp/hard\libnosys.a
END GROUP
LOAD C:/ST/STM32CubeIDE_1.19.0/STM32CubeIDE/plugins/com.st.stm32cube.ide.mcu.externaltools.gnu-tools-for-stm32.13.3.rel1.win32_1.0.0.202411081344/tools/bin/../lib/gcc/arm-none-eabi/13.3.1/thumb/v7e-m+fp/hard/crtend.o
LOAD C:/ST/STM32CubeIDE_1.19.0/STM32CubeIDE/plugins/com.st.stm32cube.ide.mcu.externaltools.gnu-tools-for-stm32.13.3.rel1.win32_1.0.0.202411081344/tools/bin/../lib/gcc/arm-none-eabi/13.3.1/thumb/v7e-m+fp/hard/crtn.o
                0x20020000                        _estack = (ORIGIN (RAM) + LENGTH (RAM))
                0x00000200                        _Min_Heap_Size = 0x200
                0x00000400                        _Min_Stack_Size = 0x400

.isr_vector     0x08000000      0x198
                0x08000000                        . = ALIGN (0x4)
 *(.isr_vector)
 .isr_vector    0x08000000      0x198 ./Core/Startup/startup_stm32f411retx.o
                0x08000000                g_pfnVectors
                0x08000198                        . = ALIGN (0x4)

.text           0x080001a0     0xcac0
                0x080001a0                        . = ALIGN (0x4)
 *(.text)
 .text          0x080001a0       0x40 C:/ST/STM32CubeIDE_1.19.0/STM32CubeIDE/plugins/com.st.stm32cube.ide.mcu.externaltools.gnu-tools-for-stm32.13.3.rel1.win32_1.0.0.202411081344/tools/bin/../lib/gcc/arm-none-eabi/13.3.1/thumb/v7e-m+fp/hard/crtbegin.o
 .text          0x080001e0       0x10 C:/ST/STM32CubeIDE_1.19.0/STM32CubeIDE/plugins/com.st.stm32cube.ide.mcu.externaltools.gnu-tools-for-stm32.13.3.rel1.win32_1.0.0.202411081344/tools/bin/../lib/gcc/arm-none-eabi/13.3.1/../../../../arm-none-eabi/lib/thumb/v7e-m+fp/hard\libc_nano.a(libc_a-strlen.o)
                0x080001e0                strlen
 .text          0x080001f0       0xa0 C:/ST/STM32CubeIDE_1.19.0/STM32CubeIDE/plugins/com.st.stm32cube.ide.mcu.externaltools.gnu-tools-for-stm32.13.3.rel1.win32_1.0.0.202411081344/tools/bin/../lib/gcc/arm-none-eabi/13.3.1/../../../../arm-none-eabi/lib/thumb/v7e-m+fp/hard\libc_nano.a(libc_a-memchr.o)
                0x080001f0                memchr
 .text          0x08000290       0x30 C:/ST/STM32CubeIDE_1.19.0/STM32CubeIDE/plugins/com.st.stm32cube.ide.mcu.externaltools.gnu-tools-for-stm32.13.3.rel1.win32_1.0.0.202411081344/tools/bin/../lib/gcc/arm-none-eabi/13.3.1/thumb/v7e-m+fp/hard\libgcc.a(_aeabi_uldivmod.o)
                0x08000290                __aeabi_uldivmod
 .text          0x080002c0      0x2f8 C:/ST/STM32CubeIDE_1.19.0/STM32CubeIDE/plugins/com.st.stm32cube.ide.mcu.externaltools.gnu-tools-for-stm32.13.3.rel1.win32_1.0.0.202411081344/tools/bin/../lib/gcc/arm-none-eabi/13.3.1/thumb/v7e-m+fp/hard\libgcc.a(_udivmoddi4.o)
                0x080002c0                __udivmoddi4
 .text          0x080005b8        0x4 C:/ST/STM32CubeIDE_1.19.0/STM32CubeIDE/plugins/com.st.stm32cube.ide.mcu.externaltools.gnu-tools-for-stm32.13.3.rel1.win32_1.0.0.202411081344/tools/bin/../lib/gcc/arm-none-eabi/13.3.1/thumb/v7e-m+fp/hard\libgcc.a(_dvmd_tls.o)
                0x080005b8                __aeabi_idiv0
                0x080005b8                __aeabi_ldiv0
 *(.text*)
 .text.vApplicationGetIdleTaskMemory
                0x080005bc       0x34 ./Core/Src/freertos.o
                0x080005bc                vApplicationGetIdleTaskMemory
 .text.MX_FREERTOS_Init
                0x080005f0      0x118 ./Core/Src/freertos.o
                0x080005f0                MX_FREERTOS_Init
 .text.StartDefaultTask
                0x08000708       0x84 ./Core/Src/freertos.o
                0x08000708                StartDefaultTask
 .text.StartTask_Telemetry
                0x0800078c       0xb8 ./Core/Src/freertos.o
                0x0800078c                StartTask_Telemetry
 .text.StartTask_Button
                0x08000844      0x1d0 ./Core/Src/freertos.o
                0x08000844                StartTask_Button
 .text.StartTask_Controller
                0x08000a14      0x234 ./Core/Src/freertos.o
                0x08000a14                StartTask_Controller
 .text.StartTask_Led2
                0x08000c48       0x98 ./Core/Src/freertos.o
                0x08000c48                StartTask_Led2
 .text.HAL_UART_RxCpltCallback
                0x08000ce0       0xbc ./Core/Src/freertos.o
                0x08000ce0                HAL_UART_RxCpltCallback
 .text.myPrintf
                0x08000d9c       0x70 ./Core/Src/freertos.o
                0x08000d9c                myPrintf
 .text.MX_GPIO_Init
                0x08000e0c       0xec ./Core/Src/gpio.o
                0x08000e0c                MX_GPIO_Init
 .text.main     0x08000ef8       0x20 ./Core/Src/main.o
                0x08000ef8                main
 .text.SystemClock_Config
                0x08000f18       0xd8 ./Core/Src/main.o
                0x08000f18                SystemClock_Config
 .text.HAL_TIM_PeriodElapsedCallback
                0x08000ff0       0x24 ./Core/Src/main.o
                0x08000ff0                HAL_TIM_PeriodElapsedCallback
 .text.Error_Handler
                0x08001014        0xc ./Core/Src/main.o
                0x08001014                Error_Handler
 .text.HAL_MspInit
                0x08001020       0x58 ./Core/Src/stm32f4xx_hal_msp.o
                0x08001020                HAL_MspInit
 .text.HAL_InitTick
                0x08001078       0xe4 ./Core/Src/stm32f4xx_hal_timebase_tim.o
                0x08001078                HAL_InitTick
 .text.NMI_Handler
                0x0800115c        0x8 ./Core/Src/stm32f4xx_it.o
                0x0800115c                NMI_Handler
 .text.HardFault_Handler
                0x08001164        0x8 ./Core/Src/stm32f4xx_it.o
                0x08001164                HardFault_Handler
 .text.MemManage_Handler
                0x0800116c        0x8 ./Core/Src/stm32f4xx_it.o
                0x0800116c                MemManage_Handler
 .text.BusFault_Handler
                0x08001174        0x8 ./Core/Src/stm32f4xx_it.o
                0x08001174                BusFault_Handler
 .text.UsageFault_Handler
                0x0800117c        0x8 ./Core/Src/stm32f4xx_it.o
                0x0800117c                UsageFault_Handler
 .text.DebugMon_Handler
                0x08001184        0xe ./Core/Src/stm32f4xx_it.o
                0x08001184                DebugMon_Handler
 *fill*         0x08001192        0x2 
 .text.TIM1_UP_TIM10_IRQHandler
                0x08001194       0x14 ./Core/Src/stm32f4xx_it.o
                0x08001194                TIM1_UP_TIM10_IRQHandler
 .text.OTG_FS_IRQHandler
                0x080011a8       0x14 ./Core/Src/stm32f4xx_it.o
                0x080011a8                OTG_FS_IRQHandler
 .text.USART2_IRQHandler
                0x080011bc       0x14 ./Core/Src/stm32f4xx_it.o
                0x080011bc                USART2_IRQHandler
 .text._getpid  0x080011d0       0x10 ./Core/Src/syscalls.o
                0x080011d0                _getpid
 .text._kill    0x080011e0       0x20 ./Core/Src/syscalls.o
                0x080011e0                _kill
 .text._exit    0x08001200       0x16 ./Core/Src/syscalls.o
                0x08001200                _exit
 .text._read    0x08001216       0x3a ./Core/Src/syscalls.o
                0x08001216                _read
 .text._write   0x08001250       0x38 ./Core/Src/syscalls.o
                0x08001250                _write
 .text._close   0x08001288       0x18 ./Core/Src/syscalls.o
                0x08001288                _close
 .text._fstat   0x080012a0       0x20 ./Core/Src/syscalls.o
                0x080012a0                _fstat
 .text._isatty  0x080012c0       0x16 ./Core/Src/syscalls.o
                0x080012c0                _isatty
 .text._lseek   0x080012d6       0x1a ./Core/Src/syscalls.o
                0x080012d6                _lseek
 .text._sbrk    0x080012f0       0x6c ./Core/Src/sysmem.o
                0x080012f0                _sbrk
 .text.SystemInit
                0x0800135c       0x24 ./Core/Src/system_stm32f4xx.o
                0x0800135c                SystemInit
 .text.MX_USART2_UART_Init
                0x08001380       0x54 ./Core/Src/usart.o
                0x08001380                MX_USART2_UART_Init
 .text.HAL_UART_MspInit
                0x080013d4       0x90 ./Core/Src/usart.o
                0x080013d4                HAL_UART_MspInit
 .text.Reset_Handler
                0x08001464       0x50 ./Core/Startup/startup_stm32f411retx.o
                0x08001464                Reset_Handler
 .text.Default_Handler
                0x080014b4        0x2 ./Core/Startup/startup_stm32f411retx.o
                0x080014b4                RTC_Alarm_IRQHandler
                0x080014b4                EXTI2_IRQHandler
                0x080014b4                SPI4_IRQHandler
                0x080014b4                TIM1_CC_IRQHandler
                0x080014b4                DMA2_Stream5_IRQHandler
                0x080014b4                DMA1_Stream5_IRQHandler
                0x080014b4                PVD_IRQHandler
                0x080014b4                SDIO_IRQHandler
                0x080014b4                TAMP_STAMP_IRQHandler
                0x080014b4                EXTI3_IRQHandler
                0x080014b4                I2C3_ER_IRQHandler
                0x080014b4                EXTI0_IRQHandler
                0x080014b4                I2C2_EV_IRQHandler
                0x080014b4                DMA1_Stream2_IRQHandler
                0x080014b4                FPU_IRQHandler
                0x080014b4                DMA2_Stream2_IRQHandler
                0x080014b4                SPI1_IRQHandler
                0x080014b4                TIM1_BRK_TIM9_IRQHandler
                0x080014b4                DMA2_Stream3_IRQHandler
                0x080014b4                USART6_IRQHandler
                0x080014b4                DMA2_Stream0_IRQHandler
                0x080014b4                TIM4_IRQHandler
                0x080014b4                I2C1_EV_IRQHandler
                0x080014b4                DMA1_Stream6_IRQHandler
                0x080014b4                DMA1_Stream1_IRQHandler
                0x080014b4                TIM3_IRQHandler
                0x080014b4                RCC_IRQHandler
                0x080014b4                Default_Handler
                0x080014b4                EXTI15_10_IRQHandler
                0x080014b4                ADC_IRQHandler
                0x080014b4                DMA1_Stream7_IRQHandler
                0x080014b4                SPI5_IRQHandler
                0x080014b4                TIM5_IRQHandler
                0x080014b4                DMA2_Stream7_IRQHandler
                0x080014b4                I2C3_EV_IRQHandler
                0x080014b4                EXTI9_5_IRQHandler
                0x080014b4                RTC_WKUP_IRQHandler
                0x080014b4                SPI2_IRQHandler
                0x080014b4                DMA1_Stream0_IRQHandler
                0x080014b4                EXTI4_IRQHandler
                0x080014b4                WWDG_IRQHandler
                0x080014b4                TIM2_IRQHandler
                0x080014b4                OTG_FS_WKUP_IRQHandler
                0x080014b4                TIM1_TRG_COM_TIM11_IRQHandler
                0x080014b4                EXTI1_IRQHandler
                0x080014b4                I2C2_ER_IRQHandler
                0x080014b4                DMA2_Stream1_IRQHandler
                0x080014b4                FLASH_IRQHandler
                0x080014b4                DMA2_Stream4_IRQHandler
                0x080014b4                USART1_IRQHandler
                0x080014b4                SPI3_IRQHandler
                0x080014b4                DMA1_Stream4_IRQHandler
                0x080014b4                I2C1_ER_IRQHandler
                0x080014b4                DMA2_Stream6_IRQHandler
                0x080014b4                DMA1_Stream3_IRQHandler
 *fill*         0x080014b6        0x2 
 .text.HAL_Init
                0x080014b8       0x44 ./Drivers/STM32F4xx_HAL_Driver/Src/stm32f4xx_hal.o
                0x080014b8                HAL_Init
 .text.HAL_IncTick
                0x080014fc       0x28 ./Drivers/STM32F4xx_HAL_Driver/Src/stm32f4xx_hal.o
                0x080014fc                HAL_IncTick
 .text.HAL_GetTick
                0x08001524       0x18 ./Drivers/STM32F4xx_HAL_Driver/Src/stm32f4xx_hal.o
                0x08001524                HAL_GetTick
 .text.HAL_Delay
                0x0800153c       0x48 ./Drivers/STM32F4xx_HAL_Driver/Src/stm32f4xx_hal.o
                0x0800153c                HAL_Delay
 .text.__NVIC_SetPriorityGrouping
                0x08001584       0x48 ./Drivers/STM32F4xx_HAL_Driver/Src/stm32f4xx_hal_cortex.o
 .text.__NVIC_GetPriorityGrouping
                0x080015cc       0x1c ./Drivers/STM32F4xx_HAL_Driver/Src/stm32f4xx_hal_cortex.o
 .text.__NVIC_EnableIRQ
                0x080015e8       0x3c ./Drivers/STM32F4xx_HAL_Driver/Src/stm32f4xx_hal_cortex.o
 .text.__NVIC_SetPriority
                0x08001624       0x54 ./Drivers/STM32F4xx_HAL_Driver/Src/stm32f4xx_hal_cortex.o
 .text.NVIC_EncodePriority
                0x08001678       0x66 ./Drivers/STM32F4xx_HAL_Driver/Src/stm32f4xx_hal_cortex.o
 .text.HAL_NVIC_SetPriorityGrouping
                0x080016de       0x16 ./Drivers/STM32F4xx_HAL_Driver/Src/stm32f4xx_hal_cortex.o
                0x080016de                HAL_NVIC_SetPriorityGrouping
 .text.HAL_NVIC_SetPriority
                0x080016f4       0x38 ./Drivers/STM32F4xx_HAL_Driver/Src/stm32f4xx_hal_cortex.o
                0x080016f4                HAL_NVIC_SetPriority
 .text.HAL_NVIC_EnableIRQ
                0x0800172c       0x1c ./Drivers/STM32F4xx_HAL_Driver/Src/stm32f4xx_hal_cortex.o
                0x0800172c                HAL_NVIC_EnableIRQ
 .text.HAL_DMA_Abort
                0x08001748       0xe0 ./Drivers/STM32F4xx_HAL_Driver/Src/stm32f4xx_hal_dma.o
                0x08001748                HAL_DMA_Abort
 .text.HAL_DMA_Abort_IT
                0x08001828       0x44 ./Drivers/STM32F4xx_HAL_Driver/Src/stm32f4xx_hal_dma.o
                0x08001828                HAL_DMA_Abort_IT
 .text.HAL_GPIO_Init
                0x0800186c      0x308 ./Drivers/STM32F4xx_HAL_Driver/Src/stm32f4xx_hal_gpio.o
                0x0800186c                HAL_GPIO_Init
 .text.HAL_GPIO_ReadPin
                0x08001b74       0x30 ./Drivers/STM32F4xx_HAL_Driver/Src/stm32f4xx_hal_gpio.o
                0x08001b74                HAL_GPIO_ReadPin
 .text.HAL_GPIO_WritePin
                0x08001ba4       0x32 ./Drivers/STM32F4xx_HAL_Driver/Src/stm32f4xx_hal_gpio.o
                0x08001ba4                HAL_GPIO_WritePin
 .text.HAL_GPIO_TogglePin
                0x08001bd6       0x34 ./Drivers/STM32F4xx_HAL_Driver/Src/stm32f4xx_hal_gpio.o
                0x08001bd6                HAL_GPIO_TogglePin
 .text.HAL_PCD_Init
                0x08001c0a      0x21e ./Drivers/STM32F4xx_HAL_Driver/Src/stm32f4xx_hal_pcd.o
                0x08001c0a                HAL_PCD_Init
 .text.HAL_PCD_Start
                0x08001e28       0x6a ./Drivers/STM32F4xx_HAL_Driver/Src/stm32f4xx_hal_pcd.o
                0x08001e28                HAL_PCD_Start
 .text.HAL_PCD_IRQHandler
                0x08001e92      0x942 ./Drivers/STM32F4xx_HAL_Driver/Src/stm32f4xx_hal_pcd.o
                0x08001e92                HAL_PCD_IRQHandler
 .text.HAL_PCD_SetAddress
                0x080027d4       0x48 ./Drivers/STM32F4xx_HAL_Driver/Src/stm32f4xx_hal_pcd.o
                0x080027d4                HAL_PCD_SetAddress
 .text.HAL_PCD_EP_Open
                0x0800281c       0xd4 ./Drivers/STM32F4xx_HAL_Driver/Src/stm32f4xx_hal_pcd.o
                0x0800281c                HAL_PCD_EP_Open
 .text.HAL_PCD_EP_Close
                0x080028f0       0x94 ./Drivers/STM32F4xx_HAL_Driver/Src/stm32f4xx_hal_pcd.o
                0x080028f0                HAL_PCD_EP_Close
 .text.HAL_PCD_EP_Receive
                0x08002984       0x76 ./Drivers/STM32F4xx_HAL_Driver/Src/stm32f4xx_hal_pcd.o
                0x08002984                HAL_PCD_EP_Receive
 .text.HAL_PCD_EP_GetRxCount
                0x080029fa       0x30 ./Drivers/STM32F4xx_HAL_Driver/Src/stm32f4xx_hal_pcd.o
                0x080029fa                HAL_PCD_EP_GetRxCount
 .text.HAL_PCD_EP_Transmit
                0x08002a2a       0x74 ./Drivers/STM32F4xx_HAL_Driver/Src/stm32f4xx_hal_pcd.o
                0x08002a2a                HAL_PCD_EP_Transmit
 .text.HAL_PCD_EP_SetStall
                0x08002a9e       0xc6 ./Drivers/STM32F4xx_HAL_Driver/Src/stm32f4xx_hal_pcd.o
                0x08002a9e                HAL_PCD_EP_SetStall
 .text.HAL_PCD_EP_ClrStall
                0x08002b64       0xac ./Drivers/STM32F4xx_HAL_Driver/Src/stm32f4xx_hal_pcd.o
                0x08002b64                HAL_PCD_EP_ClrStall
 .text.HAL_PCD_EP_Abort
                0x08002c10       0x62 ./Drivers/STM32F4xx_HAL_Driver/Src/stm32f4xx_hal_pcd.o
                0x08002c10                HAL_PCD_EP_Abort
 .text.PCD_WriteEmptyTxFifo
                0x08002c72      0x118 ./Drivers/STM32F4xx_HAL_Driver/Src/stm32f4xx_hal_pcd.o
 *fill*         0x08002d8a        0x2 
 .text.PCD_EP_OutXfrComplete_int
                0x08002d8c      0x1d0 ./Drivers/STM32F4xx_HAL_Driver/Src/stm32f4xx_hal_pcd.o
 .text.PCD_EP_OutSetupPacket_int
                0x08002f5c       0x8c ./Drivers/STM32F4xx_HAL_Driver/Src/stm32f4xx_hal_pcd.o
 .text.HAL_PCDEx_SetTxFiFo
                0x08002fe8       0x8e ./Drivers/STM32F4xx_HAL_Driver/Src/stm32f4xx_hal_pcd_ex.o
                0x08002fe8                HAL_PCDEx_SetTxFiFo
 .text.HAL_PCDEx_SetRxFiFo
                0x08003076       0x22 ./Drivers/STM32F4xx_HAL_Driver/Src/stm32f4xx_hal_pcd_ex.o
                0x08003076                HAL_PCDEx_SetRxFiFo
 .text.HAL_PCDEx_LPM_Callback
                0x08003098       0x18 ./Drivers/STM32F4xx_HAL_Driver/Src/stm32f4xx_hal_pcd_ex.o
                0x08003098                HAL_PCDEx_LPM_Callback
 .text.HAL_RCC_OscConfig
                0x080030b0      0x4f0 ./Drivers/STM32F4xx_HAL_Driver/Src/stm32f4xx_hal_rcc.o
                0x080030b0                HAL_RCC_OscConfig
 .text.HAL_RCC_ClockConfig
                0x080035a0      0x1cc ./Drivers/STM32F4xx_HAL_Driver/Src/stm32f4xx_hal_rcc.o
                0x080035a0                HAL_RCC_ClockConfig
 .text.HAL_RCC_GetSysClockFreq
                0x0800376c      0x18c ./Drivers/STM32F4xx_HAL_Driver/Src/stm32f4xx_hal_rcc.o
                0x0800376c                HAL_RCC_GetSysClockFreq
 .text.HAL_RCC_GetHCLKFreq
                0x080038f8       0x18 ./Drivers/STM32F4xx_HAL_Driver/Src/stm32f4xx_hal_rcc.o
                0x080038f8                HAL_RCC_GetHCLKFreq
 .text.HAL_RCC_GetPCLK1Freq
                0x08003910       0x28 ./Drivers/STM32F4xx_HAL_Driver/Src/stm32f4xx_hal_rcc.o
                0x08003910                HAL_RCC_GetPCLK1Freq
 .text.HAL_RCC_GetPCLK2Freq
                0x08003938       0x28 ./Drivers/STM32F4xx_HAL_Driver/Src/stm32f4xx_hal_rcc.o
                0x08003938                HAL_RCC_GetPCLK2Freq
 .text.HAL_RCC_GetClockConfig
                0x08003960       0x64 ./Drivers/STM32F4xx_HAL_Driver/Src/stm32f4xx_hal_rcc.o
                0x08003960                HAL_RCC_GetClockConfig
 .text.HAL_TIM_Base_Init
                0x080039c4       0x9e ./Drivers/STM32F4xx_HAL_Driver/Src/stm32f4xx_hal_tim.o
                0x080039c4                HAL_TIM_Base_Init
 .text.HAL_TIM_Base_MspInit
                0x08003a62       0x14 ./Drivers/STM32F4xx_HAL_Driver/Src/stm32f4xx_hal_tim.o
                0x08003a62                HAL_TIM_Base_MspInit
 *fill*         0x08003a76        0x2 
 .text.HAL_TIM_Base_Start_IT
                0x08003a78       0xc4 ./Drivers/STM32F4xx_HAL_Driver/Src/stm32f4xx_hal_tim.o
                0x08003a78                HAL_TIM_Base_Start_IT
 .text.HAL_TIM_IRQHandler
                0x08003b3c      0x1e0 ./Drivers/STM32F4xx_HAL_Driver/Src/stm32f4xx_hal_tim.o
                0x08003b3c                HAL_TIM_IRQHandler
 .text.HAL_TIM_OC_DelayElapsedCallback
                0x08003d1c       0x14 ./Drivers/STM32F4xx_HAL_Driver/Src/stm32f4xx_hal_tim.o
                0x08003d1c                HAL_TIM_OC_DelayElapsedCallback
 .text.HAL_TIM_IC_CaptureCallback
                0x08003d30       0x14 ./Drivers/STM32F4xx_HAL_Driver/Src/stm32f4xx_hal_tim.o
                0x08003d30                HAL_TIM_IC_CaptureCallback
 .text.HAL_TIM_PWM_PulseFinishedCallback
                0x08003d44       0x14 ./Drivers/STM32F4xx_HAL_Driver/Src/stm32f4xx_hal_tim.o
                0x08003d44                HAL_TIM_PWM_PulseFinishedCallback
 .text.HAL_TIM_TriggerCallback
                0x08003d58       0x14 ./Drivers/STM32F4xx_HAL_Driver/Src/stm32f4xx_hal_tim.o
                0x08003d58                HAL_TIM_TriggerCallback
 .text.TIM_Base_SetConfig
                0x08003d6c      0x10c ./Drivers/STM32F4xx_HAL_Driver/Src/stm32f4xx_hal_tim.o
                0x08003d6c                TIM_Base_SetConfig
 .text.HAL_TIMEx_CommutCallback
                0x08003e78       0x14 ./Drivers/STM32F4xx_HAL_Driver/Src/stm32f4xx_hal_tim_ex.o
                0x08003e78                HAL_TIMEx_CommutCallback
 .text.HAL_TIMEx_BreakCallback
                0x08003e8c       0x14 ./Drivers/STM32F4xx_HAL_Driver/Src/stm32f4xx_hal_tim_ex.o
                0x08003e8c                HAL_TIMEx_BreakCallback
 .text.HAL_UART_Init
                0x08003ea0       0xa0 ./Drivers/STM32F4xx_HAL_Driver/Src/stm32f4xx_hal_uart.o
                0x08003ea0                HAL_UART_Init
 .text.HAL_UART_Transmit
                0x08003f40      0x116 ./Drivers/STM32F4xx_HAL_Driver/Src/stm32f4xx_hal_uart.o
                0x08003f40                HAL_UART_Transmit
 .text.HAL_UART_Receive_IT
                0x08004056       0x4a ./Drivers/STM32F4xx_HAL_Driver/Src/stm32f4xx_hal_uart.o
                0x08004056                HAL_UART_Receive_IT
 .text.HAL_UART_IRQHandler
                0x080040a0      0x554 ./Drivers/STM32F4xx_HAL_Driver/Src/stm32f4xx_hal_uart.o
                0x080040a0                HAL_UART_IRQHandler
 .text.HAL_UART_TxCpltCallback
                0x080045f4       0x14 ./Drivers/STM32F4xx_HAL_Driver/Src/stm32f4xx_hal_uart.o
                0x080045f4                HAL_UART_TxCpltCallback
 .text.HAL_UART_ErrorCallback
                0x08004608       0x14 ./Drivers/STM32F4xx_HAL_Driver/Src/stm32f4xx_hal_uart.o
                0x08004608                HAL_UART_ErrorCallback
 .text.HAL_UARTEx_RxEventCallback
                0x0800461c       0x18 ./Drivers/STM32F4xx_HAL_Driver/Src/stm32f4xx_hal_uart.o
                0x0800461c                HAL_UARTEx_RxEventCallback
 .text.UART_WaitOnFlagUntilTimeout
                0x08004634       0xb2 ./Drivers/STM32F4xx_HAL_Driver/Src/stm32f4xx_hal_uart.o
 .text.UART_Start_Receive_IT
                0x080046e6       0x74 ./Drivers/STM32F4xx_HAL_Driver/Src/stm32f4xx_hal_uart.o
                0x080046e6                UART_Start_Receive_IT
 .text.UART_EndRxTransfer
                0x0800475a       0xc6 ./Drivers/STM32F4xx_HAL_Driver/Src/stm32f4xx_hal_uart.o
 .text.UART_DMAAbortOnError
                0x08004820       0x22 ./Drivers/STM32F4xx_HAL_Driver/Src/stm32f4xx_hal_uart.o
 .text.UART_Transmit_IT
                0x08004842       0xa0 ./Drivers/STM32F4xx_HAL_Driver/Src/stm32f4xx_hal_uart.o
 .text.UART_EndTransmit_IT
                0x080048e2       0x30 ./Drivers/STM32F4xx_HAL_Driver/Src/stm32f4xx_hal_uart.o
 .text.UART_Receive_IT
                0x08004912      0x17c ./Drivers/STM32F4xx_HAL_Driver/Src/stm32f4xx_hal_uart.o
 *fill*         0x08004a8e        0x2 
 .text.UART_SetConfig
                0x08004a90      0x4e8 ./Drivers/STM32F4xx_HAL_Driver/Src/stm32f4xx_hal_uart.o
 .text.USB_CoreInit
                0x08004f78       0xc8 ./Drivers/STM32F4xx_HAL_Driver/Src/stm32f4xx_ll_usb.o
                0x08004f78                USB_CoreInit
 .text.USB_SetTurnaroundTime
                0x08005040      0x144 ./Drivers/STM32F4xx_HAL_Driver/Src/stm32f4xx_ll_usb.o
                0x08005040                USB_SetTurnaroundTime
 .text.USB_EnableGlobalInt
                0x08005184       0x22 ./Drivers/STM32F4xx_HAL_Driver/Src/stm32f4xx_ll_usb.o
                0x08005184                USB_EnableGlobalInt
 .text.USB_DisableGlobalInt
                0x080051a6       0x22 ./Drivers/STM32F4xx_HAL_Driver/Src/stm32f4xx_ll_usb.o
                0x080051a6                USB_DisableGlobalInt
 .text.USB_SetCurrentMode
                0x080051c8       0x98 ./Drivers/STM32F4xx_HAL_Driver/Src/stm32f4xx_ll_usb.o
                0x080051c8                USB_SetCurrentMode
 .text.USB_DevInit
                0x08005260      0x2c8 ./Drivers/STM32F4xx_HAL_Driver/Src/stm32f4xx_ll_usb.o
                0x08005260                USB_DevInit
 .text.USB_FlushTxFifo
                0x08005528       0x64 ./Drivers/STM32F4xx_HAL_Driver/Src/stm32f4xx_ll_usb.o
                0x08005528                USB_FlushTxFifo
 .text.USB_FlushRxFifo
                0x0800558c       0x5c ./Drivers/STM32F4xx_HAL_Driver/Src/stm32f4xx_ll_usb.o
                0x0800558c                USB_FlushRxFifo
 .text.USB_SetDevSpeed
                0x080055e8       0x32 ./Drivers/STM32F4xx_HAL_Driver/Src/stm32f4xx_ll_usb.o
                0x080055e8                USB_SetDevSpeed
 .text.USB_GetDevSpeed
                0x0800561a       0x4a ./Drivers/STM32F4xx_HAL_Driver/Src/stm32f4xx_ll_usb.o
                0x0800561a                USB_GetDevSpeed
 .text.USB_ActivateEndpoint
                0x08005664      0x10e ./Drivers/STM32F4xx_HAL_Driver/Src/stm32f4xx_ll_usb.o
                0x08005664                USB_ActivateEndpoint
 *fill*         0x08005772        0x2 
 .text.USB_DeactivateEndpoint
                0x08005774      0x1b8 ./Drivers/STM32F4xx_HAL_Driver/Src/stm32f4xx_ll_usb.o
                0x08005774                USB_DeactivateEndpoint
 .text.USB_EPStartXfer
                0x0800592c      0x53c ./Drivers/STM32F4xx_HAL_Driver/Src/stm32f4xx_ll_usb.o
                0x0800592c                USB_EPStartXfer
 .text.USB_EPStopXfer
                0x08005e68      0x154 ./Drivers/STM32F4xx_HAL_Driver/Src/stm32f4xx_ll_usb.o
                0x08005e68                USB_EPStopXfer
 .text.USB_WritePacket
                0x08005fbc       0x7c ./Drivers/STM32F4xx_HAL_Driver/Src/stm32f4xx_ll_usb.o
                0x08005fbc                USB_WritePacket
 .text.USB_ReadPacket
                0x08006038       0xb0 ./Drivers/STM32F4xx_HAL_Driver/Src/stm32f4xx_ll_usb.o
                0x08006038                USB_ReadPacket
 .text.USB_EPSetStall
                0x080060e8       0xdc ./Drivers/STM32F4xx_HAL_Driver/Src/stm32f4xx_ll_usb.o
                0x080060e8                USB_EPSetStall
 .text.USB_EPClearStall
                0x080061c4       0xcc ./Drivers/STM32F4xx_HAL_Driver/Src/stm32f4xx_ll_usb.o
                0x080061c4                USB_EPClearStall
 .text.USB_SetDevAddress
                0x08006290       0x4c ./Drivers/STM32F4xx_HAL_Driver/Src/stm32f4xx_ll_usb.o
                0x08006290                USB_SetDevAddress
 .text.USB_DevConnect
                0x080062dc       0x42 ./Drivers/STM32F4xx_HAL_Driver/Src/stm32f4xx_ll_usb.o
                0x080062dc                USB_DevConnect
 .text.USB_DevDisconnect
                0x0800631e       0x42 ./Drivers/STM32F4xx_HAL_Driver/Src/stm32f4xx_ll_usb.o
                0x0800631e                USB_DevDisconnect
 .text.USB_ReadInterrupts
                0x08006360       0x26 ./Drivers/STM32F4xx_HAL_Driver/Src/stm32f4xx_ll_usb.o
                0x08006360                USB_ReadInterrupts
 .text.USB_ReadDevAllOutEpInterrupt
                0x08006386       0x34 ./Drivers/STM32F4xx_HAL_Driver/Src/stm32f4xx_ll_usb.o
                0x08006386                USB_ReadDevAllOutEpInterrupt
 .text.USB_ReadDevAllInEpInterrupt
                0x080063ba       0x34 ./Drivers/STM32F4xx_HAL_Driver/Src/stm32f4xx_ll_usb.o
                0x080063ba                USB_ReadDevAllInEpInterrupt
 .text.USB_ReadDevOutEPInterrupt
                0x080063ee       0x3c ./Drivers/STM32F4xx_HAL_Driver/Src/stm32f4xx_ll_usb.o
                0x080063ee                USB_ReadDevOutEPInterrupt
 .text.USB_ReadDevInEPInterrupt
                0x0800642a       0x5c ./Drivers/STM32F4xx_HAL_Driver/Src/stm32f4xx_ll_usb.o
                0x0800642a                USB_ReadDevInEPInterrupt
 .text.USB_GetMode
                0x08006486       0x1c ./Drivers/STM32F4xx_HAL_Driver/Src/stm32f4xx_ll_usb.o
                0x08006486                USB_GetMode
 .text.USB_ActivateSetup
                0x080064a2       0x46 ./Drivers/STM32F4xx_HAL_Driver/Src/stm32f4xx_ll_usb.o
                0x080064a2                USB_ActivateSetup
 .text.USB_EP0_OutStart
                0x080064e8       0xbc ./Drivers/STM32F4xx_HAL_Driver/Src/stm32f4xx_ll_usb.o
                0x080064e8                USB_EP0_OutStart
 .text.USB_CoreReset
                0x080065a4       0x70 ./Drivers/STM32F4xx_HAL_Driver/Src/stm32f4xx_ll_usb.o
 .text.USBD_CDC_Init
                0x08006614      0x1f0 ./Middlewares/ST/STM32_USB_Device_Library/Class/CDC/Src/usbd_cdc.o
 .text.USBD_CDC_DeInit
                0x08006804      0x104 ./Middlewares/ST/STM32_USB_Device_Library/Class/CDC/Src/usbd_cdc.o
 .text.USBD_CDC_Setup
                0x08006908      0x1b8 ./Middlewares/ST/STM32_USB_Device_Library/Class/CDC/Src/usbd_cdc.o
 .text.USBD_CDC_DataIn
                0x08006ac0       0xfe ./Middlewares/ST/STM32_USB_Device_Library/Class/CDC/Src/usbd_cdc.o
 .text.USBD_CDC_DataOut
                0x08006bbe       0x70 ./Middlewares/ST/STM32_USB_Device_Library/Class/CDC/Src/usbd_cdc.o
 .text.USBD_CDC_EP0_RxReady
                0x08006c2e       0x74 ./Middlewares/ST/STM32_USB_Device_Library/Class/CDC/Src/usbd_cdc.o
 *fill*         0x08006ca2        0x2 
 .text.USBD_CDC_GetFSCfgDesc
                0x08006ca4       0x70 ./Middlewares/ST/STM32_USB_Device_Library/Class/CDC/Src/usbd_cdc.o
 .text.USBD_CDC_GetHSCfgDesc
                0x08006d14       0x70 ./Middlewares/ST/STM32_USB_Device_Library/Class/CDC/Src/usbd_cdc.o
 .text.USBD_CDC_GetOtherSpeedCfgDesc
                0x08006d84       0x70 ./Middlewares/ST/STM32_USB_Device_Library/Class/CDC/Src/usbd_cdc.o
 .text.USBD_CDC_GetDeviceQualifierDescriptor
                0x08006df4       0x20 ./Middlewares/ST/STM32_USB_Device_Library/Class/CDC/Src/usbd_cdc.o
                0x08006df4                USBD_CDC_GetDeviceQualifierDescriptor
 .text.USBD_CDC_RegisterInterface
                0x08006e14       0x34 ./Middlewares/ST/STM32_USB_Device_Library/Class/CDC/Src/usbd_cdc.o
                0x08006e14                USBD_CDC_RegisterInterface
 .text.USBD_CDC_SetTxBuffer
                0x08006e48       0x44 ./Middlewares/ST/STM32_USB_Device_Library/Class/CDC/Src/usbd_cdc.o
                0x08006e48                USBD_CDC_SetTxBuffer
 .text.USBD_CDC_SetRxBuffer
                0x08006e8c       0x3a ./Middlewares/ST/STM32_USB_Device_Library/Class/CDC/Src/usbd_cdc.o
                0x08006e8c                USBD_CDC_SetRxBuffer
 *fill*         0x08006ec6        0x2 
 .text.USBD_CDC_TransmitPacket
                0x08006ec8       0x80 ./Middlewares/ST/STM32_USB_Device_Library/Class/CDC/Src/usbd_cdc.o
                0x08006ec8                USBD_CDC_TransmitPacket
 .text.USBD_CDC_ReceivePacket
                0x08006f48       0x6c ./Middlewares/ST/STM32_USB_Device_Library/Class/CDC/Src/usbd_cdc.o
                0x08006f48                USBD_CDC_ReceivePacket
 .text.USBD_Init
                0x08006fb4       0x60 ./Middlewares/ST/STM32_USB_Device_Library/Core/Src/usbd_core.o
                0x08006fb4                USBD_Init
 .text.USBD_RegisterClass
                0x08007014       0x6c ./Middlewares/ST/STM32_USB_Device_Library/Core/Src/usbd_core.o
                0x08007014                USBD_RegisterClass
 .text.USBD_Start
                0x08007080       0x18 ./Middlewares/ST/STM32_USB_Device_Library/Core/Src/usbd_core.o
                0x08007080                USBD_Start
 .text.USBD_RunTestMode
                0x08007098       0x16 ./Middlewares/ST/STM32_USB_Device_Library/Core/Src/usbd_core.o
                0x08007098                USBD_RunTestMode
 .text.USBD_SetClassConfig
                0x080070ae       0x38 ./Middlewares/ST/STM32_USB_Device_Library/Core/Src/usbd_core.o
                0x080070ae                USBD_SetClassConfig
 .text.USBD_ClrClassConfig
                0x080070e6       0x34 ./Middlewares/ST/STM32_USB_Device_Library/Core/Src/usbd_core.o
                0x080070e6                USBD_ClrClassConfig
 .text.USBD_LL_SetupStage
                0x0800711a       0xaa ./Middlewares/ST/STM32_USB_Device_Library/Core/Src/usbd_core.o
                0x0800711a                USBD_LL_SetupStage
 .text.USBD_LL_DataOutStage
                0x080071c4      0x178 ./Middlewares/ST/STM32_USB_Device_Library/Core/Src/usbd_core.o
                0x080071c4                USBD_LL_DataOutStage
 .text.USBD_LL_DataInStage
                0x0800733c      0x176 ./Middlewares/ST/STM32_USB_Device_Library/Core/Src/usbd_core.o
                0x0800733c                USBD_LL_DataInStage
 .text.USBD_LL_Reset
                0x080074b2       0xa6 ./Middlewares/ST/STM32_USB_Device_Library/Core/Src/usbd_core.o
                0x080074b2                USBD_LL_Reset
 .text.USBD_LL_SetSpeed
                0x08007558       0x20 ./Middlewares/ST/STM32_USB_Device_Library/Core/Src/usbd_core.o
                0x08007558                USBD_LL_SetSpeed
 .text.USBD_LL_Suspend
                0x08007578       0x38 ./Middlewares/ST/STM32_USB_Device_Library/Core/Src/usbd_core.o
                0x08007578                USBD_LL_Suspend
 .text.USBD_LL_Resume
                0x080075b0       0x30 ./Middlewares/ST/STM32_USB_Device_Library/Core/Src/usbd_core.o
                0x080075b0                USBD_LL_Resume
 .text.USBD_LL_SOF
                0x080075e0       0x40 ./Middlewares/ST/STM32_USB_Device_Library/Core/Src/usbd_core.o
                0x080075e0                USBD_LL_SOF
 .text.USBD_LL_IsoINIncomplete
                0x08007620       0x64 ./Middlewares/ST/STM32_USB_Device_Library/Core/Src/usbd_core.o
                0x08007620                USBD_LL_IsoINIncomplete
 .text.USBD_LL_IsoOUTIncomplete
                0x08007684       0x64 ./Middlewares/ST/STM32_USB_Device_Library/Core/Src/usbd_core.o
                0x08007684                USBD_LL_IsoOUTIncomplete
 .text.USBD_LL_DevConnected
                0x080076e8       0x16 ./Middlewares/ST/STM32_USB_Device_Library/Core/Src/usbd_core.o
                0x080076e8                USBD_LL_DevConnected
 .text.USBD_LL_DevDisconnected
                0x080076fe       0x46 ./Middlewares/ST/STM32_USB_Device_Library/Core/Src/usbd_core.o
                0x080076fe                USBD_LL_DevDisconnected
 .text.USBD_CoreFindIF
                0x08007744       0x1a ./Middlewares/ST/STM32_USB_Device_Library/Core/Src/usbd_core.o
                0x08007744                USBD_CoreFindIF
 .text.USBD_CoreFindEP
                0x0800775e       0x1a ./Middlewares/ST/STM32_USB_Device_Library/Core/Src/usbd_core.o
                0x0800775e                USBD_CoreFindEP
 .text.USBD_GetEpDesc
                0x08007778       0x70 ./Middlewares/ST/STM32_USB_Device_Library/Core/Src/usbd_core.o
                0x08007778                USBD_GetEpDesc
 .text.USBD_GetNextDesc
                0x080077e8       0x38 ./Middlewares/ST/STM32_USB_Device_Library/Core/Src/usbd_core.o
                0x080077e8                USBD_GetNextDesc
 .text.SWAPBYTE
                0x08007820       0x3e ./Middlewares/ST/STM32_USB_Device_Library/Core/Src/usbd_ctlreq.o
 *fill*         0x0800785e        0x2 
 .text.USBD_StdDevReq
                0x08007860       0xe4 ./Middlewares/ST/STM32_USB_Device_Library/Core/Src/usbd_ctlreq.o
                0x08007860                USBD_StdDevReq
 .text.USBD_StdItfReq
                0x08007944       0xd8 ./Middlewares/ST/STM32_USB_Device_Library/Core/Src/usbd_ctlreq.o
                0x08007944                USBD_StdItfReq
 .text.USBD_StdEPReq
                0x08007a1c      0x33e ./Middlewares/ST/STM32_USB_Device_Library/Core/Src/usbd_ctlreq.o
                0x08007a1c                USBD_StdEPReq
 *fill*         0x08007d5a        0x2 
 .text.USBD_GetDescriptor
                0x08007d5c      0x2d4 ./Middlewares/ST/STM32_USB_Device_Library/Core/Src/usbd_ctlreq.o
 .text.USBD_SetAddress
                0x08008030       0x88 ./Middlewares/ST/STM32_USB_Device_Library/Core/Src/usbd_ctlreq.o
 .text.USBD_SetConfig
                0x080080b8      0x154 ./Middlewares/ST/STM32_USB_Device_Library/Core/Src/usbd_ctlreq.o
 .text.USBD_GetConfig
                0x0800820c       0x6c ./Middlewares/ST/STM32_USB_Device_Library/Core/Src/usbd_ctlreq.o
 .text.USBD_GetStatus
                0x08008278       0x68 ./Middlewares/ST/STM32_USB_Device_Library/Core/Src/usbd_ctlreq.o
 .text.USBD_SetFeature
                0x080082e0       0x52 ./Middlewares/ST/STM32_USB_Device_Library/Core/Src/usbd_ctlreq.o
 .text.USBD_ClrFeature
                0x08008332       0x44 ./Middlewares/ST/STM32_USB_Device_Library/Core/Src/usbd_ctlreq.o
 .text.USBD_ParseSetupRequest
                0x08008376       0x74 ./Middlewares/ST/STM32_USB_Device_Library/Core/Src/usbd_ctlreq.o
                0x08008376                USBD_ParseSetupRequest
 .text.USBD_CtlError
                0x080083ea       0x22 ./Middlewares/ST/STM32_USB_Device_Library/Core/Src/usbd_ctlreq.o
                0x080083ea                USBD_CtlError
 .text.USBD_GetString
                0x0800840c       0xa4 ./Middlewares/ST/STM32_USB_Device_Library/Core/Src/usbd_ctlreq.o
                0x0800840c                USBD_GetString
 .text.USBD_GetLen
                0x080084b0       0x34 ./Middlewares/ST/STM32_USB_Device_Library/Core/Src/usbd_ctlreq.o
 .text.USBD_CtlSendData
                0x080084e4       0x3c ./Middlewares/ST/STM32_USB_Device_Library/Core/Src/usbd_ioreq.o
                0x080084e4                USBD_CtlSendData
 .text.USBD_CtlContinueSendData
                0x08008520       0x22 ./Middlewares/ST/STM32_USB_Device_Library/Core/Src/usbd_ioreq.o
                0x08008520                USBD_CtlContinueSendData
 .text.USBD_CtlPrepareRx
                0x08008542       0x42 ./Middlewares/ST/STM32_USB_Device_Library/Core/Src/usbd_ioreq.o
                0x08008542                USBD_CtlPrepareRx
 .text.USBD_CtlContinueRx
                0x08008584       0x22 ./Middlewares/ST/STM32_USB_Device_Library/Core/Src/usbd_ioreq.o
                0x08008584                USBD_CtlContinueRx
 .text.USBD_CtlSendStatus
                0x080085a6       0x26 ./Middlewares/ST/STM32_USB_Device_Library/Core/Src/usbd_ioreq.o
                0x080085a6                USBD_CtlSendStatus
 .text.USBD_CtlReceiveStatus
                0x080085cc       0x26 ./Middlewares/ST/STM32_USB_Device_Library/Core/Src/usbd_ioreq.o
                0x080085cc                USBD_CtlReceiveStatus
 .text.makeFreeRtosPriority
                0x080085f2       0x30 ./Middlewares/Third_Party/FreeRTOS/Source/CMSIS_RTOS/cmsis_os.o
 .text.inHandlerMode
                0x08008622       0x24 ./Middlewares/Third_Party/FreeRTOS/Source/CMSIS_RTOS/cmsis_os.o
 .text.osKernelStart
                0x08008646        0xe ./Middlewares/Third_Party/FreeRTOS/Source/CMSIS_RTOS/cmsis_os.o
                0x08008646                osKernelStart
 .text.osKernelSysTick
                0x08008654       0x20 ./Middlewares/Third_Party/FreeRTOS/Source/CMSIS_RTOS/cmsis_os.o
                0x08008654                osKernelSysTick
 .text.osThreadCreate
                0x08008674       0x98 ./Middlewares/Third_Party/FreeRTOS/Source/CMSIS_RTOS/cmsis_os.o
                0x08008674                osThreadCreate
 .text.osDelay  0x0800870c       0x28 ./Middlewares/Third_Party/FreeRTOS/Source/CMSIS_RTOS/cmsis_os.o
                0x0800870c                osDelay
 .text.osMessageCreate
                0x08008734       0x50 ./Middlewares/Third_Party/FreeRTOS/Source/CMSIS_RTOS/cmsis_os.o
                0x08008734                osMessageCreate
 .text.osMessagePut
                0x08008784       0x80 ./Middlewares/Third_Party/FreeRTOS/Source/CMSIS_RTOS/cmsis_os.o
                0x08008784                osMessagePut
 .text.osMessageGet
                0x08008804       0xe8 ./Middlewares/Third_Party/FreeRTOS/Source/CMSIS_RTOS/cmsis_os.o
                0x08008804                osMessageGet
 .text.vListInitialise
                0x080088ec       0x40 ./Middlewares/Third_Party/FreeRTOS/Source/list.o
                0x080088ec                vListInitialise
 .text.vListInitialiseItem
                0x0800892c       0x1a ./Middlewares/Third_Party/FreeRTOS/Source/list.o
                0x0800892c                vListInitialiseItem
 .text.vListInsertEnd
                0x08008946       0x48 ./Middlewares/Third_Party/FreeRTOS/Source/list.o
                0x08008946                vListInsertEnd
 .text.vListInsert
                0x0800898e       0x72 ./Middlewares/Third_Party/FreeRTOS/Source/list.o
                0x0800898e                vListInsert
 .text.uxListRemove
                0x08008a00       0x54 ./Middlewares/Third_Party/FreeRTOS/Source/list.o
                0x08008a00                uxListRemove
 .text.xQueueGenericReset
                0x08008a54       0xd4 ./Middlewares/Third_Party/FreeRTOS/Source/queue.o
                0x08008a54                xQueueGenericReset
 .text.xQueueGenericCreateStatic
                0x08008b28       0xfa ./Middlewares/Third_Party/FreeRTOS/Source/queue.o
                0x08008b28                xQueueGenericCreateStatic
 .text.xQueueGenericCreate
                0x08008c22       0x76 ./Middlewares/Third_Party/FreeRTOS/Source/queue.o
                0x08008c22                xQueueGenericCreate
 .text.prvInitialiseNewQueue
                0x08008c98       0x3e ./Middlewares/Third_Party/FreeRTOS/Source/queue.o
 *fill*         0x08008cd6        0x2 
 .text.xQueueGenericSend
                0x08008cd8      0x204 ./Middlewares/Third_Party/FreeRTOS/Source/queue.o
                0x08008cd8                xQueueGenericSend
 .text.xQueueGenericSendFromISR
                0x08008edc      0x13c ./Middlewares/Third_Party/FreeRTOS/Source/queue.o
                0x08008edc                xQueueGenericSendFromISR
 .text.xQueueReceive
                0x08009018      0x1c4 ./Middlewares/Third_Party/FreeRTOS/Source/queue.o
                0x08009018                xQueueReceive
 .text.xQueueReceiveFromISR
                0x080091dc      0x104 ./Middlewares/Third_Party/FreeRTOS/Source/queue.o
                0x080091dc                xQueueReceiveFromISR
 .text.prvCopyDataToQueue
                0x080092e0       0xd4 ./Middlewares/Third_Party/FreeRTOS/Source/queue.o
 .text.prvCopyDataFromQueue
                0x080093b4       0x4c ./Middlewares/Third_Party/FreeRTOS/Source/queue.o
 .text.prvUnlockQueue
                0x08009400       0xa4 ./Middlewares/Third_Party/FreeRTOS/Source/queue.o
 .text.prvIsQueueEmpty
                0x080094a4       0x2c ./Middlewares/Third_Party/FreeRTOS/Source/queue.o
 .text.prvIsQueueFull
                0x080094d0       0x30 ./Middlewares/Third_Party/FreeRTOS/Source/queue.o
 .text.xTaskCreateStatic
                0x08009500       0xc0 ./Middlewares/Third_Party/FreeRTOS/Source/tasks.o
                0x08009500                xTaskCreateStatic
 .text.xTaskCreate
                0x080095c0       0x8a ./Middlewares/Third_Party/FreeRTOS/Source/tasks.o
                0x080095c0                xTaskCreate
 *fill*         0x0800964a        0x2 
 .text.prvInitialiseNewTask
                0x0800964c      0x140 ./Middlewares/Third_Party/FreeRTOS/Source/tasks.o
 .text.prvAddNewTaskToReadyList
                0x0800978c       0xd4 ./Middlewares/Third_Party/FreeRTOS/Source/tasks.o
 .text.vTaskDelay
                0x08009860       0x6c ./Middlewares/Third_Party/FreeRTOS/Source/tasks.o
                0x08009860                vTaskDelay
 .text.vTaskStartScheduler
                0x080098cc       0xd4 ./Middlewares/Third_Party/FreeRTOS/Source/tasks.o
                0x080098cc                vTaskStartScheduler
 .text.vTaskSuspendAll
                0x080099a0       0x1c ./Middlewares/Third_Party/FreeRTOS/Source/tasks.o
                0x080099a0                vTaskSuspendAll
 .text.xTaskResumeAll
                0x080099bc      0x13c ./Middlewares/Third_Party/FreeRTOS/Source/tasks.o
                0x080099bc                xTaskResumeAll
 .text.xTaskGetTickCount
                0x08009af8       0x20 ./Middlewares/Third_Party/FreeRTOS/Source/tasks.o
                0x08009af8                xTaskGetTickCount
 .text.xTaskGetTickCountFromISR
                0x08009b18       0x24 ./Middlewares/Third_Party/FreeRTOS/Source/tasks.o
                0x08009b18                xTaskGetTickCountFromISR
 .text.xTaskIncrementTick
                0x08009b3c      0x174 ./Middlewares/Third_Party/FreeRTOS/Source/tasks.o
                0x08009b3c                xTaskIncrementTick
 .text.vTaskSwitchContext
                0x08009cb0       0xc8 ./Middlewares/Third_Party/FreeRTOS/Source/tasks.o
                0x08009cb0                vTaskSwitchContext
 .text.vTaskPlaceOnEventList
                0x08009d78       0x4c ./Middlewares/Third_Party/FreeRTOS/Source/tasks.o
                0x08009d78                vTaskPlaceOnEventList
 .text.xTaskRemoveFromEventList
                0x08009dc4       0xc8 ./Middlewares/Third_Party/FreeRTOS/Source/tasks.o
                0x08009dc4                xTaskRemoveFromEventList
 .text.vTaskInternalSetTimeOutState
                0x08009e8c       0x2c ./Middlewares/Third_Party/FreeRTOS/Source/tasks.o
                0x08009e8c                vTaskInternalSetTimeOutState
 .text.xTaskCheckForTimeOut
                0x08009eb8       0xc8 ./Middlewares/Third_Party/FreeRTOS/Source/tasks.o
                0x08009eb8                xTaskCheckForTimeOut
 .text.vTaskMissedYield
                0x08009f80       0x18 ./Middlewares/Third_Party/FreeRTOS/Source/tasks.o
                0x08009f80                vTaskMissedYield
 .text.prvIdleTask
                0x08009f98       0x30 ./Middlewares/Third_Party/FreeRTOS/Source/tasks.o
 .text.prvInitialiseTaskLists
                0x08009fc8       0x80 ./Middlewares/Third_Party/FreeRTOS/Source/tasks.o
 .text.prvCheckTasksWaitingTermination
                0x0800a048       0x5c ./Middlewares/Third_Party/FreeRTOS/Source/tasks.o
 .text.prvDeleteTCB
                0x0800a0a4       0x6a ./Middlewares/Third_Party/FreeRTOS/Source/tasks.o
 *fill*         0x0800a10e        0x2 
 .text.prvResetNextTaskUnblockTime
                0x0800a110       0x40 ./Middlewares/Third_Party/FreeRTOS/Source/tasks.o
 .text.xTaskGetSchedulerState
                0x0800a150       0x3c ./Middlewares/Third_Party/FreeRTOS/Source/tasks.o
                0x0800a150                xTaskGetSchedulerState
 .text.xTaskPriorityDisinherit
                0x0800a18c      0x110 ./Middlewares/Third_Party/FreeRTOS/Source/tasks.o
                0x0800a18c                xTaskPriorityDisinherit
 .text.ulTaskNotifyTake
                0x0800a29c       0x98 ./Middlewares/Third_Party/FreeRTOS/Source/tasks.o
                0x0800a29c                ulTaskNotifyTake
 .text.xTaskGenericNotify
                0x0800a334      0x184 ./Middlewares/Third_Party/FreeRTOS/Source/tasks.o
                0x0800a334                xTaskGenericNotify
 .text.prvAddCurrentTaskToDelayedList
                0x0800a4b8       0xcc ./Middlewares/Third_Party/FreeRTOS/Source/tasks.o
 .text.pxPortInitialiseStack
                0x0800a584       0x68 ./Middlewares/Third_Party/FreeRTOS/Source/portable/GCC/ARM_CM4F/port.o
                0x0800a584                pxPortInitialiseStack
 .text.prvTaskExitError
                0x0800a5ec       0x5c ./Middlewares/Third_Party/FreeRTOS/Source/portable/GCC/ARM_CM4F/port.o
 *fill*         0x0800a648        0x8 
 .text.SVC_Handler
                0x0800a650       0x28 ./Middlewares/Third_Party/FreeRTOS/Source/portable/GCC/ARM_CM4F/port.o
                0x0800a650                SVC_Handler
 .text.prvPortStartFirstTask
                0x0800a678       0x28 ./Middlewares/Third_Party/FreeRTOS/Source/portable/GCC/ARM_CM4F/port.o
 .text.xPortStartScheduler
                0x0800a6a0      0x148 ./Middlewares/Third_Party/FreeRTOS/Source/portable/GCC/ARM_CM4F/port.o
                0x0800a6a0                xPortStartScheduler
 .text.vPortEnterCritical
                0x0800a7e8       0x64 ./Middlewares/Third_Party/FreeRTOS/Source/portable/GCC/ARM_CM4F/port.o
                0x0800a7e8                vPortEnterCritical
 .text.vPortExitCritical
                0x0800a84c       0x54 ./Middlewares/Third_Party/FreeRTOS/Source/portable/GCC/ARM_CM4F/port.o
                0x0800a84c                vPortExitCritical
 .text.PendSV_Handler
                0x0800a8a0       0x68 ./Middlewares/Third_Party/FreeRTOS/Source/portable/GCC/ARM_CM4F/port.o
                0x0800a8a0                PendSV_Handler
 .text.SysTick_Handler
                0x0800a908       0x44 ./Middlewares/Third_Party/FreeRTOS/Source/portable/GCC/ARM_CM4F/port.o
                0x0800a908                SysTick_Handler
 .text.vPortSetupTimerInterrupt
                0x0800a94c       0x48 ./Middlewares/Third_Party/FreeRTOS/Source/portable/GCC/ARM_CM4F/port.o
                0x0800a94c                vPortSetupTimerInterrupt
 .text.vPortEnableVFP
                0x0800a994       0x14 ./Middlewares/Third_Party/FreeRTOS/Source/portable/GCC/ARM_CM4F/port.o
 .text.vPortValidateInterruptPriority
                0x0800a9a8       0x84 ./Middlewares/Third_Party/FreeRTOS/Source/portable/GCC/ARM_CM4F/port.o
                0x0800a9a8                vPortValidateInterruptPriority
 .text.pvPortMalloc
                0x0800aa2c      0x19c ./Middlewares/Third_Party/FreeRTOS/Source/portable/MemMang/heap_4.o
                0x0800aa2c                pvPortMalloc
 .text.vPortFree
                0x0800abc8       0xc8 ./Middlewares/Third_Party/FreeRTOS/Source/portable/MemMang/heap_4.o
                0x0800abc8                vPortFree
 .text.prvHeapInit
                0x0800ac90       0xc4 ./Middlewares/Third_Party/FreeRTOS/Source/portable/MemMang/heap_4.o
 .text.prvInsertBlockIntoFreeList
                0x0800ad54       0xb4 ./Middlewares/Third_Party/FreeRTOS/Source/portable/MemMang/heap_4.o
 .text.MX_USB_DEVICE_Init
                0x0800ae08       0x60 ./USB_DEVICE/App/usb_device.o
                0x0800ae08                MX_USB_DEVICE_Init
 .text.CDC_Init_FS
                0x0800ae68       0x28 ./USB_DEVICE/App/usbd_cdc_if.o
 .text.CDC_DeInit_FS
                0x0800ae90       0x10 ./USB_DEVICE/App/usbd_cdc_if.o
 .text.CDC_Control_FS
                0x0800aea0       0xbc ./USB_DEVICE/App/usbd_cdc_if.o
 .text.CDC_Receive_FS
                0x0800af5c       0x28 ./USB_DEVICE/App/usbd_cdc_if.o
 .text.CDC_Transmit_FS
                0x0800af84       0x4c ./USB_DEVICE/App/usbd_cdc_if.o
                0x0800af84                CDC_Transmit_FS
 .text.CDC_TransmitCplt_FS
                0x0800afd0       0x22 ./USB_DEVICE/App/usbd_cdc_if.o
 *fill*         0x0800aff2        0x2 
 .text.USBD_FS_DeviceDescriptor
                0x0800aff4       0x24 ./USB_DEVICE/App/usbd_desc.o
                0x0800aff4                USBD_FS_DeviceDescriptor
 .text.USBD_FS_LangIDStrDescriptor
                0x0800b018       0x24 ./USB_DEVICE/App/usbd_desc.o
                0x0800b018                USBD_FS_LangIDStrDescriptor
 .text.USBD_FS_ProductStrDescriptor
                0x0800b03c       0x3c ./USB_DEVICE/App/usbd_desc.o
                0x0800b03c                USBD_FS_ProductStrDescriptor
 .text.USBD_FS_ManufacturerStrDescriptor
                0x0800b078       0x28 ./USB_DEVICE/App/usbd_desc.o
                0x0800b078                USBD_FS_ManufacturerStrDescriptor
 .text.USBD_FS_SerialStrDescriptor
                0x0800b0a0       0x24 ./USB_DEVICE/App/usbd_desc.o
                0x0800b0a0                USBD_FS_SerialStrDescriptor
 .text.USBD_FS_ConfigStrDescriptor
                0x0800b0c4       0x3c ./USB_DEVICE/App/usbd_desc.o
                0x0800b0c4                USBD_FS_ConfigStrDescriptor
 .text.USBD_FS_InterfaceStrDescriptor
                0x0800b100       0x3c ./USB_DEVICE/App/usbd_desc.o
                0x0800b100                USBD_FS_InterfaceStrDescriptor
 .text.Get_SerialNum
                0x0800b13c       0x58 ./USB_DEVICE/App/usbd_desc.o
 .text.IntToUnicode
                0x0800b194       0x7e ./USB_DEVICE/App/usbd_desc.o
 *fill*         0x0800b212        0x2 
 .text.HAL_PCD_MspInit
                0x0800b214       0xa8 ./USB_DEVICE/Target/usbd_conf.o
                0x0800b214                HAL_PCD_MspInit
 .text.HAL_PCD_SetupStageCallback
                0x0800b2bc       0x24 ./USB_DEVICE/Target/usbd_conf.o
                0x0800b2bc                HAL_PCD_SetupStageCallback
 .text.HAL_PCD_DataOutStageCallback
                0x0800b2e0       0x36 ./USB_DEVICE/Target/usbd_conf.o
                0x0800b2e0                HAL_PCD_DataOutStageCallback
 .text.HAL_PCD_DataInStageCallback
                0x0800b316       0x34 ./USB_DEVICE/Target/usbd_conf.o
                0x0800b316                HAL_PCD_DataInStageCallback
 .text.HAL_PCD_SOFCallback
                0x0800b34a       0x1c ./USB_DEVICE/Target/usbd_conf.o
                0x0800b34a                HAL_PCD_SOFCallback
 .text.HAL_PCD_ResetCallback
                0x0800b366       0x3c ./USB_DEVICE/Target/usbd_conf.o
                0x0800b366                HAL_PCD_ResetCallback
 *fill*         0x0800b3a2        0x2 
 .text.HAL_PCD_SuspendCallback
                0x0800b3a4       0x4c ./USB_DEVICE/Target/usbd_conf.o
                0x0800b3a4                HAL_PCD_SuspendCallback
 .text.HAL_PCD_ResumeCallback
                0x0800b3f0       0x1c ./USB_DEVICE/Target/usbd_conf.o
                0x0800b3f0                HAL_PCD_ResumeCallback
 .text.HAL_PCD_ISOOUTIncompleteCallback
                0x0800b40c       0x24 ./USB_DEVICE/Target/usbd_conf.o
                0x0800b40c                HAL_PCD_ISOOUTIncompleteCallback
 .text.HAL_PCD_ISOINIncompleteCallback
                0x0800b430       0x24 ./USB_DEVICE/Target/usbd_conf.o
                0x0800b430                HAL_PCD_ISOINIncompleteCallback
 .text.HAL_PCD_ConnectCallback
                0x0800b454       0x1c ./USB_DEVICE/Target/usbd_conf.o
                0x0800b454                HAL_PCD_ConnectCallback
 .text.HAL_PCD_DisconnectCallback
                0x0800b470       0x1c ./USB_DEVICE/Target/usbd_conf.o
                0x0800b470                HAL_PCD_DisconnectCallback
 .text.USBD_LL_Init
                0x0800b48c       0x98 ./USB_DEVICE/Target/usbd_conf.o
                0x0800b48c                USBD_LL_Init
 .text.USBD_LL_Start
                0x0800b524       0x36 ./USB_DEVICE/Target/usbd_conf.o
                0x0800b524                USBD_LL_Start
 .text.USBD_LL_OpenEP
                0x0800b55a       0x4c ./USB_DEVICE/Target/usbd_conf.o
                0x0800b55a                USBD_LL_OpenEP
 .text.USBD_LL_CloseEP
                0x0800b5a6       0x3e ./USB_DEVICE/Target/usbd_conf.o
                0x0800b5a6                USBD_LL_CloseEP
 .text.USBD_LL_StallEP
                0x0800b5e4       0x3e ./USB_DEVICE/Target/usbd_conf.o
                0x0800b5e4                USBD_LL_StallEP
 .text.USBD_LL_ClearStallEP
                0x0800b622       0x3e ./USB_DEVICE/Target/usbd_conf.o
                0x0800b622                USBD_LL_ClearStallEP
 .text.USBD_LL_IsStallEP
                0x0800b660       0x58 ./USB_DEVICE/Target/usbd_conf.o
                0x0800b660                USBD_LL_IsStallEP
 .text.USBD_LL_SetUSBAddress
                0x0800b6b8       0x3e ./USB_DEVICE/Target/usbd_conf.o
                0x0800b6b8                USBD_LL_SetUSBAddress
 .text.USBD_LL_Transmit
                0x0800b6f6       0x42 ./USB_DEVICE/Target/usbd_conf.o
                0x0800b6f6                USBD_LL_Transmit
 .text.USBD_LL_PrepareReceive
                0x0800b738       0x42 ./USB_DEVICE/Target/usbd_conf.o
                0x0800b738                USBD_LL_PrepareReceive
 .text.USBD_LL_GetRxDataSize
                0x0800b77a       0x26 ./USB_DEVICE/Target/usbd_conf.o
                0x0800b77a                USBD_LL_GetRxDataSize
 .text.USBD_static_malloc
                0x0800b7a0       0x1c ./USB_DEVICE/Target/usbd_conf.o
                0x0800b7a0                USBD_static_malloc
 .text.USBD_static_free
                0x0800b7bc       0x14 ./USB_DEVICE/Target/usbd_conf.o
                0x0800b7bc                USBD_static_free
 .text.USBD_Get_USB_Status
                0x0800b7d0       0x58 ./USB_DEVICE/Target/usbd_conf.o
                0x0800b7d0                USBD_Get_USB_Status
 .text.rand     0x0800b828       0x7c C:/ST/STM32CubeIDE_1.19.0/STM32CubeIDE/plugins/com.st.stm32cube.ide.mcu.externaltools.gnu-tools-for-stm32.13.3.rel1.win32_1.0.0.202411081344/tools/bin/../lib/gcc/arm-none-eabi/13.3.1/../../../../arm-none-eabi/lib/thumb/v7e-m+fp/hard\libc_nano.a(libc_a-rand.o)
                0x0800b828                rand
 .text.std      0x0800b8a4       0x6c C:/ST/STM32CubeIDE_1.19.0/STM32CubeIDE/plugins/com.st.stm32cube.ide.mcu.externaltools.gnu-tools-for-stm32.13.3.rel1.win32_1.0.0.202411081344/tools/bin/../lib/gcc/arm-none-eabi/13.3.1/../../../../arm-none-eabi/lib/thumb/v7e-m+fp/hard\libc_nano.a(libc_a-findfp.o)
 .text.stdio_exit_handler
                0x0800b910       0x18 C:/ST/STM32CubeIDE_1.19.0/STM32CubeIDE/plugins/com.st.stm32cube.ide.mcu.externaltools.gnu-tools-for-stm32.13.3.rel1.win32_1.0.0.202411081344/tools/bin/../lib/gcc/arm-none-eabi/13.3.1/../../../../arm-none-eabi/lib/thumb/v7e-m+fp/hard\libc_nano.a(libc_a-findfp.o)
 .text.cleanup_stdio
                0x0800b928       0x40 C:/ST/STM32CubeIDE_1.19.0/STM32CubeIDE/plugins/com.st.stm32cube.ide.mcu.externaltools.gnu-tools-for-stm32.13.3.rel1.win32_1.0.0.202411081344/tools/bin/../lib/gcc/arm-none-eabi/13.3.1/../../../../arm-none-eabi/lib/thumb/v7e-m+fp/hard\libc_nano.a(libc_a-findfp.o)
 .text.global_stdio_init.part.0
                0x0800b968       0x3c C:/ST/STM32CubeIDE_1.19.0/STM32CubeIDE/plugins/com.st.stm32cube.ide.mcu.externaltools.gnu-tools-for-stm32.13.3.rel1.win32_1.0.0.202411081344/tools/bin/../lib/gcc/arm-none-eabi/13.3.1/../../../../arm-none-eabi/lib/thumb/v7e-m+fp/hard\libc_nano.a(libc_a-findfp.o)
 .text.__sfp_lock_acquire
                0x0800b9a4        0xc C:/ST/STM32CubeIDE_1.19.0/STM32CubeIDE/plugins/com.st.stm32cube.ide.mcu.externaltools.gnu-tools-for-stm32.13.3.rel1.win32_1.0.0.202411081344/tools/bin/../lib/gcc/arm-none-eabi/13.3.1/../../../../arm-none-eabi/lib/thumb/v7e-m+fp/hard\libc_nano.a(libc_a-findfp.o)
                0x0800b9a4                __sfp_lock_acquire
 .text.__sfp_lock_release
                0x0800b9b0        0xc C:/ST/STM32CubeIDE_1.19.0/STM32CubeIDE/plugins/com.st.stm32cube.ide.mcu.externaltools.gnu-tools-for-stm32.13.3.rel1.win32_1.0.0.202411081344/tools/bin/../lib/gcc/arm-none-eabi/13.3.1/../../../../arm-none-eabi/lib/thumb/v7e-m+fp/hard\libc_nano.a(libc_a-findfp.o)
                0x0800b9b0                __sfp_lock_release
 .text.__sinit  0x0800b9bc       0x30 C:/ST/STM32CubeIDE_1.19.0/STM32CubeIDE/plugins/com.st.stm32cube.ide.mcu.externaltools.gnu-tools-for-stm32.13.3.rel1.win32_1.0.0.202411081344/tools/bin/../lib/gcc/arm-none-eabi/13.3.1/../../../../arm-none-eabi/lib/thumb/v7e-m+fp/hard\libc_nano.a(libc_a-findfp.o)
                0x0800b9bc                __sinit
 .text._fwalk_sglue
                0x0800b9ec       0x3c C:/ST/STM32CubeIDE_1.19.0/STM32CubeIDE/plugins/com.st.stm32cube.ide.mcu.externaltools.gnu-tools-for-stm32.13.3.rel1.win32_1.0.0.202411081344/tools/bin/../lib/gcc/arm-none-eabi/13.3.1/../../../../arm-none-eabi/lib/thumb/v7e-m+fp/hard\libc_nano.a(libc_a-fwalk.o)
                0x0800b9ec                _fwalk_sglue
 .text.__sread  0x0800ba28       0x22 C:/ST/STM32CubeIDE_1.19.0/STM32CubeIDE/plugins/com.st.stm32cube.ide.mcu.externaltools.gnu-tools-for-stm32.13.3.rel1.win32_1.0.0.202411081344/tools/bin/../lib/gcc/arm-none-eabi/13.3.1/../../../../arm-none-eabi/lib/thumb/v7e-m+fp/hard\libc_nano.a(libc_a-stdio.o)
                0x0800ba28                __sread
 .text.__swrite
                0x0800ba4a       0x38 C:/ST/STM32CubeIDE_1.19.0/STM32CubeIDE/plugins/com.st.stm32cube.ide.mcu.externaltools.gnu-tools-for-stm32.13.3.rel1.win32_1.0.0.202411081344/tools/bin/../lib/gcc/arm-none-eabi/13.3.1/../../../../arm-none-eabi/lib/thumb/v7e-m+fp/hard\libc_nano.a(libc_a-stdio.o)
                0x0800ba4a                __swrite
 .text.__sseek  0x0800ba82       0x24 C:/ST/STM32CubeIDE_1.19.0/STM32CubeIDE/plugins/com.st.stm32cube.ide.mcu.externaltools.gnu-tools-for-stm32.13.3.rel1.win32_1.0.0.202411081344/tools/bin/../lib/gcc/arm-none-eabi/13.3.1/../../../../arm-none-eabi/lib/thumb/v7e-m+fp/hard\libc_nano.a(libc_a-stdio.o)
                0x0800ba82                __sseek
 .text.__sclose
                0x0800baa6        0x8 C:/ST/STM32CubeIDE_1.19.0/STM32CubeIDE/plugins/com.st.stm32cube.ide.mcu.externaltools.gnu-tools-for-stm32.13.3.rel1.win32_1.0.0.202411081344/tools/bin/../lib/gcc/arm-none-eabi/13.3.1/../../../../arm-none-eabi/lib/thumb/v7e-m+fp/hard\libc_nano.a(libc_a-stdio.o)
                0x0800baa6                __sclose
 *fill*         0x0800baae        0x2 
 .text._vsprintf_r
                0x0800bab0       0x2c C:/ST/STM32CubeIDE_1.19.0/STM32CubeIDE/plugins/com.st.stm32cube.ide.mcu.externaltools.gnu-tools-for-stm32.13.3.rel1.win32_1.0.0.202411081344/tools/bin/../lib/gcc/arm-none-eabi/13.3.1/../../../../arm-none-eabi/lib/thumb/v7e-m+fp/hard\libc_nano.a(libc_a-vsprintf.o)
                0x0800bab0                _vsprintf_r
                0x0800bab0                _vsiprintf_r
 .text.vsprintf
                0x0800badc       0x14 C:/ST/STM32CubeIDE_1.19.0/STM32CubeIDE/plugins/com.st.stm32cube.ide.mcu.externaltools.gnu-tools-for-stm32.13.3.rel1.win32_1.0.0.202411081344/tools/bin/../lib/gcc/arm-none-eabi/13.3.1/../../../../arm-none-eabi/lib/thumb/v7e-m+fp/hard\libc_nano.a(libc_a-vsprintf.o)
                0x0800badc                vsiprintf
                0x0800badc                vsprintf
 .text.memset   0x0800baf0       0x10 C:/ST/STM32CubeIDE_1.19.0/STM32CubeIDE/plugins/com.st.stm32cube.ide.mcu.externaltools.gnu-tools-for-stm32.13.3.rel1.win32_1.0.0.202411081344/tools/bin/../lib/gcc/arm-none-eabi/13.3.1/../../../../arm-none-eabi/lib/thumb/v7e-m+fp/hard\libc_nano.a(libc_a-memset.o)
                0x0800baf0                memset
 .text._close_r
                0x0800bb00       0x20 C:/ST/STM32CubeIDE_1.19.0/STM32CubeIDE/plugins/com.st.stm32cube.ide.mcu.externaltools.gnu-tools-for-stm32.13.3.rel1.win32_1.0.0.202411081344/tools/bin/../lib/gcc/arm-none-eabi/13.3.1/../../../../arm-none-eabi/lib/thumb/v7e-m+fp/hard\libc_nano.a(libc_a-closer.o)
                0x0800bb00                _close_r
 .text._reclaim_reent
                0x0800bb20       0xbc C:/ST/STM32CubeIDE_1.19.0/STM32CubeIDE/plugins/com.st.stm32cube.ide.mcu.externaltools.gnu-tools-for-stm32.13.3.rel1.win32_1.0.0.202411081344/tools/bin/../lib/gcc/arm-none-eabi/13.3.1/../../../../arm-none-eabi/lib/thumb/v7e-m+fp/hard\libc_nano.a(libc_a-reent.o)
                0x0800bb20                _reclaim_reent
 .text._lseek_r
                0x0800bbdc       0x24 C:/ST/STM32CubeIDE_1.19.0/STM32CubeIDE/plugins/com.st.stm32cube.ide.mcu.externaltools.gnu-tools-for-stm32.13.3.rel1.win32_1.0.0.202411081344/tools/bin/../lib/gcc/arm-none-eabi/13.3.1/../../../../arm-none-eabi/lib/thumb/v7e-m+fp/hard\libc_nano.a(libc_a-lseekr.o)
                0x0800bbdc                _lseek_r
 .text._read_r  0x0800bc00       0x24 C:/ST/STM32CubeIDE_1.19.0/STM32CubeIDE/plugins/com.st.stm32cube.ide.mcu.externaltools.gnu-tools-for-stm32.13.3.rel1.win32_1.0.0.202411081344/tools/bin/../lib/gcc/arm-none-eabi/13.3.1/../../../../arm-none-eabi/lib/thumb/v7e-m+fp/hard\libc_nano.a(libc_a-readr.o)
                0x0800bc00                _read_r
 .text._write_r
                0x0800bc24       0x24 C:/ST/STM32CubeIDE_1.19.0/STM32CubeIDE/plugins/com.st.stm32cube.ide.mcu.externaltools.gnu-tools-for-stm32.13.3.rel1.win32_1.0.0.202411081344/tools/bin/../lib/gcc/arm-none-eabi/13.3.1/../../../../arm-none-eabi/lib/thumb/v7e-m+fp/hard\libc_nano.a(libc_a-writer.o)
                0x0800bc24                _write_r
 .text.__errno  0x0800bc48        0xc C:/ST/STM32CubeIDE_1.19.0/STM32CubeIDE/plugins/com.st.stm32cube.ide.mcu.externaltools.gnu-tools-for-stm32.13.3.rel1.win32_1.0.0.202411081344/tools/bin/../lib/gcc/arm-none-eabi/13.3.1/../../../../arm-none-eabi/lib/thumb/v7e-m+fp/hard\libc_nano.a(libc_a-errno.o)
                0x0800bc48                __errno
 .text.__libc_init_array
                0x0800bc54       0x48 C:/ST/STM32CubeIDE_1.19.0/STM32CubeIDE/plugins/com.st.stm32cube.ide.mcu.externaltools.gnu-tools-for-stm32.13.3.rel1.win32_1.0.0.202411081344/tools/bin/../lib/gcc/arm-none-eabi/13.3.1/../../../../arm-none-eabi/lib/thumb/v7e-m+fp/hard\libc_nano.a(libc_a-init.o)
                0x0800bc54                __libc_init_array
 .text.__retarget_lock_init_recursive
                0x0800bc9c        0x2 C:/ST/STM32CubeIDE_1.19.0/STM32CubeIDE/plugins/com.st.stm32cube.ide.mcu.externaltools.gnu-tools-for-stm32.13.3.rel1.win32_1.0.0.202411081344/tools/bin/../lib/gcc/arm-none-eabi/13.3.1/../../../../arm-none-eabi/lib/thumb/v7e-m+fp/hard\libc_nano.a(libc_a-lock.o)
                0x0800bc9c                __retarget_lock_init_recursive
 .text.__retarget_lock_acquire_recursive
                0x0800bc9e        0x2 C:/ST/STM32CubeIDE_1.19.0/STM32CubeIDE/plugins/com.st.stm32cube.ide.mcu.externaltools.gnu-tools-for-stm32.13.3.rel1.win32_1.0.0.202411081344/tools/bin/../lib/gcc/arm-none-eabi/13.3.1/../../../../arm-none-eabi/lib/thumb/v7e-m+fp/hard\libc_nano.a(libc_a-lock.o)
                0x0800bc9e                __retarget_lock_acquire_recursive
 .text.__retarget_lock_release_recursive
                0x0800bca0        0x2 C:/ST/STM32CubeIDE_1.19.0/STM32CubeIDE/plugins/com.st.stm32cube.ide.mcu.externaltools.gnu-tools-for-stm32.13.3.rel1.win32_1.0.0.202411081344/tools/bin/../lib/gcc/arm-none-eabi/13.3.1/../../../../arm-none-eabi/lib/thumb/v7e-m+fp/hard\libc_nano.a(libc_a-lock.o)
                0x0800bca0                __retarget_lock_release_recursive
 .text.memcpy   0x0800bca2       0x1c C:/ST/STM32CubeIDE_1.19.0/STM32CubeIDE/plugins/com.st.stm32cube.ide.mcu.externaltools.gnu-tools-for-stm32.13.3.rel1.win32_1.0.0.202411081344/tools/bin/../lib/gcc/arm-none-eabi/13.3.1/../../../../arm-none-eabi/lib/thumb/v7e-m+fp/hard\libc_nano.a(libc_a-memcpy-stub.o)
                0x0800bca2                memcpy
 *fill*         0x0800bcbe        0x2 
 .text.__assert_func
                0x0800bcc0       0x3c C:/ST/STM32CubeIDE_1.19.0/STM32CubeIDE/plugins/com.st.stm32cube.ide.mcu.externaltools.gnu-tools-for-stm32.13.3.rel1.win32_1.0.0.202411081344/tools/bin/../lib/gcc/arm-none-eabi/13.3.1/../../../../arm-none-eabi/lib/thumb/v7e-m+fp/hard\libc_nano.a(libc_a-assert.o)
                0x0800bcc0                __assert_func
 .text._free_r  0x0800bcfc       0x94 C:/ST/STM32CubeIDE_1.19.0/STM32CubeIDE/plugins/com.st.stm32cube.ide.mcu.externaltools.gnu-tools-for-stm32.13.3.rel1.win32_1.0.0.202411081344/tools/bin/../lib/gcc/arm-none-eabi/13.3.1/../../../../arm-none-eabi/lib/thumb/v7e-m+fp/hard\libc_nano.a(libc_a-freer.o)
                0x0800bcfc                _free_r
 .text.malloc   0x0800bd90       0x10 C:/ST/STM32CubeIDE_1.19.0/STM32CubeIDE/plugins/com.st.stm32cube.ide.mcu.externaltools.gnu-tools-for-stm32.13.3.rel1.win32_1.0.0.202411081344/tools/bin/../lib/gcc/arm-none-eabi/13.3.1/../../../../arm-none-eabi/lib/thumb/v7e-m+fp/hard\libc_nano.a(libc_a-malloc.o)
                0x0800bd90                malloc
 .text.sbrk_aligned
                0x0800bda0       0x44 C:/ST/STM32CubeIDE_1.19.0/STM32CubeIDE/plugins/com.st.stm32cube.ide.mcu.externaltools.gnu-tools-for-stm32.13.3.rel1.win32_1.0.0.202411081344/tools/bin/../lib/gcc/arm-none-eabi/13.3.1/../../../../arm-none-eabi/lib/thumb/v7e-m+fp/hard\libc_nano.a(libc_a-mallocr.o)
 .text._malloc_r
                0x0800bde4      0x100 C:/ST/STM32CubeIDE_1.19.0/STM32CubeIDE/plugins/com.st.stm32cube.ide.mcu.externaltools.gnu-tools-for-stm32.13.3.rel1.win32_1.0.0.202411081344/tools/bin/../lib/gcc/arm-none-eabi/13.3.1/../../../../arm-none-eabi/lib/thumb/v7e-m+fp/hard\libc_nano.a(libc_a-mallocr.o)
                0x0800bde4                _malloc_r
 .text.__malloc_lock
                0x0800bee4        0xc C:/ST/STM32CubeIDE_1.19.0/STM32CubeIDE/plugins/com.st.stm32cube.ide.mcu.externaltools.gnu-tools-for-stm32.13.3.rel1.win32_1.0.0.202411081344/tools/bin/../lib/gcc/arm-none-eabi/13.3.1/../../../../arm-none-eabi/lib/thumb/v7e-m+fp/hard\libc_nano.a(libc_a-mlock.o)
                0x0800bee4                __malloc_lock
 .text.__malloc_unlock
                0x0800bef0        0xc C:/ST/STM32CubeIDE_1.19.0/STM32CubeIDE/plugins/com.st.stm32cube.ide.mcu.externaltools.gnu-tools-for-stm32.13.3.rel1.win32_1.0.0.202411081344/tools/bin/../lib/gcc/arm-none-eabi/13.3.1/../../../../arm-none-eabi/lib/thumb/v7e-m+fp/hard\libc_nano.a(libc_a-mlock.o)
                0x0800bef0                __malloc_unlock
 .text.__ssputs_r
                0x0800befc       0xb6 C:/ST/STM32CubeIDE_1.19.0/STM32CubeIDE/plugins/com.st.stm32cube.ide.mcu.externaltools.gnu-tools-for-stm32.13.3.rel1.win32_1.0.0.202411081344/tools/bin/../lib/gcc/arm-none-eabi/13.3.1/../../../../arm-none-eabi/lib/thumb/v7e-m+fp/hard\libc_nano.a(libc_a-nano-svfprintf.o)
                0x0800befc                __ssputs_r
 *fill*         0x0800bfb2        0x2 
 .text._svfprintf_r
                0x0800bfb4      0x1f8 C:/ST/STM32CubeIDE_1.19.0/STM32CubeIDE/plugins/com.st.stm32cube.ide.mcu.externaltools.gnu-tools-for-stm32.13.3.rel1.win32_1.0.0.202411081344/tools/bin/../lib/gcc/arm-none-eabi/13.3.1/../../../../arm-none-eabi/lib/thumb/v7e-m+fp/hard\libc_nano.a(libc_a-nano-svfprintf.o)
                0x0800bfb4                _svfiprintf_r
                0x0800bfb4                _svfprintf_r
 .text._printf_common
                0x0800c1ac       0xda C:/ST/STM32CubeIDE_1.19.0/STM32CubeIDE/plugins/com.st.stm32cube.ide.mcu.externaltools.gnu-tools-for-stm32.13.3.rel1.win32_1.0.0.202411081344/tools/bin/../lib/gcc/arm-none-eabi/13.3.1/../../../../arm-none-eabi/lib/thumb/v7e-m+fp/hard\libc_nano.a(libc_a-nano-vfprintf_i.o)
                0x0800c1ac                _printf_common
 *fill*         0x0800c286        0x2 
 .text._printf_i
                0x0800c288      0x23c C:/ST/STM32CubeIDE_1.19.0/STM32CubeIDE/plugins/com.st.stm32cube.ide.mcu.externaltools.gnu-tools-for-stm32.13.3.rel1.win32_1.0.0.202411081344/tools/bin/../lib/gcc/arm-none-eabi/13.3.1/../../../../arm-none-eabi/lib/thumb/v7e-m+fp/hard\libc_nano.a(libc_a-nano-vfprintf_i.o)
                0x0800c288                _printf_i
 .text.__sflush_r
                0x0800c4c4      0x108 C:/ST/STM32CubeIDE_1.19.0/STM32CubeIDE/plugins/com.st.stm32cube.ide.mcu.externaltools.gnu-tools-for-stm32.13.3.rel1.win32_1.0.0.202411081344/tools/bin/../lib/gcc/arm-none-eabi/13.3.1/../../../../arm-none-eabi/lib/thumb/v7e-m+fp/hard\libc_nano.a(libc_a-fflush.o)
                0x0800c4c4                __sflush_r
 .text._fflush_r
                0x0800c5cc       0x50 C:/ST/STM32CubeIDE_1.19.0/STM32CubeIDE/plugins/com.st.stm32cube.ide.mcu.externaltools.gnu-tools-for-stm32.13.3.rel1.win32_1.0.0.202411081344/tools/bin/../lib/gcc/arm-none-eabi/13.3.1/../../../../arm-none-eabi/lib/thumb/v7e-m+fp/hard\libc_nano.a(libc_a-fflush.o)
                0x0800c5cc                _fflush_r
 .text.fprintf  0x0800c61c       0x24 C:/ST/STM32CubeIDE_1.19.0/STM32CubeIDE/plugins/com.st.stm32cube.ide.mcu.externaltools.gnu-tools-for-stm32.13.3.rel1.win32_1.0.0.202411081344/tools/bin/../lib/gcc/arm-none-eabi/13.3.1/../../../../arm-none-eabi/lib/thumb/v7e-m+fp/hard\libc_nano.a(libc_a-fprintf.o)
                0x0800c61c                fiprintf
                0x0800c61c                fprintf
 .text.memmove  0x0800c640       0x34 C:/ST/STM32CubeIDE_1.19.0/STM32CubeIDE/plugins/com.st.stm32cube.ide.mcu.externaltools.gnu-tools-for-stm32.13.3.rel1.win32_1.0.0.202411081344/tools/bin/../lib/gcc/arm-none-eabi/13.3.1/../../../../arm-none-eabi/lib/thumb/v7e-m+fp/hard\libc_nano.a(libc_a-memmove.o)
                0x0800c640                memmove
 .text._sbrk_r  0x0800c674       0x20 C:/ST/STM32CubeIDE_1.19.0/STM32CubeIDE/plugins/com.st.stm32cube.ide.mcu.externaltools.gnu-tools-for-stm32.13.3.rel1.win32_1.0.0.202411081344/tools/bin/../lib/gcc/arm-none-eabi/13.3.1/../../../../arm-none-eabi/lib/thumb/v7e-m+fp/hard\libc_nano.a(libc_a-sbrkr.o)
                0x0800c674                _sbrk_r
 .text.abort    0x0800c694        0xe C:/ST/STM32CubeIDE_1.19.0/STM32CubeIDE/plugins/com.st.stm32cube.ide.mcu.externaltools.gnu-tools-for-stm32.13.3.rel1.win32_1.0.0.202411081344/tools/bin/../lib/gcc/arm-none-eabi/13.3.1/../../../../arm-none-eabi/lib/thumb/v7e-m+fp/hard\libc_nano.a(libc_a-abort.o)
                0x0800c694                abort
 .text._realloc_r
                0x0800c6a2       0x5c C:/ST/STM32CubeIDE_1.19.0/STM32CubeIDE/plugins/com.st.stm32cube.ide.mcu.externaltools.gnu-tools-for-stm32.13.3.rel1.win32_1.0.0.202411081344/tools/bin/../lib/gcc/arm-none-eabi/13.3.1/../../../../arm-none-eabi/lib/thumb/v7e-m+fp/hard\libc_nano.a(libc_a-reallocr.o)
                0x0800c6a2                _realloc_r
 .text.__sfputc_r
                0x0800c6fe       0x2e C:/ST/STM32CubeIDE_1.19.0/STM32CubeIDE/plugins/com.st.stm32cube.ide.mcu.externaltools.gnu-tools-for-stm32.13.3.rel1.win32_1.0.0.202411081344/tools/bin/../lib/gcc/arm-none-eabi/13.3.1/../../../../arm-none-eabi/lib/thumb/v7e-m+fp/hard\libc_nano.a(libc_a-nano-vfprintf.o)
 .text.__sfputs_r
                0x0800c72c       0x24 C:/ST/STM32CubeIDE_1.19.0/STM32CubeIDE/plugins/com.st.stm32cube.ide.mcu.externaltools.gnu-tools-for-stm32.13.3.rel1.win32_1.0.0.202411081344/tools/bin/../lib/gcc/arm-none-eabi/13.3.1/../../../../arm-none-eabi/lib/thumb/v7e-m+fp/hard\libc_nano.a(libc_a-nano-vfprintf.o)
                0x0800c72c                __sfputs_r
 .text._vfprintf_r
                0x0800c750      0x230 C:/ST/STM32CubeIDE_1.19.0/STM32CubeIDE/plugins/com.st.stm32cube.ide.mcu.externaltools.gnu-tools-for-stm32.13.3.rel1.win32_1.0.0.202411081344/tools/bin/../lib/gcc/arm-none-eabi/13.3.1/../../../../arm-none-eabi/lib/thumb/v7e-m+fp/hard\libc_nano.a(libc_a-nano-vfprintf.o)
                0x0800c750                _vfprintf_r
                0x0800c750                _vfiprintf_r
 .text.__swbuf_r
                0x0800c980       0x7c C:/ST/STM32CubeIDE_1.19.0/STM32CubeIDE/plugins/com.st.stm32cube.ide.mcu.externaltools.gnu-tools-for-stm32.13.3.rel1.win32_1.0.0.202411081344/tools/bin/../lib/gcc/arm-none-eabi/13.3.1/../../../../arm-none-eabi/lib/thumb/v7e-m+fp/hard\libc_nano.a(libc_a-wbuf.o)
                0x0800c980                __swbuf_r
 .text.__swsetup_r
                0x0800c9fc       0xac C:/ST/STM32CubeIDE_1.19.0/STM32CubeIDE/plugins/com.st.stm32cube.ide.mcu.externaltools.gnu-tools-for-stm32.13.3.rel1.win32_1.0.0.202411081344/tools/bin/../lib/gcc/arm-none-eabi/13.3.1/../../../../arm-none-eabi/lib/thumb/v7e-m+fp/hard\libc_nano.a(libc_a-wsetup.o)
                0x0800c9fc                __swsetup_r
 .text._raise_r
                0x0800caa8       0x50 C:/ST/STM32CubeIDE_1.19.0/STM32CubeIDE/plugins/com.st.stm32cube.ide.mcu.externaltools.gnu-tools-for-stm32.13.3.rel1.win32_1.0.0.202411081344/tools/bin/../lib/gcc/arm-none-eabi/13.3.1/../../../../arm-none-eabi/lib/thumb/v7e-m+fp/hard\libc_nano.a(libc_a-signal.o)
                0x0800caa8                _raise_r
 .text.raise    0x0800caf8       0x10 C:/ST/STM32CubeIDE_1.19.0/STM32CubeIDE/plugins/com.st.stm32cube.ide.mcu.externaltools.gnu-tools-for-stm32.13.3.rel1.win32_1.0.0.202411081344/tools/bin/../lib/gcc/arm-none-eabi/13.3.1/../../../../arm-none-eabi/lib/thumb/v7e-m+fp/hard\libc_nano.a(libc_a-signal.o)
                0x0800caf8                raise
 .text._kill_r  0x0800cb08       0x24 C:/ST/STM32CubeIDE_1.19.0/STM32CubeIDE/plugins/com.st.stm32cube.ide.mcu.externaltools.gnu-tools-for-stm32.13.3.rel1.win32_1.0.0.202411081344/tools/bin/../lib/gcc/arm-none-eabi/13.3.1/../../../../arm-none-eabi/lib/thumb/v7e-m+fp/hard\libc_nano.a(libc_a-signalr.o)
                0x0800cb08                _kill_r
 .text._getpid_r
                0x0800cb2c        0x4 C:/ST/STM32CubeIDE_1.19.0/STM32CubeIDE/plugins/com.st.stm32cube.ide.mcu.externaltools.gnu-tools-for-stm32.13.3.rel1.win32_1.0.0.202411081344/tools/bin/../lib/gcc/arm-none-eabi/13.3.1/../../../../arm-none-eabi/lib/thumb/v7e-m+fp/hard\libc_nano.a(libc_a-signalr.o)
                0x0800cb2c                _getpid_r
 .text._malloc_usable_size_r
                0x0800cb30       0x10 C:/ST/STM32CubeIDE_1.19.0/STM32CubeIDE/plugins/com.st.stm32cube.ide.mcu.externaltools.gnu-tools-for-stm32.13.3.rel1.win32_1.0.0.202411081344/tools/bin/../lib/gcc/arm-none-eabi/13.3.1/../../../../arm-none-eabi/lib/thumb/v7e-m+fp/hard\libc_nano.a(libc_a-msizer.o)
                0x0800cb30                _malloc_usable_size_r
 .text.__swhatbuf_r
                0x0800cb40       0x4c C:/ST/STM32CubeIDE_1.19.0/STM32CubeIDE/plugins/com.st.stm32cube.ide.mcu.externaltools.gnu-tools-for-stm32.13.3.rel1.win32_1.0.0.202411081344/tools/bin/../lib/gcc/arm-none-eabi/13.3.1/../../../../arm-none-eabi/lib/thumb/v7e-m+fp/hard\libc_nano.a(libc_a-makebuf.o)
                0x0800cb40                __swhatbuf_r
 .text.__smakebuf_r
                0x0800cb8c       0x78 C:/ST/STM32CubeIDE_1.19.0/STM32CubeIDE/plugins/com.st.stm32cube.ide.mcu.externaltools.gnu-tools-for-stm32.13.3.rel1.win32_1.0.0.202411081344/tools/bin/../lib/gcc/arm-none-eabi/13.3.1/../../../../arm-none-eabi/lib/thumb/v7e-m+fp/hard\libc_nano.a(libc_a-makebuf.o)
                0x0800cb8c                __smakebuf_r
 .text._fstat_r
                0x0800cc04       0x24 C:/ST/STM32CubeIDE_1.19.0/STM32CubeIDE/plugins/com.st.stm32cube.ide.mcu.externaltools.gnu-tools-for-stm32.13.3.rel1.win32_1.0.0.202411081344/tools/bin/../lib/gcc/arm-none-eabi/13.3.1/../../../../arm-none-eabi/lib/thumb/v7e-m+fp/hard\libc_nano.a(libc_a-fstatr.o)
                0x0800cc04                _fstat_r
 .text._isatty_r
                0x0800cc28       0x20 C:/ST/STM32CubeIDE_1.19.0/STM32CubeIDE/plugins/com.st.stm32cube.ide.mcu.externaltools.gnu-tools-for-stm32.13.3.rel1.win32_1.0.0.202411081344/tools/bin/../lib/gcc/arm-none-eabi/13.3.1/../../../../arm-none-eabi/lib/thumb/v7e-m+fp/hard\libc_nano.a(libc_a-isattyr.o)
                0x0800cc28                _isatty_r
 *(.glue_7)
 .glue_7        0x0800cc48        0x0 linker stubs
 *(.glue_7t)
 .glue_7t       0x0800cc48        0x0 linker stubs
 *(.eh_frame)
 .eh_frame      0x0800cc48        0x0 C:/ST/STM32CubeIDE_1.19.0/STM32CubeIDE/plugins/com.st.stm32cube.ide.mcu.externaltools.gnu-tools-for-stm32.13.3.rel1.win32_1.0.0.202411081344/tools/bin/../lib/gcc/arm-none-eabi/13.3.1/thumb/v7e-m+fp/hard/crtbegin.o
 *(.init)
 .init          0x0800cc48        0x4 C:/ST/STM32CubeIDE_1.19.0/STM32CubeIDE/plugins/com.st.stm32cube.ide.mcu.externaltools.gnu-tools-for-stm32.13.3.rel1.win32_1.0.0.202411081344/tools/bin/../lib/gcc/arm-none-eabi/13.3.1/thumb/v7e-m+fp/hard/crti.o
                0x0800cc48                _init
 .init          0x0800cc4c        0x8 C:/ST/STM32CubeIDE_1.19.0/STM32CubeIDE/plugins/com.st.stm32cube.ide.mcu.externaltools.gnu-tools-for-stm32.13.3.rel1.win32_1.0.0.202411081344/tools/bin/../lib/gcc/arm-none-eabi/13.3.1/thumb/v7e-m+fp/hard/crtn.o
 *(.fini)
 .fini          0x0800cc54        0x4 C:/ST/STM32CubeIDE_1.19.0/STM32CubeIDE/plugins/com.st.stm32cube.ide.mcu.externaltools.gnu-tools-for-stm32.13.3.rel1.win32_1.0.0.202411081344/tools/bin/../lib/gcc/arm-none-eabi/13.3.1/thumb/v7e-m+fp/hard/crti.o
                0x0800cc54                _fini
 .fini          0x0800cc58        0x8 C:/ST/STM32CubeIDE_1.19.0/STM32CubeIDE/plugins/com.st.stm32cube.ide.mcu.externaltools.gnu-tools-for-stm32.13.3.rel1.win32_1.0.0.202411081344/tools/bin/../lib/gcc/arm-none-eabi/13.3.1/thumb/v7e-m+fp/hard/crtn.o
                0x0800cc60                        . = ALIGN (0x4)
                0x0800cc60                        _etext = .

.vfp11_veneer   0x0800cc60        0x0
 .vfp11_veneer  0x0800cc60        0x0 linker stubs

.v4_bx          0x0800cc60        0x0
 .v4_bx         0x0800cc60        0x0 linker stubs

.iplt           0x0800cc60        0x0
 .iplt          0x0800cc60        0x0 C:/ST/STM32CubeIDE_1.19.0/STM32CubeIDE/plugins/com.st.stm32cube.ide.mcu.externaltools.gnu-tools-for-stm32.13.3.rel1.win32_1.0.0.202411081344/tools/bin/../lib/gcc/arm-none-eabi/13.3.1/thumb/v7e-m+fp/hard/crtbegin.o

.rodata         0x0800cc60      0x300
                0x0800cc60                        . = ALIGN (0x4)
 *(.rodata)
 .rodata        0x0800cc60      0x1b8 ./Core/Src/freertos.o
 .rodata        0x0800ce18        0x5 ./Middlewares/Third_Party/FreeRTOS/Source/tasks.o
 *fill*         0x0800ce1d        0x3 
 .rodata        0x0800ce20       0x46 ./USB_DEVICE/App/usbd_desc.o
 *(.rodata*)
 *fill*         0x0800ce66        0x2 
 .rodata.AHBPrescTable
                0x0800ce68       0x10 ./Core/Src/system_stm32f4xx.o
                0x0800ce68                AHBPrescTable
 .rodata.APBPrescTable
                0x0800ce78        0x8 ./Core/Src/system_stm32f4xx.o
                0x0800ce78                APBPrescTable
 .rodata.srand.str1.1
                0x0800ce80       0xde C:/ST/STM32CubeIDE_1.19.0/STM32CubeIDE/plugins/com.st.stm32cube.ide.mcu.externaltools.gnu-tools-for-stm32.13.3.rel1.win32_1.0.0.202411081344/tools/bin/../lib/gcc/arm-none-eabi/13.3.1/../../../../arm-none-eabi/lib/thumb/v7e-m+fp/hard\libc_nano.a(libc_a-rand.o)
                                 0x6f (size before relaxing)
 .rodata.__assert_func.str1.1
                0x0800cf5e       0x3d C:/ST/STM32CubeIDE_1.19.0/STM32CubeIDE/plugins/com.st.stm32cube.ide.mcu.externaltools.gnu-tools-for-stm32.13.3.rel1.win32_1.0.0.202411081344/tools/bin/../lib/gcc/arm-none-eabi/13.3.1/../../../../arm-none-eabi/lib/thumb/v7e-m+fp/hard\libc_nano.a(libc_a-assert.o)
 .rodata._svfprintf_r.str1.1
                0x0800cf5e       0x11 C:/ST/STM32CubeIDE_1.19.0/STM32CubeIDE/plugins/com.st.stm32cube.ide.mcu.externaltools.gnu-tools-for-stm32.13.3.rel1.win32_1.0.0.202411081344/tools/bin/../lib/gcc/arm-none-eabi/13.3.1/../../../../arm-none-eabi/lib/thumb/v7e-m+fp/hard\libc_nano.a(libc_a-nano-svfprintf.o)
 .rodata._printf_i.str1.1
                0x0800cf5e       0x22 C:/ST/STM32CubeIDE_1.19.0/STM32CubeIDE/plugins/com.st.stm32cube.ide.mcu.externaltools.gnu-tools-for-stm32.13.3.rel1.win32_1.0.0.202411081344/tools/bin/../lib/gcc/arm-none-eabi/13.3.1/../../../../arm-none-eabi/lib/thumb/v7e-m+fp/hard\libc_nano.a(libc_a-nano-vfprintf_i.o)
 .rodata._vfprintf_r.str1.1
                0x0800cf5e       0x11 C:/ST/STM32CubeIDE_1.19.0/STM32CubeIDE/plugins/com.st.stm32cube.ide.mcu.externaltools.gnu-tools-for-stm32.13.3.rel1.win32_1.0.0.202411081344/tools/bin/../lib/gcc/arm-none-eabi/13.3.1/../../../../arm-none-eabi/lib/thumb/v7e-m+fp/hard\libc_nano.a(libc_a-nano-vfprintf.o)
                0x0800cf9c                        . = ALIGN (0x4)
 *fill*         0x0800cf5e        0x2 

.ARM.extab      0x0800cf60        0x0
                0x0800cf60                        . = ALIGN (0x4)
 *(.ARM.extab* .gnu.linkonce.armextab.*)
                0x0800cf60                        . = ALIGN (0x4)

.ARM            0x0800cf60        0x8
                0x0800cf60                        . = ALIGN (0x4)
                0x0800cf60                        __exidx_start = .
 *(.ARM.exidx*)
 .ARM.exidx     0x0800cf60        0x8 C:/ST/STM32CubeIDE_1.19.0/STM32CubeIDE/plugins/com.st.stm32cube.ide.mcu.externaltools.gnu-tools-for-stm32.13.3.rel1.win32_1.0.0.202411081344/tools/bin/../lib/gcc/arm-none-eabi/13.3.1/../../../../arm-none-eabi/lib/thumb/v7e-m+fp/hard\libc_nano.a(libc_a-strlen.o)
 .ARM.exidx     0x0800cf68        0x0 C:/ST/STM32CubeIDE_1.19.0/STM32CubeIDE/plugins/com.st.stm32cube.ide.mcu.externaltools.gnu-tools-for-stm32.13.3.rel1.win32_1.0.0.202411081344/tools/bin/../lib/gcc/arm-none-eabi/13.3.1/../../../../arm-none-eabi/lib/thumb/v7e-m+fp/hard\libc_nano.a(libc_a-memchr.o)
                                  0x8 (size before relaxing)
 .ARM.exidx     0x0800cf68        0x0 C:/ST/STM32CubeIDE_1.19.0/STM32CubeIDE/plugins/com.st.stm32cube.ide.mcu.externaltools.gnu-tools-for-stm32.13.3.rel1.win32_1.0.0.202411081344/tools/bin/../lib/gcc/arm-none-eabi/13.3.1/thumb/v7e-m+fp/hard\libgcc.a(_udivmoddi4.o)
                                  0x8 (size before relaxing)
                0x0800cf68                        __exidx_end = .
                0x0800cf68                        . = ALIGN (0x4)

.preinit_array  0x0800cf68        0x0
                0x0800cf68                        . = ALIGN (0x4)
                0x0800cf68                        PROVIDE (__preinit_array_start = .)
 *(.preinit_array*)
                0x0800cf68                        PROVIDE (__preinit_array_end = .)
                0x0800cf68                        . = ALIGN (0x4)

.init_array     0x0800cf68        0x4
                0x0800cf68                        . = ALIGN (0x4)
                0x0800cf68                        PROVIDE (__init_array_start = .)
 *(SORT_BY_NAME(.init_array.*))
 *(.init_array*)
 .init_array    0x0800cf68        0x4 C:/ST/STM32CubeIDE_1.19.0/STM32CubeIDE/plugins/com.st.stm32cube.ide.mcu.externaltools.gnu-tools-for-stm32.13.3.rel1.win32_1.0.0.202411081344/tools/bin/../lib/gcc/arm-none-eabi/13.3.1/thumb/v7e-m+fp/hard/crtbegin.o
                0x0800cf6c                        PROVIDE (__init_array_end = .)
                0x0800cf6c                        . = ALIGN (0x4)

.fini_array     0x0800cf6c        0x4
                0x0800cf6c                        . = ALIGN (0x4)
                [!provide]                        PROVIDE (__fini_array_start = .)
 *(SORT_BY_NAME(.fini_array.*))
 *(.fini_array*)
 .fini_array    0x0800cf6c        0x4 C:/ST/STM32CubeIDE_1.19.0/STM32CubeIDE/plugins/com.st.stm32cube.ide.mcu.externaltools.gnu-tools-for-stm32.13.3.rel1.win32_1.0.0.202411081344/tools/bin/../lib/gcc/arm-none-eabi/13.3.1/thumb/v7e-m+fp/hard/crtbegin.o
                [!provide]                        PROVIDE (__fini_array_end = .)
                0x0800cf70                        . = ALIGN (0x4)
                0x0800cf70                        _sidata = LOADADDR (.data)

.rel.dyn        0x0800cf70        0x0
 .rel.iplt      0x0800cf70        0x0 C:/ST/STM32CubeIDE_1.19.0/STM32CubeIDE/plugins/com.st.stm32cube.ide.mcu.externaltools.gnu-tools-for-stm32.13.3.rel1.win32_1.0.0.202411081344/tools/bin/../lib/gcc/arm-none-eabi/13.3.1/thumb/v7e-m+fp/hard/crtbegin.o

.data           0x20000000      0x160 load address 0x0800cf70
                0x20000000                        . = ALIGN (0x4)
                0x20000000                        _sdata = .
 *(.data)
 *(.data*)
 .data.global_CO2
                0x20000000        0x2 ./Core/Src/freertos.o
                0x20000000                global_CO2
 *fill*         0x20000002        0x2 
 .data.SystemCoreClock
                0x20000004        0x4 ./Core/Src/system_stm32f4xx.o
                0x20000004                SystemCoreClock
 .data.uwTickPrio
                0x20000008        0x4 ./Drivers/STM32F4xx_HAL_Driver/Src/stm32f4xx_hal.o
                0x20000008                uwTickPrio
 .data.uwTickFreq
                0x2000000c        0x1 ./Drivers/STM32F4xx_HAL_Driver/Src/stm32f4xx_hal.o
                0x2000000c                uwTickFreq
 *fill*         0x2000000d        0x3 
 .data.USBD_CDC_DeviceQualifierDesc
                0x20000010        0xa ./Middlewares/ST/STM32_USB_Device_Library/Class/CDC/Src/usbd_cdc.o
 *fill*         0x2000001a        0x2 
 .data.USBD_CDC
                0x2000001c       0x38 ./Middlewares/ST/STM32_USB_Device_Library/Class/CDC/Src/usbd_cdc.o
                0x2000001c                USBD_CDC
 .data.USBD_CDC_CfgDesc
                0x20000054       0x43 ./Middlewares/ST/STM32_USB_Device_Library/Class/CDC/Src/usbd_cdc.o
 .data.CDCInEpAdd
                0x20000097        0x1 ./Middlewares/ST/STM32_USB_Device_Library/Class/CDC/Src/usbd_cdc.o
 .data.CDCOutEpAdd
                0x20000098        0x1 ./Middlewares/ST/STM32_USB_Device_Library/Class/CDC/Src/usbd_cdc.o
 .data.CDCCmdEpAdd
                0x20000099        0x1 ./Middlewares/ST/STM32_USB_Device_Library/Class/CDC/Src/usbd_cdc.o
 *fill*         0x2000009a        0x2 
 .data.uxCriticalNesting