Archive member included to satisfy reference by file (symbol)

C:/ST/STM32CubeIDE_1.19.0/STM32CubeIDE/plugins/com.st.stm32cube.ide.mcu.externaltools.gnu-tools-for-stm32.13.3.rel1.win32_1.0.0.202411081344/tools/bin/../lib/gcc/arm-none-eabi/13.3.1/../../../../arm-none-eabi/lib/thumb/v7e-m+fp/hard\libc_nano.a(libc_a-exit.o)
                              C:/ST/STM32CubeIDE_1.19.0/STM32CubeIDE/plugins/com.st.stm32cube.ide.mcu.externaltools.gnu-tools-for-stm32.13.3.rel1.win32_1.0.0.202411081344/tools/bin/../lib/gcc/arm-none-eabi/13.3.1/../../../../arm-none-eabi/lib/thumb/v7e-m+fp/hard/crt0.o (exit)
C:/ST/STM32CubeIDE_1.19.0/STM32CubeIDE/plugins/com.st.stm32cube.ide.mcu.externaltools.gnu-tools-for-stm32.13.3.rel1.win32_1.0.0.202411081344/tools/bin/../lib/gcc/arm-none-eabi/13.3.1/../../../../arm-none-eabi/lib/thumb/v7e-m+fp/hard\libc_nano.a(libc_a-findfp.o)
                              ./Middlewares/Third_Party/FreeRTOS/Source/tasks.o (__sf)
C:/ST/STM32CubeIDE_1.19.0/STM32CubeIDE/plugins/com.st.stm32cube.ide.mcu.externaltools.gnu-tools-for-stm32.13.3.rel1.win32_1.0.0.202411081344/tools/bin/../lib/gcc/arm-none-eabi/13.3.1/../../../../arm-none-eabi/lib/thumb/v7e-m+fp/hard\libc_nano.a(libc_a-fwalk.o)
                              C:/ST/STM32CubeIDE_1.19.0/STM32CubeIDE/plugins/com.st.stm32cube.ide.mcu.externaltools.gnu-tools-for-stm32.13.3.rel1.win32_1.0.0.202411081344/tools/bin/../lib/gcc/arm-none-eabi/13.3.1/../../../../arm-none-eabi/lib/thumb/v7e-m+fp/hard\libc_nano.a(libc_a-findfp.o) (_fwalk_sglue)
C:/ST/STM32CubeIDE_1.19.0/STM32CubeIDE/plugins/com.st.stm32cube.ide.mcu.externaltools.gnu-tools-for-stm32.13.3.rel1.win32_1.0.0.202411081344/tools/bin/../lib/gcc/arm-none-eabi/13.3.1/../../../../arm-none-eabi/lib/thumb/v7e-m+fp/hard\libc_nano.a(libc_a-stdio.o)
                              C:/ST/STM32CubeIDE_1.19.0/STM32CubeIDE/plugins/com.st.stm32cube.ide.mcu.externaltools.gnu-tools-for-stm32.13.3.rel1.win32_1.0.0.202411081344/tools/bin/../lib/gcc/arm-none-eabi/13.3.1/../../../../arm-none-eabi/lib/thumb/v7e-m+fp/hard\libc_nano.a(libc_a-findfp.o) (__sread)
C:/ST/STM32CubeIDE_1.19.0/STM32CubeIDE/plugins/com.st.stm32cube.ide.mcu.externaltools.gnu-tools-for-stm32.13.3.rel1.win32_1.0.0.202411081344/tools/bin/../lib/gcc/arm-none-eabi/13.3.1/../../../../arm-none-eabi/lib/thumb/v7e-m+fp/hard\libc_nano.a(libc_a-vsprintf.o)
                              ./Core/Src/freertos.o (vsprintf)
C:/ST/STM32CubeIDE_1.19.0/STM32CubeIDE/plugins/com.st.stm32cube.ide.mcu.externaltools.gnu-tools-for-stm32.13.3.rel1.win32_1.0.0.202411081344/tools/bin/../lib/gcc/arm-none-eabi/13.3.1/../../../../arm-none-eabi/lib/thumb/v7e-m+fp/hard\libc_nano.a(libc_a-memset.o)
                              C:/ST/STM32CubeIDE_1.19.0/STM32CubeIDE/plugins/com.st.stm32cube.ide.mcu.externaltools.gnu-tools-for-stm32.13.3.rel1.win32_1.0.0.202411081344/tools/bin/../lib/gcc/arm-none-eabi/13.3.1/../../../../arm-none-eabi/lib/thumb/v7e-m+fp/hard/crt0.o (memset)
C:/ST/STM32CubeIDE_1.19.0/STM32CubeIDE/plugins/com.st.stm32cube.ide.mcu.externaltools.gnu-tools-for-stm32.13.3.rel1.win32_1.0.0.202411081344/tools/bin/../lib/gcc/arm-none-eabi/13.3.1/../../../../arm-none-eabi/lib/thumb/v7e-m+fp/hard\libc_nano.a(libc_a-closer.o)
                              C:/ST/STM32CubeIDE_1.19.0/STM32CubeIDE/plugins/com.st.stm32cube.ide.mcu.externaltools.gnu-tools-for-stm32.13.3.rel1.win32_1.0.0.202411081344/tools/bin/../lib/gcc/arm-none-eabi/13.3.1/../../../../arm-none-eabi/lib/thumb/v7e-m+fp/hard\libc_nano.a(libc_a-stdio.o) (_close_r)
C:/ST/STM32CubeIDE_1.19.0/STM32CubeIDE/plugins/com.st.stm32cube.ide.mcu.externaltools.gnu-tools-for-stm32.13.3.rel1.win32_1.0.0.202411081344/tools/bin/../lib/gcc/arm-none-eabi/13.3.1/../../../../arm-none-eabi/lib/thumb/v7e-m+fp/hard\libc_nano.a(libc_a-reent.o)
                              ./Middlewares/Third_Party/FreeRTOS/Source/tasks.o (_reclaim_reent)
C:/ST/STM32CubeIDE_1.19.0/STM32CubeIDE/plugins/com.st.stm32cube.ide.mcu.externaltools.gnu-tools-for-stm32.13.3.rel1.win32_1.0.0.202411081344/tools/bin/../lib/gcc/arm-none-eabi/13.3.1/../../../../arm-none-eabi/lib/thumb/v7e-m+fp/hard\libc_nano.a(libc_a-impure.o)
                              ./Middlewares/Third_Party/FreeRTOS/Source/tasks.o (_impure_ptr)
C:/ST/STM32CubeIDE_1.19.0/STM32CubeIDE/plugins/com.st.stm32cube.ide.mcu.externaltools.gnu-tools-for-stm32.13.3.rel1.win32_1.0.0.202411081344/tools/bin/../lib/gcc/arm-none-eabi/13.3.1/../../../../arm-none-eabi/lib/thumb/v7e-m+fp/hard\libc_nano.a(libc_a-lseekr.o)
                              C:/ST/STM32CubeIDE_1.19.0/STM32CubeIDE/plugins/com.st.stm32cube.ide.mcu.externaltools.gnu-tools-for-stm32.13.3.rel1.win32_1.0.0.202411081344/tools/bin/../lib/gcc/arm-none-eabi/13.3.1/../../../../arm-none-eabi/lib/thumb/v7e-m+fp/hard\libc_nano.a(libc_a-stdio.o) (_lseek_r)
[...]
Memory Configuration

Name             Origin             Length             Attributes
RAM              0x20000000         0x00020000         xrw
FLASH            0x08000000         0x00080000         xr
*default*        0x00000000         0xffffffff

Linker script and memory map

LOAD C:/ST/STM32CubeIDE_1.19.0/STM32CubeIDE/plugins/com.st.stm32cube.ide.mcu.externaltools.gnu-tools-for-stm32.13.3.rel1.win32_1.0.0.202411081344/tools/bin/../lib/gcc/arm-none-eabi/13.3.1/thumb/v7e-m+fp/hard/crti.o
LOAD C:/ST/STM32CubeIDE_1.19.0/STM32CubeIDE/plugins/com.st.stm32cube.ide.mcu.externaltools.gnu-tools-for-stm32.13.3.rel1.win32_1.0.0.202411081344/tools/bin/../lib/gcc/arm-none-eabi/13.3.1/thumb/v7e-m+fp/hard/crtbegin.o
LOAD C:/ST/STM32CubeIDE_1.19.0/STM32CubeIDE/plugins/com.st.stm32cube.ide.mcu.externaltools.gnu-tools-for-stm32.13.3.rel1.win32_1.0.0.202411081344/tools/bin/../lib/gcc/arm-none-eabi/13.3.1/../../../../arm-none-eabi/lib/thumb/v7e-m+fp/hard/crt0.o
LOAD ./Core/Src/freertos.o
LOAD ./Core/Src/gpio.o
LOAD ./Core/Src/main.o
LOAD ./Core/Src/stm32f4xx_hal_msp.o
LOAD ./Core/Src/stm32f4xx_hal_timebase_tim.o
LOAD ./Core/Src/stm32f4xx_it.o
LOAD ./Core/Src/syscalls.o
LOAD ./Core/Src/sysmem.o
LOAD ./Core/Src/system_stm32f4xx.o
LOAD ./Core/Src/usart.o
LOAD ./Core/Startup/startup_stm32f411retx.o
LOAD ./Drivers/STM32F4xx_HAL_Driver/Src/stm32f4xx_hal.o
LOAD ./Drivers/STM32F4xx_HAL_Driver/Src/stm32f4xx_hal_cortex.o
LOAD ./Drivers/STM32F4xx_HAL_Driver/Src/stm32f4xx_hal_dma.o
LOAD ./Drivers/STM32F4xx_HAL_Driver/Src/stm32f4xx_hal_dma_ex.o
LOAD ./Drivers/STM32F4xx_HAL_Driver/Src/stm32f4xx_hal_exti.o
LOAD ./Drivers/STM32F4xx_HAL_Driver/Src/stm32f4xx_hal_flash.o
LOAD ./Drivers/STM32F4xx_HAL_Driver/Src/stm32f4xx_hal_flash_ex.o
LOAD ./Drivers/STM32F4xx_HAL_Driver/Src/stm32f4xx_hal_flash_ramfunc.o
LOAD ./Drivers/STM32F4xx_HAL_Driver/Src/stm32f4xx_hal_gpio.o
LOAD ./Drivers/STM32F4xx_HAL_Driver/Src/stm32f4xx_hal_pcd.o
LOAD ./Drivers/STM32F4xx_HAL_Driver/Src/stm32f4xx_hal_pcd_ex.o
LOAD ./Drivers/STM32F4xx_HAL_Driver/Src/stm32f4xx_hal_pwr.o
LOAD ./Drivers/STM32F4xx_HAL_Driver/Src/stm32f4xx_hal_pwr_ex.o
LOAD ./Drivers/STM32F4xx_HAL_Driver/Src/stm32f4xx_hal_rcc.o
LOAD ./Drivers/STM32F4xx_HAL_Driver/Src/stm32f4xx_hal_rcc_ex.o
LOAD ./Drivers/STM32F4xx_HAL_Driver/Src/stm32f4xx_hal_tim.o
LOAD ./Drivers/STM32F4xx_HAL_Driver/Src/stm32f4xx_hal_tim_ex.o
LOAD ./Drivers/STM32F4xx_HAL_Driver/Src/stm32f4xx_hal_uart.o
LOAD ./Drivers/STM32F4xx_HAL_Driver/Src/stm32f4xx_ll_usb.o
LOAD ./Middlewares/ST/STM32_USB_Device_Library/Class/CDC/Src/usbd_cdc.o
LOAD ./Middlewares/ST/STM32_USB_Device_Library/Core/Src/usbd_core.o
LOAD ./Middlewares/ST/STM32_USB_Device_Library/Core/Src/usbd_ctlreq.o
LOAD ./Middlewares/ST/STM32_USB_Device_Library/Core/Src/usbd_ioreq.o
LOAD ./Middlewares/Third_Party/FreeRTOS/Source/CMSIS_RTOS/cmsis_os.o
LOAD ./Middlewares/Third_Party/FreeRTOS/Source/croutine.o
LOAD ./Middlewares/Third_Party/FreeRTOS/Source/event_groups.o
LOAD ./Middlewares/Third_Party/FreeRTOS/Source/list.o
LOAD ./Middlewares/Third_Party/FreeRTOS/Source/queue.o
LOAD ./Middlewares/Third_Party/FreeRTOS/Source/stream_buffer.o
LOAD ./Middlewares/Third_Party/FreeRTOS/Source/tasks.o
LOAD ./Middlewares/Third_Party/FreeRTOS/Source/timers.o
LOAD ./Middlewares/Third_Party/FreeRTOS/Source/portable/GCC/ARM_CM4F/port.o
LOAD ./Middlewares/Third_Party/FreeRTOS/Source/portable/MemMang/heap_4.o
LOAD ./USB_DEVICE/App/usb_device.o
LOAD ./USB_DEVICE/App/usbd_cdc_if.o
LOAD ./USB_DEVICE/App/usbd_desc.o
LOAD ./USB_DEVICE/Target/usbd_conf.o
START GROUP
LOAD C:/ST/STM32CubeIDE_1.19.0/STM32CubeIDE/plugins/com.st.stm32cube.ide.mcu.externaltools.gnu-tools-for-stm32.13.3.rel1.win32_1.0.0.202411081344/tools/bin/../lib/gcc/arm-none-eabi/13.3.1/../../../../arm-none-eabi/lib/thumb/v7e-m+fp/hard\libc_nano.a
LOAD C:/ST/STM32CubeIDE_1.19.0/STM32CubeIDE/plugins/com.st.stm32cube.ide.mcu.externaltools.gnu-tools-for-stm32.13.3.rel1.win32_1.0.0.202411081344/tools/bin/../lib/gcc/arm-none-eabi/13.3.1/../../../../arm-none-eabi/lib/thumb/v7e-m+fp/hard\libm.a
END GROUP
START GROUP
LOAD C:/ST/STM32CubeIDE_1.19.0/STM32CubeIDE/plugins/com.st.stm32cube.ide.mcu.externaltools.gnu-tools-for-stm32.13.3.rel1.win32_1.0.0.202411081344/tools/bin/../lib/gcc/arm-none-eabi/13.3.1/thumb/v7e-m+fp/hard\libgcc.a
LOAD C:/ST/STM32CubeIDE_1.19.0/STM32CubeIDE/plugins/com.st.stm32cube.ide.mcu.externaltools.gnu-tools-for-stm32.13.3.rel1.win32_1.0.0.202411081344/tools/bin/../lib/gcc/arm-none-eabi/13.3.1/../../../../arm-none-eabi/lib/thumb/v7e-m+fp/hard\libc_nano.a
END GROUP
START GROUP
LOAD C:/ST/STM32CubeIDE_1.19.0/STM32CubeIDE/plugins/com.st.stm32cube.ide.mcu.externaltools.gnu-tools-for-stm32.13.3.rel1.win32_1.0.0.202411081344/tools/bin/../lib/gcc/arm-none-eabi/13.3.1/thumb/v7e-m+fp/hard\libgcc.a
LOAD C:/ST/STM32CubeIDE_1.19.0/STM32CubeIDE/plugins/com.st.stm32cube.ide.mcu.externaltools.gnu-tools-for-stm32.13.3.rel1.win32_1.0.0.202411081344/tools/bin/../lib/gcc/arm-none-eabi/13.3.1/../../../../arm-none-eabi/lib/thumb/v7e-m+fp/hard\libc_nano.a
LOAD C:/ST/STM32CubeIDE_1.19.0/STM32CubeIDE/plugins/com.st.stm32cube.ide.mcu.externaltools.gnu-tools-for-stm32.13.3.rel1.win32_1.0.0.202411081344/tools/bin/../lib/gcc/arm-none-eabi/13.3.1/../../../../arm-none-eabi/lib/thumb/v7e-m+fp/hard\libnosys.a
END GROUP
START GROUP
LOAD C:/ST/STM32CubeIDE_1.19.0/STM32CubeIDE/plugins/com.st.stm32cube.ide.mcu.externaltools.gnu-tools-for-stm32.13.3.rel1.win32_1.0.0.202411081344/tools/bin/../lib/gcc/arm-none-eabi/13.3.1/thumb/v7e-m+fp/hard\libgcc.a
LOAD C:/ST/STM32CubeIDE_1.19.0/STM32CubeIDE/plugins/com.st.stm32cube.ide.mcu.externaltools.gnu-tools-for-stm32.13.3.rel1.win32_1.0.0.202411081344/tools/bin/../lib/gcc/arm-none-eabi/13.3.1/../../../../arm-none-eabi/lib/thumb/v7e-m+fp/hard\libc_nano.a
LOAD C:/ST/STM32CubeIDE_1.19.0/STM32CubeIDE/plugins/com.st.stm32cube.ide.mcu.externaltools.gnu-tools-for-stm32.13.3.rel1.win32_1.0.0.202411081344/tools/bin/../lib/gcc/arm-none-eabi/13.3.1/../../../../arm-none-eabi/lib/thumb/v7e-m+fp/hard\libnosys.a
END GROUP
LOAD C:/ST/STM32CubeIDE_1.19.0/STM32CubeIDE/plugins/com.st.stm32cube.ide.mcu.externaltools.gnu-tools-for-stm32.13.3.rel1.win32_1.0.0.202411081344/tools/bin/../lib/gcc/arm-none-eabi/13.3.1/thumb/v7e-m+fp/hard/crtend.o
LOAD C:/ST/STM32CubeIDE_1.19.0/STM32CubeIDE/plugins/com.st.stm32cube.ide.mcu.externaltools.gnu-tools-for-stm32.13.3.rel1.win32_1.0.0.202411081344/tools/bin/../lib/gcc/arm-none-eabi/13.3.1/thumb/v7e-m+fp/hard/crtn.o
                0x20020000                        _estack = (ORIGIN (RAM) + LENGTH (RAM))
                0x00000200                        _Min_Heap_Size = 0x200
                0x00000400                        _Min_Stack_Size = 0x400

.isr_vector     0x08000000      0x198
                0x08000000                        . = ALIGN (0x4)
 *(.isr_vector)
 .isr_vector    0x08000000      0x198 ./Core/Startup/startup_stm32f411retx.o
                0x08000000                g_pfnVectors
                0x08000198                        . = ALIGN (0x4)

.text           0x080001a0     0xbe88
                0x080001a0                        . = ALIGN (0x4)
 *(.text)
 .text          0x080001a0       0x40 C:/ST/STM32CubeIDE_1.19.0/STM32CubeIDE/plugins/com.st.stm32cube.ide.mcu.externaltools.gnu-tools-for-stm32.13.3.rel1.win32_1.0.0.202411081344/tools/bin/../lib/gcc/arm-none-eabi/13.3.1/thumb/v7e-m+fp/hard/crtbegin.o
 .text          0x080001e0       0x10 C:/ST/STM32CubeIDE_1.19.0/STM32CubeIDE/plugins/com.st.stm32cube.ide.mcu.externaltools.gnu-tools-for-stm32.13.3.rel1.win32_1.0.0.202411081344/tools/bin/../lib/gcc/arm-none-eabi/13.3.1/../../../../arm-none-eabi/lib/thumb/v7e-m+fp/hard\libc_nano.a(libc_a-strlen.o)
                0x080001e0                strlen
 .text          0x080001f0       0xa0 C:/ST/STM32CubeIDE_1.19.0/STM32CubeIDE/plugins/com.st.stm32cube.ide.mcu.externaltools.gnu-tools-for-stm32.13.3.rel1.win32_1.0.0.202411081344/tools/bin/../lib/gcc/arm-none-eabi/13.3.1/../../../../arm-none-eabi/lib/thumb/v7e-m+fp/hard\libc_nano.a(libc_a-memchr.o)
                0x080001f0                memchr
 .text          0x08000290       0x30 C:/ST/STM32CubeIDE_1.19.0/STM32CubeIDE/plugins/com.st.stm32cube.ide.mcu.externaltools.gnu-tools-for-stm32.13.3.rel1.win32_1.0.0.202411081344/tools/bin/../lib/gcc/arm-none-eabi/13.3.1/thumb/v7e-m+fp/hard\libgcc.a(_aeabi_uldivmod.o)
                0x08000290                __aeabi_uldivmod
 .text          0x080002c0      0x2f8 C:/ST/STM32CubeIDE_1.19.0/STM32CubeIDE/plugins/com.st.stm32cube.ide.mcu.externaltools.gnu-tools-for-stm32.13.3.rel1.win32_1.0.0.202411081344/tools/bin/../lib/gcc/arm-none-eabi/13.3.1/thumb/v7e-m+fp/hard\libgcc.a(_udivmoddi4.o)
                0x080002c0                __udivmoddi4
 .text          0x080005b8        0x4 C:/ST/STM32CubeIDE_1.19.0/STM32CubeIDE/plugins/com.st.stm32cube.ide.mcu.externaltools.gnu-tools-for-stm32.13.3.rel1.win32_1.0.0.202411081344/tools/bin/../lib/gcc/arm-none-eabi/13.3.1/thumb/v7e-m+fp/hard\libgcc.a(_dvmd_tls.o)
                0x080005b8                __aeabi_idiv0
                0x080005b8                __aeabi_ldiv0
 *(.text*)
 .text.vApplicationGetIdleTaskMemory
                0x080005bc       0x34 ./Core/Src/freertos.o
                0x080005bc                vApplicationGetIdleTaskMemory
 .text.MX_FREERTOS_Init
                0x080005f0       0xe8 ./Core/Src/freertos.o
                0x080005f0                MX_FREERTOS_Init
 .text.StartDefaultTask
                0x080006d8       0xac ./Core/Src/freertos.o
                0x080006d8                StartDefaultTask
 .text.StartTask_Button
                0x08000784      0x1d0 ./Core/Src/freertos.o
                0x08000784                StartTask_Button
 .text.StartTask_Controller
                0x08000954      0x234 ./Core/Src/freertos.o
                0x08000954                StartTask_Controller
 .text.StartTask_Led2
                0x08000b88       0x98 ./Core/Src/freertos.o
                0x08000b88                StartTask_Led2
 .text.HAL_UART_RxCpltCallback
                0x08000c20       0x94 ./Core/Src/freertos.o
                0x08000c20                HAL_UART_RxCpltCallback
 .text.myPrintf
                0x08000cb4       0x70 ./Core/Src/freertos.o
                0x08000cb4                myPrintf
 .text.MX_GPIO_Init
                0x08000d24       0xec ./Core/Src/gpio.o
                0x08000d24                MX_GPIO_Init
 .text.main     0x08000e10       0x20 ./Core/Src/main.o
                0x08000e10                main
 .text.SystemClock_Config
                0x08000e30       0xd8 ./Core/Src/main.o
                0x08000e30                SystemClock_Config
 .text.HAL_TIM_PeriodElapsedCallback
                0x08000f08       0x24 ./Core/Src/main.o
                0x08000f08                HAL_TIM_PeriodElapsedCallback
 .text.Error_Handler
                0x08000f2c        0xc ./Core/Src/main.o
                0x08000f2c                Error_Handler
 .text.HAL_MspInit
                0x08000f38       0x58 ./Core/Src/stm32f4xx_hal_msp.o
                0x08000f38                HAL_MspInit
 .text.HAL_InitTick
                0x08000f90       0xe4 ./Core/Src/stm32f4xx_hal_timebase_tim.o
                0x08000f90                HAL_InitTick
 .text.NMI_Handler
                0x08001074        0x8 ./Core/Src/stm32f4xx_it.o
                0x08001074                NMI_Handler
 .text.HardFault_Handler
                0x0800107c        0x8 ./Core/Src/stm32f4xx_it.o
                0x0800107c                HardFault_Handler
 .text.MemManage_Handler
                0x08001084        0x8 ./Core/Src/stm32f4xx_it.o
                0x08001084                MemManage_Handler
 .text.BusFault_Handler
                0x0800108c        0x8 ./Core/Src/stm32f4xx_it.o
                0x0800108c                BusFault_Handler
 .text.UsageFault_Handler
                0x08001094        0x8 ./Core/Src/stm32f4xx_it.o
                0x08001094                UsageFault_Handler
 .text.DebugMon_Handler
                0x0800109c        0xe ./Core/Src/stm32f4xx_it.o
                0x0800109c                DebugMon_Handler
 *fill*         0x080010aa        0x2 
 .text.TIM1_UP_TIM10_IRQHandler
                0x080010ac       0x14 ./Core/Src/stm32f4xx_it.o
                0x080010ac                TIM1_UP_TIM10_IRQHandler
 .text.OTG_FS_IRQHandler
                0x080010c0       0x14 ./Core/Src/stm32f4xx_it.o
                0x080010c0                OTG_FS_IRQHandler
 .text.USART2_IRQHandler
                0x080010d4       0x14 ./Core/Src/stm32f4xx_it.o
                0x080010d4                USART2_IRQHandler
 .text._sbrk    0x080010e8       0x6c ./Core/Src/sysmem.o
                0x080010e8                _sbrk
 .text.SystemInit
                0x08001154       0x24 ./Core/Src/system_stm32f4xx.o
                0x08001154                SystemInit
 .text.MX_USART2_UART_Init
                0x08001178       0x54 ./Core/Src/usart.o
                0x08001178                MX_USART2_UART_Init
 .text.HAL_UART_MspInit
                0x080011cc       0x90 ./Core/Src/usart.o
                0x080011cc                HAL_UART_MspInit
 .text.Reset_Handler
                0x0800125c       0x50 ./Core/Startup/startup_stm32f411retx.o
                0x0800125c                Reset_Handler
 .text.Default_Handler
                0x080012ac        0x2 ./Core/Startup/startup_stm32f411retx.o
                0x080012ac                RTC_Alarm_IRQHandler
                0x080012ac                EXTI2_IRQHandler
                0x080012ac                SPI4_IRQHandler
                0x080012ac                TIM1_CC_IRQHandler
                0x080012ac                DMA2_Stream5_IRQHandler
                0x080012ac                DMA1_Stream5_IRQHandler
                0x080012ac                PVD_IRQHandler
                0x080012ac                SDIO_IRQHandler
                0x080012ac                TAMP_STAMP_IRQHandler
                0x080012ac                EXTI3_IRQHandler
                0x080012ac                I2C3_ER_IRQHandler
                0x080012ac                EXTI0_IRQHandler
                0x080012ac                I2C2_EV_IRQHandler
                0x080012ac                DMA1_Stream2_IRQHandler
                0x080012ac                FPU_IRQHandler
                0x080012ac                DMA2_Stream2_IRQHandler
                0x080012ac                SPI1_IRQHandler
                0x080012ac                TIM1_BRK_TIM9_IRQHandler
                0x080012ac                DMA2_Stream3_IRQHandler
                0x080012ac                USART6_IRQHandler
                0x080012ac                DMA2_Stream0_IRQHandler
                0x080012ac                TIM4_IRQHandler
                0x080012ac                I2C1_EV_IRQHandler
                0x080012ac                DMA1_Stream6_IRQHandler
                0x080012ac                DMA1_Stream1_IRQHandler
                0x080012ac                TIM3_IRQHandler
                0x080012ac                RCC_IRQHandler
                0x080012ac                Default_Handler
                0x080012ac                EXTI15_10_IRQHandler
                0x080012ac                ADC_IRQHandler
                0x080012ac                DMA1_Stream7_IRQHandler
                0x080012ac                SPI5_IRQHandler
                0x080012ac                TIM5_IRQHandler
                0x080012ac                DMA2_Stream7_IRQHandler
                0x080012ac                I2C3_EV_IRQHandler
                0x080012ac                EXTI9_5_IRQHandler
                0x080012ac                RTC_WKUP_IRQHandler
                0x080012ac                SPI2_IRQHandler
                0x080012ac                DMA1_Stream0_IRQHandler
                0x080012ac                EXTI4_IRQHandler
                0x080012ac                WWDG_IRQHandler
                0x080012ac                TIM2_IRQHandler
                0x080012ac                OTG_FS_WKUP_IRQHandler
                0x080012ac                TIM1_TRG_COM_TIM11_IRQHandler
                0x080012ac                EXTI1_IRQHandler
                0x080012ac                I2C2_ER_IRQHandler
                0x080012ac                DMA2_Stream1_IRQHandler
                0x080012ac                FLASH_IRQHandler
                0x080012ac                DMA2_Stream4_IRQHandler
                0x080012ac                USART1_IRQHandler
                0x080012ac                SPI3_IRQHandler
                0x080012ac                DMA1_Stream4_IRQHandler
                0x080012ac                I2C1_ER_IRQHandler
                0x080012ac                DMA2_Stream6_IRQHandler
                0x080012ac                DMA1_Stream3_IRQHandler
 *fill*         0x080012ae        0x2 
 .text.HAL_Init
                0x080012b0       0x44 ./Drivers/STM32F4xx_HAL_Driver/Src/stm32f4xx_hal.o
                0x080012b0                HAL_Init
 .text.HAL_IncTick
                0x080012f4       0x28 ./Drivers/STM32F4xx_HAL_Driver/Src/stm32f4xx_hal.o
                0x080012f4                HAL_IncTick
 .text.HAL_GetTick
                0x0800131c       0x18 ./Drivers/STM32F4xx_HAL_Driver/Src/stm32f4xx_hal.o
                0x0800131c                HAL_GetTick
 .text.HAL_Delay
                0x08001334       0x48 ./Drivers/STM32F4xx_HAL_Driver/Src/stm32f4xx_hal.o
                0x08001334                HAL_Delay
 .text.__NVIC_SetPriorityGrouping
                0x0800137c       0x48 ./Drivers/STM32F4xx_HAL_Driver/Src/stm32f4xx_hal_cortex.o
 .text.__NVIC_GetPriorityGrouping
                0x080013c4       0x1c ./Drivers/STM32F4xx_HAL_Driver/Src/stm32f4xx_hal_cortex.o
 .text.__NVIC_EnableIRQ
                0x080013e0       0x3c ./Drivers/STM32F4xx_HAL_Driver/Src/stm32f4xx_hal_cortex.o
 .text.__NVIC_SetPriority
                0x0800141c       0x54 ./Drivers/STM32F4xx_HAL_Driver/Src/stm32f4xx_hal_cortex.o
 .text.NVIC_EncodePriority
                0x08001470       0x66 ./Drivers/STM32F4xx_HAL_Driver/Src/stm32f4xx_hal_cortex.o
 .text.HAL_NVIC_SetPriorityGrouping
                0x080014d6       0x16 ./Drivers/STM32F4xx_HAL_Driver/Src/stm32f4xx_hal_cortex.o
                0x080014d6                HAL_NVIC_SetPriorityGrouping
 .text.HAL_NVIC_SetPriority
                0x080014ec       0x38 ./Drivers/STM32F4xx_HAL_Driver/Src/stm32f4xx_hal_cortex.o
                0x080014ec                HAL_NVIC_SetPriority
 .text.HAL_NVIC_EnableIRQ
                0x08001524       0x1c ./Drivers/STM32F4xx_HAL_Driver/Src/stm32f4xx_hal_cortex.o
                0x08001524                HAL_NVIC_EnableIRQ
 .text.HAL_DMA_Abort
                0x08001540       0xe0 ./Drivers/STM32F4xx_HAL_Driver/Src/stm32f4xx_hal_dma.o
                0x08001540                HAL_DMA_Abort
 .text.HAL_DMA_Abort_IT
                0x08001620       0x44 ./Drivers/STM32F4xx_HAL_Driver/Src/stm32f4xx_hal_dma.o
                0x08001620                HAL_DMA_Abort_IT
 .text.HAL_GPIO_Init
                0x08001664      0x308 ./Drivers/STM32F4xx_HAL_Driver/Src/stm32f4xx_hal_gpio.o
                0x08001664                HAL_GPIO_Init
 .text.HAL_GPIO_ReadPin
                0x0800196c       0x30 ./Drivers/STM32F4xx_HAL_Driver/Src/stm32f4xx_hal_gpio.o
                0x0800196c                HAL_GPIO_ReadPin
 .text.HAL_GPIO_WritePin
                0x0800199c       0x32 ./Drivers/STM32F4xx_HAL_Driver/Src/stm32f4xx_hal_gpio.o
                0x0800199c                HAL_GPIO_WritePin
 .text.HAL_GPIO_TogglePin
                0x080019ce       0x34 ./Drivers/STM32F4xx_HAL_Driver/Src/stm32f4xx_hal_gpio.o
                0x080019ce                HAL_GPIO_TogglePin
 .text.HAL_PCD_Init
                0x08001a02      0x21e ./Drivers/STM32F4xx_HAL_Driver/Src/stm32f4xx_hal_pcd.o
                0x08001a02                HAL_PCD_Init
 .text.HAL_PCD_Start
                0x08001c20       0x6a ./Drivers/STM32F4xx_HAL_Driver/Src/stm32f4xx_hal_pcd.o
                0x08001c20                HAL_PCD_Start
 .text.HAL_PCD_IRQHandler
                0x08001c8a      0x942 ./Drivers/STM32F4xx_HAL_Driver/Src/stm32f4xx_hal_pcd.o
                0x08001c8a                HAL_PCD_IRQHandler
 .text.HAL_PCD_SetAddress
                0x080025cc       0x48 ./Drivers/STM32F4xx_HAL_Driver/Src/stm32f4xx_hal_pcd.o
                0x080025cc                HAL_PCD_SetAddress
 .text.HAL_PCD_EP_Open
                0x08002614       0xd4 ./Drivers/STM32F4xx_HAL_Driver/Src/stm32f4xx_hal_pcd.o
                0x08002614                HAL_PCD_EP_Open
 .text.HAL_PCD_EP_Close
                0x080026e8       0x94 ./Drivers/STM32F4xx_HAL_Driver/Src/stm32f4xx_hal_pcd.o
                0x080026e8                HAL_PCD_EP_Close
 .text.HAL_PCD_EP_Receive
                0x0800277c       0x76 ./Drivers/STM32F4xx_HAL_Driver/Src/stm32f4xx_hal_pcd.o
                0x0800277c                HAL_PCD_EP_Receive
 .text.HAL_PCD_EP_GetRxCount
                0x080027f2       0x30 ./Drivers/STM32F4xx_HAL_Driver/Src/stm32f4xx_hal_pcd.o
                0x080027f2                HAL_PCD_EP_GetRxCount
 .text.HAL_PCD_EP_Transmit
                0x08002822       0x74 ./Drivers/STM32F4xx_HAL_Driver/Src/stm32f4xx_hal_pcd.o
                0x08002822                HAL_PCD_EP_Transmit
 .text.HAL_PCD_EP_SetStall
                0x08002896       0xc6 ./Drivers/STM32F4xx_HAL_Driver/Src/stm32f4xx_hal_pcd.o
                0x08002896                HAL_PCD_EP_SetStall
 .text.HAL_PCD_EP_ClrStall
                0x0800295c       0xac ./Drivers/STM32F4xx_HAL_Driver/Src/stm32f4xx_hal_pcd.o
                0x0800295c                HAL_PCD_EP_ClrStall
 .text.HAL_PCD_EP_Abort
                0x08002a08       0x62 ./Drivers/STM32F4xx_HAL_Driver/Src/stm32f4xx_hal_pcd.o
                0x08002a08                HAL_PCD_EP_Abort
 .text.PCD_WriteEmptyTxFifo
                0x08002a6a      0x118 ./Drivers/STM32F4xx_HAL_Driver/Src/stm32f4xx_hal_pcd.o
 *fill*         0x08002b82        0x2 
 .text.PCD_EP_OutXfrComplete_int
                0x08002b84      0x1d0 ./Drivers/STM32F4xx_HAL_Driver/Src/stm32f4xx_hal_pcd.o
 .text.PCD_EP_OutSetupPacket_int
                0x08002d54       0x8c ./Drivers/STM32F4xx_HAL_Driver/Src/stm32f4xx_hal_pcd.o
 .text.HAL_PCDEx_SetTxFiFo
                0x08002de0       0x8e ./Drivers/STM32F4xx_HAL_Driver/Src/stm32f4xx_hal_pcd_ex.o
                0x08002de0                HAL_PCDEx_SetTxFiFo
 .text.HAL_PCDEx_SetRxFiFo
                0x08002e6e       0x22 ./Drivers/STM32F4xx_HAL_Driver/Src/stm32f4xx_hal_pcd_ex.o
                0x08002e6e                HAL_PCDEx_SetRxFiFo
 .text.HAL_PCDEx_LPM_Callback
                0x08002e90       0x18 ./Drivers/STM32F4xx_HAL_Driver/Src/stm32f4xx_hal_pcd_ex.o
                0x08002e90                HAL_PCDEx_LPM_Callback
 .text.HAL_RCC_OscConfig
                0x08002ea8      0x4f0 ./Drivers/STM32F4xx_HAL_Driver/Src/stm32f4xx_hal_rcc.o
                0x08002ea8                HAL_RCC_OscConfig
 .text.HAL_RCC_ClockConfig
                0x08003398      0x1cc ./Drivers/STM32F4xx_HAL_Driver/Src/stm32f4xx_hal_rcc.o
                0x08003398                HAL_RCC_ClockConfig
 .text.HAL_RCC_GetSysClockFreq
                0x08003564      0x18c ./Drivers/STM32F4xx_HAL_Driver/Src/stm32f4xx_hal_rcc.o
                0x08003564                HAL_RCC_GetSysClockFreq
 .text.HAL_RCC_GetHCLKFreq
                0x080036f0       0x18 ./Drivers/STM32F4xx_HAL_Driver/Src/stm32f4xx_hal_rcc.o
                0x080036f0                HAL_RCC_GetHCLKFreq
 .text.HAL_RCC_GetPCLK1Freq
                0x08003708       0x28 ./Drivers/STM32F4xx_HAL_Driver/Src/stm32f4xx_hal_rcc.o
                0x08003708                HAL_RCC_GetPCLK1Freq
 .text.HAL_RCC_GetPCLK2Freq
                0x08003730       0x28 ./Drivers/STM32F4xx_HAL_Driver/Src/stm32f4xx_hal_rcc.o
                0x08003730                HAL_RCC_GetPCLK2Freq
 .text.HAL_RCC_GetClockConfig
                0x08003758       0x64 ./Drivers/STM32F4xx_HAL_Driver/Src/stm32f4xx_hal_rcc.o
                0x08003758                HAL_RCC_GetClockConfig
 .text.HAL_TIM_Base_Init
                0x080037bc       0x9e ./Drivers/STM32F4xx_HAL_Driver/Src/stm32f4xx_hal_tim.o
                0x080037bc                HAL_TIM_Base_Init
 .text.HAL_TIM_Base_MspInit
                0x0800385a       0x14 ./Drivers/STM32F4xx_HAL_Driver/Src/stm32f4xx_hal_tim.o
                0x0800385a                HAL_TIM_Base_MspInit
 *fill*         0x0800386e        0x2 
 .text.HAL_TIM_Base_Start_IT
                0x08003870       0xc4 ./Drivers/STM32F4xx_HAL_Driver/Src/stm32f4xx_hal_tim.o
                0x08003870                HAL_TIM_Base_Start_IT
 .text.HAL_TIM_IRQHandler
                0x08003934      0x1e0 ./Drivers/STM32F4xx_HAL_Driver/Src/stm32f4xx_hal_tim.o
                0x08003934                HAL_TIM_IRQHandler
 .text.HAL_TIM_OC_DelayElapsedCallback
                0x08003b14       0x14 ./Drivers/STM32F4xx_HAL_Driver/Src/stm32f4xx_hal_tim.o
                0x08003b14                HAL_TIM_OC_DelayElapsedCallback
 .text.HAL_TIM_IC_CaptureCallback
                0x08003b28       0x14 ./Drivers/STM32F4xx_HAL_Driver/Src/stm32f4xx_hal_tim.o
                0x08003b28                HAL_TIM_IC_CaptureCallback
 .text.HAL_TIM_PWM_PulseFinishedCallback
                0x08003b3c       0x14 ./Drivers/STM32F4xx_HAL_Driver/Src/stm32f4xx_hal_tim.o
                0x08003b3c                HAL_TIM_PWM_PulseFinishedCallback
 .text.HAL_TIM_TriggerCallback
                0x08003b50       0x14 ./Drivers/STM32F4xx_HAL_Driver/Src/stm32f4xx_hal_tim.o
                0x08003b50                HAL_TIM_TriggerCallback
 .text.TIM_Base_SetConfig
                0x08003b64      0x10c ./Drivers/STM32F4xx_HAL_Driver/Src/stm32f4xx_hal_tim.o
                0x08003b64                TIM_Base_SetConfig
 .text.HAL_TIMEx_CommutCallback
                0x08003c70       0x14 ./Drivers/STM32F4xx_HAL_Driver/Src/stm32f4xx_hal_tim_ex.o
                0x08003c70                HAL_TIMEx_CommutCallback
 .text.HAL_TIMEx_BreakCallback
                0x08003c84       0x14 ./Drivers/STM32F4xx_HAL_Driver/Src/stm32f4xx_hal_tim_ex.o
                0x08003c84                HAL_TIMEx_BreakCallback
 .text.HAL_UART_Init
                0x08003c98       0xa0 ./Drivers/STM32F4xx_HAL_Driver/Src/stm32f4xx_hal_uart.o
                0x08003c98                HAL_UART_Init
 .text.HAL_UART_Transmit
                0x08003d38      0x116 ./Drivers/STM32F4xx_HAL_Driver/Src/stm32f4xx_hal_uart.o
                0x08003d38                HAL_UART_Transmit
 .text.HAL_UART_Receive_IT
                0x08003e4e       0x4a ./Drivers/STM32F4xx_HAL_Driver/Src/stm32f4xx_hal_uart.o
                0x08003e4e                HAL_UART_Receive_IT
 .text.HAL_UART_IRQHandler
                0x08003e98      0x554 ./Drivers/STM32F4xx_HAL_Driver/Src/stm32f4xx_hal_uart.o
                0x08003e98                HAL_UART_IRQHandler
 .text.HAL_UART_TxCpltCallback
                0x080043ec       0x14 ./Drivers/STM32F4xx_HAL_Driver/Src/stm32f4xx_hal_uart.o
                0x080043ec                HAL_UART_TxCpltCallback
 .text.HAL_UART_ErrorCallback
                0x08004400       0x14 ./Drivers/STM32F4xx_HAL_Driver/Src/stm32f4xx_hal_uart.o
                0x08004400                HAL_UART_ErrorCallback
 .text.HAL_UARTEx_RxEventCallback
                0x08004414       0x18 ./Drivers/STM32F4xx_HAL_Driver/Src/stm32f4xx_hal_uart.o
                0x08004414                HAL_UARTEx_RxEventCallback
 .text.UART_WaitOnFlagUntilTimeout
                0x0800442c       0xb2 ./Drivers/STM32F4xx_HAL_Driver/Src/stm32f4xx_hal_uart.o
 .text.UART_Start_Receive_IT
                0x080044de       0x74 ./Drivers/STM32F4xx_HAL_Driver/Src/stm32f4xx_hal_uart.o
                0x080044de                UART_Start_Receive_IT
 .text.UART_EndRxTransfer
                0x08004552       0xc6 ./Drivers/STM32F4xx_HAL_Driver/Src/stm32f4xx_hal_uart.o
 .text.UART_DMAAbortOnError
                0x08004618       0x22 ./Drivers/STM32F4xx_HAL_Driver/Src/stm32f4xx_hal_uart.o
 .text.UART_Transmit_IT
                0x0800463a       0xa0 ./Drivers/STM32F4xx_HAL_Driver/Src/stm32f4xx_hal_uart.o
 .text.UART_EndTransmit_IT
                0x080046da       0x30 ./Drivers/STM32F4xx_HAL_Driver/Src/stm32f4xx_hal_uart.o
 .text.UART_Receive_IT
                0x0800470a      0x17c ./Drivers/STM32F4xx_HAL_Driver/Src/stm32f4xx_hal_uart.o
 *fill*         0x08004886        0x2 
 .text.UART_SetConfig
                0x08004888      0x4e8 ./Drivers/STM32F4xx_HAL_Driver/Src/stm32f4xx_hal_uart.o
 .text.USB_CoreInit
                0x08004d70       0xc8 ./Drivers/STM32F4xx_HAL_Driver/Src/stm32f4xx_ll_usb.o
                0x08004d70                USB_CoreInit
 .text.USB_SetTurnaroundTime
                0x08004e38      0x144 ./Drivers/STM32F4xx_HAL_Driver/Src/stm32f4xx_ll_usb.o
                0x08004e38                USB_SetTurnaroundTime
 .text.USB_EnableGlobalInt
                0x08004f7c       0x22 ./Drivers/STM32F4xx_HAL_Driver/Src/stm32f4xx_ll_usb.o
                0x08004f7c                USB_EnableGlobalInt
 .text.USB_DisableGlobalInt
                0x08004f9e       0x22 ./Drivers/STM32F4xx_HAL_Driver/Src/stm32f4xx_ll_usb.o
                0x08004f9e                USB_DisableGlobalInt
 .text.USB_SetCurrentMode
                0x08004fc0       0x98 ./Drivers/STM32F4xx_HAL_Driver/Src/stm32f4xx_ll_usb.o
                0x08004fc0                USB_SetCurrentMode
 .text.USB_DevInit
                0x08005058      0x2c8 ./Drivers/STM32F4xx_HAL_Driver/Src/stm32f4xx_ll_usb.o
                0x08005058                USB_DevInit
 .text.USB_FlushTxFifo
                0x08005320       0x64 ./Drivers/STM32F4xx_HAL_Driver/Src/stm32f4xx_ll_usb.o
                0x08005320                USB_FlushTxFifo
 .text.USB_FlushRxFifo
                0x08005384       0x5c ./Drivers/STM32F4xx_HAL_Driver/Src/stm32f4xx_ll_usb.o
                0x08005384                USB_FlushRxFifo
 .text.USB_SetDevSpeed
                0x080053e0       0x32 ./Drivers/STM32F4xx_HAL_Driver/Src/stm32f4xx_ll_usb.o
                0x080053e0                USB_SetDevSpeed
 .text.USB_GetDevSpeed
                0x08005412       0x4a ./Drivers/STM32F4xx_HAL_Driver/Src/stm32f4xx_ll_usb.o
                0x08005412                USB_GetDevSpeed
 .text.USB_ActivateEndpoint
                0x0800545c      0x10e ./Drivers/STM32F4xx_HAL_Driver/Src/stm32f4xx_ll_usb.o
                0x0800545c                USB_ActivateEndpoint
 *fill*         0x0800556a        0x2 
 .text.USB_DeactivateEndpoint
                0x0800556c      0x1b8 ./Drivers/STM32F4xx_HAL_Driver/Src/stm32f4xx_ll_usb.o
                0x0800556c                USB_DeactivateEndpoint
 .text.USB_EPStartXfer
                0x08005724      0x53c ./Drivers/STM32F4xx_HAL_Driver/Src/stm32f4xx_ll_usb.o
                0x08005724                USB_EPStartXfer
 .text.USB_EPStopXfer
                0x08005c60      0x154 ./Drivers/STM32F4xx_HAL_Driver/Src/stm32f4xx_ll_usb.o
                0x08005c60                USB_EPStopXfer
 .text.USB_WritePacket
                0x08005db4       0x7c ./Drivers/STM32F4xx_HAL_Driver/Src/stm32f4xx_ll_usb.o
                0x08005db4                USB_WritePacket
 .text.USB_ReadPacket
                0x08005e30       0xb0 ./Drivers/STM32F4xx_HAL_Driver/Src/stm32f4xx_ll_usb.o
                0x08005e30                USB_ReadPacket
 .text.USB_EPSetStall
                0x08005ee0       0xdc ./Drivers/STM32F4xx_HAL_Driver/Src/stm32f4xx_ll_usb.o
                0x08005ee0                USB_EPSetStall
 .text.USB_EPClearStall
                0x08005fbc       0xcc ./Drivers/STM32F4xx_HAL_Driver/Src/stm32f4xx_ll_usb.o
                0x08005fbc                USB_EPClearStall
 .text.USB_SetDevAddress
                0x08006088       0x4c ./Drivers/STM32F4xx_HAL_Driver/Src/stm32f4xx_ll_usb.o
                0x08006088                USB_SetDevAddress
 .text.USB_DevConnect
                0x080060d4       0x42 ./Drivers/STM32F4xx_HAL_Driver/Src/stm32f4xx_ll_usb.o
                0x080060d4                USB_DevConnect
 .text.USB_DevDisconnect
                0x08006116       0x42 ./Drivers/STM32F4xx_HAL_Driver/Src/stm32f4xx_ll_usb.o
                0x08006116                USB_DevDisconnect
 .text.USB_ReadInterrupts
                0x08006158       0x26 ./Drivers/STM32F4xx_HAL_Driver/Src/stm32f4xx_ll_usb.o
                0x08006158                USB_ReadInterrupts
 .text.USB_ReadDevAllOutEpInterrupt
                0x0800617e       0x34 ./Drivers/STM32F4xx_HAL_Driver/Src/stm32f4xx_ll_usb.o
                0x0800617e                USB_ReadDevAllOutEpInterrupt
 .text.USB_ReadDevAllInEpInterrupt
                0x080061b2       0x34 ./Drivers/STM32F4xx_HAL_Driver/Src/stm32f4xx_ll_usb.o
                0x080061b2                USB_ReadDevAllInEpInterrupt
 .text.USB_ReadDevOutEPInterrupt
                0x080061e6       0x3c ./Drivers/STM32F4xx_HAL_Driver/Src/stm32f4xx_ll_usb.o
                0x080061e6                USB_ReadDevOutEPInterrupt
 .text.USB_ReadDevInEPInterrupt
                0x08006222       0x5c ./Drivers/STM32F4xx_HAL_Driver/Src/stm32f4xx_ll_usb.o
                0x08006222                USB_ReadDevInEPInterrupt
 .text.USB_GetMode
                0x0800627e       0x1c ./Drivers/STM32F4xx_HAL_Driver/Src/stm32f4xx_ll_usb.o
                0x0800627e                USB_GetMode
 .text.USB_ActivateSetup
                0x0800629a       0x46 ./Drivers/STM32F4xx_HAL_Driver/Src/stm32f4xx_ll_usb.o
                0x0800629a                USB_ActivateSetup
 .text.USB_EP0_OutStart
                0x080062e0       0xbc ./Drivers/STM32F4xx_HAL_Driver/Src/stm32f4xx_ll_usb.o
                0x080062e0                USB_EP0_OutStart
 .text.USB_CoreReset
                0x0800639c       0x70 ./Drivers/STM32F4xx_HAL_Driver/Src/stm32f4xx_ll_usb.o
 .text.USBD_CDC_Init
                0x0800640c      0x1f0 ./Middlewares/ST/STM32_USB_Device_Library/Class/CDC/Src/usbd_cdc.o
 .text.USBD_CDC_DeInit
                0x080065fc      0x104 ./Middlewares/ST/STM32_USB_Device_Library/Class/CDC/Src/usbd_cdc.o
 .text.USBD_CDC_Setup
                0x08006700      0x1b8 ./Middlewares/ST/STM32_USB_Device_Library/Class/CDC/Src/usbd_cdc.o
 .text.USBD_CDC_DataIn
                0x080068b8       0xfe ./Middlewares/ST/STM32_USB_Device_Library/Class/CDC/Src/usbd_cdc.o
 .text.USBD_CDC_DataOut
                0x080069b6       0x70 ./Middlewares/ST/STM32_USB_Device_Library/Class/CDC/Src/usbd_cdc.o
 .text.USBD_CDC_EP0_RxReady
                0x08006a26       0x74 ./Middlewares/ST/STM32_USB_Device_Library/Class/CDC/Src/usbd_cdc.o
 *fill*         0x08006a9a        0x2 
 .text.USBD_CDC_GetFSCfgDesc
                0x08006a9c       0x70 ./Middlewares/ST/STM32_USB_Device_Library/Class/CDC/Src/usbd_cdc.o
 .text.USBD_CDC_GetHSCfgDesc
                0x08006b0c       0x70 ./Middlewares/ST/STM32_USB_Device_Library/Class/CDC/Src/usbd_cdc.o
 .text.USBD_CDC_GetOtherSpeedCfgDesc
                0x08006b7c       0x70 ./Middlewares/ST/STM32_USB_Device_Library/Class/CDC/Src/usbd_cdc.o
 .text.USBD_CDC_GetDeviceQualifierDescriptor
                0x08006bec       0x20 ./Middlewares/ST/STM32_USB_Device_Library/Class/CDC/Src/usbd_cdc.o
                0x08006bec                USBD_CDC_GetDeviceQualifierDescriptor
 .text.USBD_CDC_RegisterInterface
                0x08006c0c       0x34 ./Middlewares/ST/STM32_USB_Device_Library/Class/CDC/Src/usbd_cdc.o
                0x08006c0c                USBD_CDC_RegisterInterface
 .text.USBD_CDC_SetTxBuffer
                0x08006c40       0x44 ./Middlewares/ST/STM32_USB_Device_Library/Class/CDC/Src/usbd_cdc.o
                0x08006c40                USBD_CDC_SetTxBuffer
 .text.USBD_CDC_SetRxBuffer
                0x08006c84       0x3a ./Middlewares/ST/STM32_USB_Device_Library/Class/CDC/Src/usbd_cdc.o
                0x08006c84                USBD_CDC_SetRxBuffer
 *fill*         0x08006cbe        0x2 
 .text.USBD_CDC_TransmitPacket
                0x08006cc0       0x80 ./Middlewares/ST/STM32_USB_Device_Library/Class/CDC/Src/usbd_cdc.o
                0x08006cc0                USBD_CDC_TransmitPacket
 .text.USBD_CDC_ReceivePacket
                0x08006d40       0x6c ./Middlewares/ST/STM32_USB_Device_Library/Class/CDC/Src/usbd_cdc.o
                0x08006d40                USBD_CDC_ReceivePacket
 .text.USBD_Init
                0x08006dac       0x60 ./Middlewares/ST/STM32_USB_Device_Library/Core/Src/usbd_core.o
                0x08006dac                USBD_Init
 .text.USBD_RegisterClass
                0x08006e0c       0x6c ./Middlewares/ST/STM32_USB_Device_Library/Core/Src/usbd_core.o
                0x08006e0c                USBD_RegisterClass
 .text.USBD_Start
                0x08006e78       0x18 ./Middlewares/ST/STM32_USB_Device_Library/Core/Src/usbd_core.o
                0x08006e78                USBD_Start
 .text.USBD_RunTestMode
                0x08006e90       0x16 ./Middlewares/ST/STM32_USB_Device_Library/Core/Src/usbd_core.o
                0x08006e90                USBD_RunTestMode
 .text.USBD_SetClassConfig
                0x08006ea6       0x38 ./Middlewares/ST/STM32_USB_Device_Library/Core/Src/usbd_core.o
                0x08006ea6                USBD_SetClassConfig
 .text.USBD_ClrClassConfig
                0x08006ede       0x34 ./Middlewares/ST/STM32_USB_Device_Library/Core/Src/usbd_core.o
                0x08006ede                USBD_ClrClassConfig
 .text.USBD_LL_SetupStage
                0x08006f12       0xaa ./Middlewares/ST/STM32_USB_Device_Library/Core/Src/usbd_core.o
                0x08006f12                USBD_LL_SetupStage
 .text.USBD_LL_DataOutStage
                0x08006fbc      0x178 ./Middlewares/ST/STM32_USB_Device_Library/Core/Src/usbd_core.o
                0x08006fbc                USBD_LL_DataOutStage
 .text.USBD_LL_DataInStage
                0x08007134      0x176 ./Middlewares/ST/STM32_USB_Device_Library/Core/Src/usbd_core.o
                0x08007134                USBD_LL_DataInStage
 .text.USBD_LL_Reset
                0x080072aa       0xa6 ./Middlewares/ST/STM32_USB_Device_Library/Core/Src/usbd_core.o
                0x080072aa                USBD_LL_Reset
 .text.USBD_LL_SetSpeed
                0x08007350       0x20 ./Middlewares/ST/STM32_USB_Device_Library/Core/Src/usbd_core.o
                0x08007350                USBD_LL_SetSpeed
 .text.USBD_LL_Suspend
                0x08007370       0x38 ./Middlewares/ST/STM32_USB_Device_Library/Core/Src/usbd_core.o
                0x08007370                USBD_LL_Suspend
 .text.USBD_LL_Resume
                0x080073a8       0x30 ./Middlewares/ST/STM32_USB_Device_Library/Core/Src/usbd_core.o
                0x080073a8                USBD_LL_Resume
 .text.USBD_LL_SOF
                0x080073d8       0x40 ./Middlewares/ST/STM32_USB_Device_Library/Core/Src/usbd_core.o
                0x080073d8                USBD_LL_SOF
 .text.USBD_LL_IsoINIncomplete
                0x08007418       0x64 ./Middlewares/ST/STM32_USB_Device_Library/Core/Src/usbd_core.o
                0x08007418                USBD_LL_IsoINIncomplete
 .text.USBD_LL_IsoOUTIncomplete
                0x0800747c       0x64 ./Middlewares/ST/STM32_USB_Device_Library/Core/Src/usbd_core.o
                0x0800747c                USBD_LL_IsoOUTIncomplete
 .text.USBD_LL_DevConnected
                0x080074e0       0x16 ./Middlewares/ST/STM32_USB_Device_Library/Core/Src/usbd_core.o
                0x080074e0                USBD_LL_DevConnected
 .text.USBD_LL_DevDisconnected
                0x080074f6       0x46 ./Middlewares/ST/STM32_USB_Device_Library/Core/Src/usbd_core.o
                0x080074f6                USBD_LL_DevDisconnected
 .text.USBD_CoreFindIF
                0x0800753c       0x1a ./Middlewares/ST/STM32_USB_Device_Library/Core/Src/usbd_core.o
                0x0800753c                USBD_CoreFindIF
 .text.USBD_CoreFindEP
                0x08007556       0x1a ./Middlewares/ST/STM32_USB_Device_Library/Core/Src/usbd_core.o
                0x08007556                USBD_CoreFindEP
 .text.USBD_GetEpDesc
                0x08007570       0x70 ./Middlewares/ST/STM32_USB_Device_Library/Core/Src/usbd_core.o
                0x08007570                USBD_GetEpDesc
 .text.USBD_GetNextDesc
                0x080075e0       0x38 ./Middlewares/ST/STM32_USB_Device_Library/Core/Src/usbd_core.o
                0x080075e0                USBD_GetNextDesc
 .text.SWAPBYTE
                0x08007618       0x3e ./Middlewares/ST/STM32_USB_Device_Library/Core/Src/usbd_ctlreq.o
 *fill*         0x08007656        0x2 
 .text.USBD_StdDevReq
                0x08007658       0xe4 ./Middlewares/ST/STM32_USB_Device_Library/Core/Src/usbd_ctlreq.o
                0x08007658                USBD_StdDevReq
 .text.USBD_StdItfReq
                0x0800773c       0xd8 ./Middlewares/ST/STM32_USB_Device_Library/Core/Src/usbd_ctlreq.o
                0x0800773c                USBD_StdItfReq
 .text.USBD_StdEPReq
                0x08007814      0x33e ./Middlewares/ST/STM32_USB_Device_Library/Core/Src/usbd_ctlreq.o
                0x08007814                USBD_StdEPReq
 *fill*         0x08007b52        0x2 
 .text.USBD_GetDescriptor
                0x08007b54      0x2d4 ./Middlewares/ST/STM32_USB_Device_Library/Core/Src/usbd_ctlreq.o
 .text.USBD_SetAddress
                0x08007e28       0x88 ./Middlewares/ST/STM32_USB_Device_Library/Core/Src/usbd_ctlreq.o
 .text.USBD_SetConfig
                0x08007eb0      0x154 ./Middlewares/ST/STM32_USB_Device_Library/Core/Src/usbd_ctlreq.o
 .text.USBD_GetConfig
                0x08008004       0x6c ./Middlewares/ST/STM32_USB_Device_Library/Core/Src/usbd_ctlreq.o
 .text.USBD_GetStatus
                0x08008070       0x68 ./Middlewares/ST/STM32_USB_Device_Library/Core/Src/usbd_ctlreq.o
 .text.USBD_SetFeature
                0x080080d8       0x52 ./Middlewares/ST/STM32_USB_Device_Library/Core/Src/usbd_ctlreq.o
 .text.USBD_ClrFeature
                0x0800812a       0x44 ./Middlewares/ST/STM32_USB_Device_Library/Core/Src/usbd_ctlreq.o
 .text.USBD_ParseSetupRequest
                0x0800816e       0x74 ./Middlewares/ST/STM32_USB_Device_Library/Core/Src/usbd_ctlreq.o
                0x0800816e                USBD_ParseSetupRequest
 .text.USBD_CtlError
                0x080081e2       0x22 ./Middlewares/ST/STM32_USB_Device_Library/Core/Src/usbd_ctlreq.o
                0x080081e2                USBD_CtlError
 .text.USBD_GetString
                0x08008204       0xa4 ./Middlewares/ST/STM32_USB_Device_Library/Core/Src/usbd_ctlreq.o
                0x08008204                USBD_GetString
 .text.USBD_GetLen
                0x080082a8       0x34 ./Middlewares/ST/STM32_USB_Device_Library/Core/Src/usbd_ctlreq.o
 .text.USBD_CtlSendData
                0x080082dc       0x3c ./Middlewares/ST/STM32_USB_Device_Library/Core/Src/usbd_ioreq.o
                0x080082dc                USBD_CtlSendData
 .text.USBD_CtlContinueSendData
                0x08008318       0x22 ./Middlewares/ST/STM32_USB_Device_Library/Core/Src/usbd_ioreq.o
                0x08008318                USBD_CtlContinueSendData
 .text.USBD_CtlPrepareRx
                0x0800833a       0x42 ./Middlewares/ST/STM32_USB_Device_Library/Core/Src/usbd_ioreq.o
                0x0800833a                USBD_CtlPrepareRx
 .text.USBD_CtlContinueRx
                0x0800837c       0x22 ./Middlewares/ST/STM32_USB_Device_Library/Core/Src/usbd_ioreq.o
                0x0800837c                USBD_CtlContinueRx
 .text.USBD_CtlSendStatus
                0x0800839e       0x26 ./Middlewares/ST/STM32_USB_Device_Library/Core/Src/usbd_ioreq.o
                0x0800839e                USBD_CtlSendStatus
 .text.USBD_CtlReceiveStatus
                0x080083c4       0x26 ./Middlewares/ST/STM32_USB_Device_Library/Core/Src/usbd_ioreq.o
                0x080083c4                USBD_CtlReceiveStatus
 .text.makeFreeRtosPriority
                0x080083ea       0x30 ./Middlewares/Third_Party/FreeRTOS/Source/CMSIS_RTOS/cmsis_os.o
 .text.inHandlerMode
                0x0800841a       0x24 ./Middlewares/Third_Party/FreeRTOS/Source/CMSIS_RTOS/cmsis_os.o
 .text.osKernelStart
                0x0800843e        0xe ./Middlewares/Third_Party/FreeRTOS/Source/CMSIS_RTOS/cmsis_os.o
                0x0800843e                osKernelStart
 .text.osKernelSysTick
                0x0800844c       0x20 ./Middlewares/Third_Party/FreeRTOS/Source/CMSIS_RTOS/cmsis_os.o
                0x0800844c                osKernelSysTick
 .text.osThreadCreate
                0x0800846c       0x98 ./Middlewares/Third_Party/FreeRTOS/Source/CMSIS_RTOS/cmsis_os.o
                0x0800846c                osThreadCreate
 .text.osDelay  0x08008504       0x28 ./Middlewares/Third_Party/FreeRTOS/Source/CMSIS_RTOS/cmsis_os.o
                0x08008504                osDelay
 .text.osMessageCreate
                0x0800852c       0x50 ./Middlewares/Third_Party/FreeRTOS/Source/CMSIS_RTOS/cmsis_os.o
                0x0800852c                osMessageCreate
 .text.osMessagePut
                0x0800857c       0x80 ./Middlewares/Third_Party/FreeRTOS/Source/CMSIS_RTOS/cmsis_os.o
                0x0800857c                osMessagePut
 .text.osMessageGet
                0x080085fc       0xe8 ./Middlewares/Third_Party/FreeRTOS/Source/CMSIS_RTOS/cmsis_os.o
                0x080085fc                osMessageGet
 .text.vListInitialise
                0x080086e4       0x40 ./Middlewares/Third_Party/FreeRTOS/Source/list.o
                0x080086e4                vListInitialise
 .text.vListInitialiseItem
                0x08008724       0x1a ./Middlewares/Third_Party/FreeRTOS/Source/list.o
                0x08008724                vListInitialiseItem
 .text.vListInsertEnd
                0x0800873e       0x48 ./Middlewares/Third_Party/FreeRTOS/Source/list.o
                0x0800873e                vListInsertEnd
 .text.vListInsert
                0x08008786       0x72 ./Middlewares/Third_Party/FreeRTOS/Source/list.o
                0x08008786                vListInsert
 .text.uxListRemove
                0x080087f8       0x54 ./Middlewares/Third_Party/FreeRTOS/Source/list.o
                0x080087f8                uxListRemove
 .text.xQueueGenericReset
                0x0800884c       0xd4 ./Middlewares/Third_Party/FreeRTOS/Source/queue.o
                0x0800884c                xQueueGenericReset
 .text.xQueueGenericCreateStatic
                0x08008920       0xfa ./Middlewares/Third_Party/FreeRTOS/Source/queue.o
                0x08008920                xQueueGenericCreateStatic
 .text.xQueueGenericCreate
                0x08008a1a       0x76 ./Middlewares/Third_Party/FreeRTOS/Source/queue.o
                0x08008a1a                xQueueGenericCreate
 .text.prvInitialiseNewQueue
                0x08008a90       0x3e ./Middlewares/Third_Party/FreeRTOS/Source/queue.o
 *fill*         0x08008ace        0x2 
 .text.xQueueGenericSend
                0x08008ad0      0x204 ./Middlewares/Third_Party/FreeRTOS/Source/queue.o
                0x08008ad0                xQueueGenericSend
 .text.xQueueGenericSendFromISR
                0x08008cd4      0x13c ./Middlewares/Third_Party/FreeRTOS/Source/queue.o
                0x08008cd4                xQueueGenericSendFromISR
 .text.xQueueReceive
                0x08008e10      0x1c4 ./Middlewares/Third_Party/FreeRTOS/Source/queue.o
                0x08008e10                xQueueReceive
 .text.xQueueReceiveFromISR
                0x08008fd4      0x104 ./Middlewares/Third_Party/FreeRTOS/Source/queue.o
                0x08008fd4                xQueueReceiveFromISR
 .text.prvCopyDataToQueue
                0x080090d8       0xd4 ./Middlewares/Third_Party/FreeRTOS/Source/queue.o
 .text.prvCopyDataFromQueue
                0x080091ac       0x4c ./Middlewares/Third_Party/FreeRTOS/Source/queue.o
 .text.prvUnlockQueue
                0x080091f8       0xa4 ./Middlewares/Third_Party/FreeRTOS/Source/queue.o
 .text.prvIsQueueEmpty
                0x0800929c       0x2c ./Middlewares/Third_Party/FreeRTOS/Source/queue.o
 .text.prvIsQueueFull
                0x080092c8       0x30 ./Middlewares/Third_Party/FreeRTOS/Source/queue.o
 .text.xTaskCreateStatic
                0x080092f8       0xc0 ./Middlewares/Third_Party/FreeRTOS/Source/tasks.o
                0x080092f8                xTaskCreateStatic
 .text.xTaskCreate
                0x080093b8       0x8a ./Middlewares/Third_Party/FreeRTOS/Source/tasks.o
                0x080093b8                xTaskCreate
 *fill*         0x08009442        0x2 
 .text.prvInitialiseNewTask
                0x08009444      0x140 ./Middlewares/Third_Party/FreeRTOS/Source/tasks.o
 .text.prvAddNewTaskToReadyList
                0x08009584       0xd4 ./Middlewares/Third_Party/FreeRTOS/Source/tasks.o
 .text.vTaskDelay
                0x08009658       0x6c ./Middlewares/Third_Party/FreeRTOS/Source/tasks.o
                0x08009658                vTaskDelay
 .text.vTaskStartScheduler
                0x080096c4       0xd4 ./Middlewares/Third_Party/FreeRTOS/Source/tasks.o
                0x080096c4                vTaskStartScheduler
 .text.vTaskSuspendAll
                0x08009798       0x1c ./Middlewares/Third_Party/FreeRTOS/Source/tasks.o
                0x08009798                vTaskSuspendAll
 .text.xTaskResumeAll
                0x080097b4      0x13c ./Middlewares/Third_Party/FreeRTOS/Source/tasks.o
                0x080097b4                xTaskResumeAll
 .text.xTaskGetTickCount
                0x080098f0       0x20 ./Middlewares/Third_Party/FreeRTOS/Source/tasks.o
                0x080098f0                xTaskGetTickCount
 .text.xTaskGetTickCountFromISR
                0x08009910       0x24 ./Middlewares/Third_Party/FreeRTOS/Source/tasks.o
                0x08009910                xTaskGetTickCountFromISR
 .text.xTaskIncrementTick
                0x08009934      0x174 ./Middlewares/Third_Party/FreeRTOS/Source/tasks.o
                0x08009934                xTaskIncrementTick
 .text.vTaskSwitchContext
                0x08009aa8       0xc8 ./Middlewares/Third_Party/FreeRTOS/Source/tasks.o
                0x08009aa8                vTaskSwitchContext
 .text.vTaskPlaceOnEventList
                0x08009b70       0x4c ./Middlewares/Third_Party/FreeRTOS/Source/tasks.o
                0x08009b70                vTaskPlaceOnEventList
 .text.xTaskRemoveFromEventList
                0x08009bbc       0xc8 ./Middlewares/Third_Party/FreeRTOS/Source/tasks.o
                0x08009bbc                xTaskRemoveFromEventList
 .text.vTaskInternalSetTimeOutState
                0x08009c84       0x2c ./Middlewares/Third_Party/FreeRTOS/Source/tasks.o
                0x08009c84                vTaskInternalSetTimeOutState
 .text.xTaskCheckForTimeOut
                0x08009cb0       0xc8 ./Middlewares/Third_Party/FreeRTOS/Source/tasks.o
                0x08009cb0                xTaskCheckForTimeOut
 .text.vTaskMissedYield
                0x08009d78       0x18 ./Middlewares/Third_Party/FreeRTOS/Source/tasks.o
                0x08009d78                vTaskMissedYield
 .text.prvIdleTask
                0x08009d90       0x30 ./Middlewares/Third_Party/FreeRTOS/Source/tasks.o
 .text.prvInitialiseTaskLists
                0x08009dc0       0x80 ./Middlewares/Third_Party/FreeRTOS/Source/tasks.o
 .text.prvCheckTasksWaitingTermination
                0x08009e40       0x5c ./Middlewares/Third_Party/FreeRTOS/Source/tasks.o
 .text.prvDeleteTCB
                0x08009e9c       0x6a ./Middlewares/Third_Party/FreeRTOS/Source/tasks.o
 *fill*         0x08009f06        0x2 
 .text.prvResetNextTaskUnblockTime
                0x08009f08       0x40 ./Middlewares/Third_Party/FreeRTOS/Source/tasks.o
 .text.xTaskGetSchedulerState
                0x08009f48       0x3c ./Middlewares/Third_Party/FreeRTOS/Source/tasks.o
                0x08009f48                xTaskGetSchedulerState
 .text.xTaskPriorityDisinherit
                0x08009f84      0x110 ./Middlewares/Third_Party/FreeRTOS/Source/tasks.o
                0x08009f84                xTaskPriorityDisinherit
 .text.ulTaskNotifyTake
                0x0800a094       0x98 ./Middlewares/Third_Party/FreeRTOS/Source/tasks.o
                0x0800a094                ulTaskNotifyTake
 .text.xTaskGenericNotify
                0x0800a12c      0x184 ./Middlewares/Third_Party/FreeRTOS/Source/tasks.o
                0x0800a12c                xTaskGenericNotify
 .text.prvAddCurrentTaskToDelayedList
                0x0800a2b0       0xcc ./Middlewares/Third_Party/FreeRTOS/Source/tasks.o
 .text.pxPortInitialiseStack
                0x0800a37c       0x68 ./Middlewares/Third_Party/FreeRTOS/Source/portable/GCC/ARM_CM4F/port.o
                0x0800a37c                pxPortInitialiseStack
 .text.prvTaskExitError
                0x0800a3e4       0x5c ./Middlewares/Third_Party/FreeRTOS/Source/portable/GCC/ARM_CM4F/port.o
 .text.SVC_Handler
                0x0800a440       0x28 ./Middlewares/Third_Party/FreeRTOS/Source/portable/GCC/ARM_CM4F/port.o
                0x0800a440                SVC_Handler
 .text.prvPortStartFirstTask
                0x0800a468       0x28 ./Middlewares/Third_Party/FreeRTOS/Source/portable/GCC/ARM_CM4F/port.o
 .text.xPortStartScheduler
                0x0800a490      0x148 ./Middlewares/Third_Party/FreeRTOS/Source/portable/GCC/ARM_CM4F/port.o
                0x0800a490                xPortStartScheduler
 .text.vPortEnterCritical
                0x0800a5d8       0x64 ./Middlewares/Third_Party/FreeRTOS/Source/portable/GCC/ARM_CM4F/port.o
                0x0800a5d8                vPortEnterCritical
 .text.vPortExitCritical
                0x0800a63c       0x54 ./Middlewares/Third_Party/FreeRTOS/Source/portable/GCC/ARM_CM4F/port.o
                0x0800a63c                vPortExitCritical
 .text.PendSV_Handler
                0x0800a690       0x68 ./Middlewares/Third_Party/FreeRTOS/Source/portable/GCC/ARM_CM4F/port.o
                0x0800a690                PendSV_Handler
 .text.SysTick_Handler
                0x0800a6f8       0x44 ./Middlewares/Third_Party/FreeRTOS/Source/portable/GCC/ARM_CM4F/port.o
                0x0800a6f8                SysTick_Handler
 .text.vPortSetupTimerInterrupt
                0x0800a73c       0x48 ./Middlewares/Third_Party/FreeRTOS/Source/portable/GCC/ARM_CM4F/port.o
                0x0800a73c                vPortSetupTimerInterrupt
 .text.vPortEnableVFP
                0x0800a784       0x14 ./Middlewares/Third_Party/FreeRTOS/Source/portable/GCC/ARM_CM4F/port.o
 .text.vPortValidateInterruptPriority
                0x0800a798       0x84 ./Middlewares/Third_Party/FreeRTOS/Source/portable/GCC/ARM_CM4F/port.o
                0x0800a798                vPortValidateInterruptPriority
 .text.pvPortMalloc
                0x0800a81c      0x19c ./Middlewares/Third_Party/FreeRTOS/Source/portable/MemMang/heap_4.o
                0x0800a81c                pvPortMalloc
 .text.vPortFree
                0x0800a9b8       0xc8 ./Middlewares/Third_Party/FreeRTOS/Source/portable/MemMang/heap_4.o
                0x0800a9b8                vPortFree
 .text.prvHeapInit
                0x0800aa80       0xc4 ./Middlewares/Third_Party/FreeRTOS/Source/portable/MemMang/heap_4.o
 .text.prvInsertBlockIntoFreeList
                0x0800ab44       0xb4 ./Middlewares/Third_Party/FreeRTOS/Source/portable/MemMang/heap_4.o
 .text.MX_USB_DEVICE_Init
                0x0800abf8       0x60 ./USB_DEVICE/App/usb_device.o
                0x0800abf8                MX_USB_DEVICE_Init
 .text.CDC_Init_FS
                0x0800ac58       0x28 ./USB_DEVICE/App/usbd_cdc_if.o
 .text.CDC_DeInit_FS
                0x0800ac80       0x10 ./USB_DEVICE/App/usbd_cdc_if.o
 .text.CDC_Control_FS
                0x0800ac90       0xbc ./USB_DEVICE/App/usbd_cdc_if.o
 .text.CDC_Receive_FS
                0x0800ad4c       0x28 ./USB_DEVICE/App/usbd_cdc_if.o
 .text.CDC_Transmit_FS
                0x0800ad74       0x4c ./USB_DEVICE/App/usbd_cdc_if.o
                0x0800ad74                CDC_Transmit_FS
 .text.CDC_TransmitCplt_FS
                0x0800adc0       0x22 ./USB_DEVICE/App/usbd_cdc_if.o
 *fill*         0x0800ade2        0x2 
 .text.USBD_FS_DeviceDescriptor
                0x0800ade4       0x24 ./USB_DEVICE/App/usbd_desc.o
                0x0800ade4                USBD_FS_DeviceDescriptor
 .text.USBD_FS_LangIDStrDescriptor
                0x0800ae08       0x24 ./USB_DEVICE/App/usbd_desc.o
                0x0800ae08                USBD_FS_LangIDStrDescriptor
 .text.USBD_FS_ProductStrDescriptor
                0x0800ae2c       0x3c ./USB_DEVICE/App/usbd_desc.o
                0x0800ae2c                USBD_FS_ProductStrDescriptor
 .text.USBD_FS_ManufacturerStrDescriptor
                0x0800ae68       0x28 ./USB_DEVICE/App/usbd_desc.o
                0x0800ae68                USBD_FS_ManufacturerStrDescriptor
 .text.USBD_FS_SerialStrDescriptor
                0x0800ae90       0x24 ./USB_DEVICE/App/usbd_desc.o
                0x0800ae90                USBD_FS_SerialStrDescriptor
 .text.USBD_FS_ConfigStrDescriptor
                0x0800aeb4       0x3c ./USB_DEVICE/App/usbd_desc.o
                0x0800aeb4                USBD_FS_ConfigStrDescriptor
 .text.USBD_FS_InterfaceStrDescriptor
                0x0800aef0       0x3c ./USB_DEVICE/App/usbd_desc.o
                0x0800aef0                USBD_FS_InterfaceStrDescriptor
 .text.Get_SerialNum
                0x0800af2c       0x58 ./USB_DEVICE/App/usbd_desc.o
 .text.IntToUnicode
                0x0800af84       0x7e ./USB_DEVICE/App/usbd_desc.o
 *fill*         0x0800b002        0x2 
 .text.HAL_PCD_MspInit
                0x0800b004       0xa8 ./USB_DEVICE/Target/usbd_conf.o
                0x0800b004                HAL_PCD_MspInit
 .text.HAL_PCD_SetupStageCallback
                0x0800b0ac       0x24 ./USB_DEVICE/Target/usbd_conf.o
                0x0800b0ac                HAL_PCD_SetupStageCallback
 .text.HAL_PCD_DataOutStageCallback
                0x0800b0d0       0x36 ./USB_DEVICE/Target/usbd_conf.o
                0x0800b0d0                HAL_PCD_DataOutStageCallback
 .text.HAL_PCD_DataInStageCallback
                0x0800b106       0x34 ./USB_DEVICE/Target/usbd_conf.o
                0x0800b106                HAL_PCD_DataInStageCallback
 .text.HAL_PCD_SOFCallback
                0x0800b13a       0x1c ./USB_DEVICE/Target/usbd_conf.o
                0x0800b13a                HAL_PCD_SOFCallback
 .text.HAL_PCD_ResetCallback
                0x0800b156       0x3c ./USB_DEVICE/Target/usbd_conf.o
                0x0800b156                HAL_PCD_ResetCallback
 *fill*         0x0800b192        0x2 
 .text.HAL_PCD_SuspendCallback
                0x0800b194       0x4c ./USB_DEVICE/Target/usbd_conf.o
                0x0800b194                HAL_PCD_SuspendCallback
 .text.HAL_PCD_ResumeCallback
                0x0800b1e0       0x1c ./USB_DEVICE/Target/usbd_conf.o
                0x0800b1e0                HAL_PCD_ResumeCallback
 .text.HAL_PCD_ISOOUTIncompleteCallback
                0x0800b1fc       0x24 ./USB_DEVICE/Target/usbd_conf.o
                0x0800b1fc                HAL_PCD_ISOOUTIncompleteCallback
 .text.HAL_PCD_ISOINIncompleteCallback
                0x0800b220       0x24 ./USB_DEVICE/Target/usbd_conf.o
                0x0800b220                HAL_PCD_ISOINIncompleteCallback
 .text.HAL_PCD_ConnectCallback
                0x0800b244       0x1c ./USB_DEVICE/Target/usbd_conf.o
                0x0800b244                HAL_PCD_ConnectCallback
 .text.HAL_PCD_DisconnectCallback
                0x0800b260       0x1c ./USB_DEVICE/Target/usbd_conf.o
                0x0800b260                HAL_PCD_DisconnectCallback
 .text.USBD_LL_Init
                0x0800b27c       0x98 ./USB_DEVICE/Target/usbd_conf.o
                0x0800b27c                USBD_LL_Init
 .text.USBD_LL_Start
                0x0800b314       0x36 ./USB_DEVICE/Target/usbd_conf.o
                0x0800b314                USBD_LL_Start
 .text.USBD_LL_OpenEP
                0x0800b34a       0x4c ./USB_DEVICE/Target/usbd_conf.o
                0x0800b34a                USBD_LL_OpenEP
 .text.USBD_LL_CloseEP
                0x0800b396       0x3e ./USB_DEVICE/Target/usbd_conf.o
                0x0800b396                USBD_LL_CloseEP
 .text.USBD_LL_StallEP
                0x0800b3d4       0x3e ./USB_DEVICE/Target/usbd_conf.o
                0x0800b3d4                USBD_LL_StallEP
 .text.USBD_LL_ClearStallEP
                0x0800b412       0x3e ./USB_DEVICE/Target/usbd_conf.o
                0x0800b412                USBD_LL_ClearStallEP
 .text.USBD_LL_IsStallEP
                0x0800b450       0x58 ./USB_DEVICE/Target/usbd_conf.o
                0x0800b450                USBD_LL_IsStallEP
 .text.USBD_LL_SetUSBAddress
                0x0800b4a8       0x3e ./USB_DEVICE/Target/usbd_conf.o
                0x0800b4a8                USBD_LL_SetUSBAddress
 .text.USBD_LL_Transmit
                0x0800b4e6       0x42 ./USB_DEVICE/Target/usbd_conf.o
                0x0800b4e6                USBD_LL_Transmit
 .text.USBD_LL_PrepareReceive
                0x0800b528       0x42 ./USB_DEVICE/Target/usbd_conf.o
                0x0800b528                USBD_LL_PrepareReceive
 .text.USBD_LL_GetRxDataSize
                0x0800b56a       0x26 ./USB_DEVICE/Target/usbd_conf.o
                0x0800b56a                USBD_LL_GetRxDataSize
 .text.USBD_static_malloc
                0x0800b590       0x1c ./USB_DEVICE/Target/usbd_conf.o
                0x0800b590                USBD_static_malloc
 .text.USBD_static_free
                0x0800b5ac       0x14 ./USB_DEVICE/Target/usbd_conf.o
                0x0800b5ac                USBD_static_free
 .text.USBD_Get_USB_Status
                0x0800b5c0       0x58 ./USB_DEVICE/Target/usbd_conf.o
                0x0800b5c0                USBD_Get_USB_Status
 .text._vsprintf_r
                0x0800b618       0x2c C:/ST/STM32CubeIDE_1.19.0/STM32CubeIDE/plugins/com.st.stm32cube.ide.mcu.externaltools.gnu-tools-for-stm32.13.3.rel1.win32_1.0.0.202411081344/tools/bin/../lib/gcc/arm-none-eabi/13.3.1/../../../../arm-none-eabi/lib/thumb/v7e-m+fp/hard\libc_nano.a(libc_a-vsprintf.o)
                0x0800b618                _vsprintf_r
                0x0800b618                _vsiprintf_r
 .text.vsprintf
                0x0800b644       0x14 C:/ST/STM32CubeIDE_1.19.0/STM32CubeIDE/plugins/com.st.stm32cube.ide.mcu.externaltools.gnu-tools-for-stm32.13.3.rel1.win32_1.0.0.202411081344/tools/bin/../lib/gcc/arm-none-eabi/13.3.1/../../../../arm-none-eabi/lib/thumb/v7e-m+fp/hard\libc_nano.a(libc_a-vsprintf.o)
                0x0800b644                vsiprintf
                0x0800b644                vsprintf
 .text.memset   0x0800b658       0x10 C:/ST/STM32CubeIDE_1.19.0/STM32CubeIDE/plugins/com.st.stm32cube.ide.mcu.externaltools.gnu-tools-for-stm32.13.3.rel1.win32_1.0.0.202411081344/tools/bin/../lib/gcc/arm-none-eabi/13.3.1/../../../../arm-none-eabi/lib/thumb/v7e-m+fp/hard\libc_nano.a(libc_a-memset.o)
                0x0800b658                memset
 .text._reclaim_reent
                0x0800b668       0xbc C:/ST/STM32CubeIDE_1.19.0/STM32CubeIDE/plugins/com.st.stm32cube.ide.mcu.externaltools.gnu-tools-for-stm32.13.3.rel1.win32_1.0.0.202411081344/tools/bin/../lib/gcc/arm-none-eabi/13.3.1/../../../../arm-none-eabi/lib/thumb/v7e-m+fp/hard\libc_nano.a(libc_a-reent.o)
                0x0800b668                _reclaim_reent
 .text.__errno  0x0800b724        0xc C:/ST/STM32CubeIDE_1.19.0/STM32CubeIDE/plugins/com.st.stm32cube.ide.mcu.externaltools.gnu-tools-for-stm32.13.3.rel1.win32_1.0.0.202411081344/tools/bin/../lib/gcc/arm-none-eabi/13.3.1/../../../../arm-none-eabi/lib/thumb/v7e-m+fp/hard\libc_nano.a(libc_a-errno.o)
                0x0800b724                __errno
 .text.__libc_init_array
                0x0800b730       0x48 C:/ST/STM32CubeIDE_1.19.0/STM32CubeIDE/plugins/com.st.stm32cube.ide.mcu.externaltools.gnu-tools-for-stm32.13.3.rel1.win32_1.0.0.202411081344/tools/bin/../lib/gcc/arm-none-eabi/13.3.1/../../../../arm-none-eabi/lib/thumb/v7e-m+fp/hard\libc_nano.a(libc_a-init.o)
                0x0800b730                __libc_init_array
 .text.__retarget_lock_acquire_recursive
                0x0800b778        0x2 C:/ST/STM32CubeIDE_1.19.0/STM32CubeIDE/plugins/com.st.stm32cube.ide.mcu.externaltools.gnu-tools-for-stm32.13.3.rel1.win32_1.0.0.202411081344/tools/bin/../lib/gcc/arm-none-eabi/13.3.1/../../../../arm-none-eabi/lib/thumb/v7e-m+fp/hard\libc_nano.a(libc_a-lock.o)
                0x0800b778                __retarget_lock_acquire_recursive
 .text.__retarget_lock_release_recursive
                0x0800b77a        0x2 C:/ST/STM32CubeIDE_1.19.0/STM32CubeIDE/plugins/com.st.stm32cube.ide.mcu.externaltools.gnu-tools-for-stm32.13.3.rel1.win32_1.0.0.202411081344/tools/bin/../lib/gcc/arm-none-eabi/13.3.1/../../../../arm-none-eabi/lib/thumb/v7e-m+fp/hard\libc_nano.a(libc_a-lock.o)
                0x0800b77a                __retarget_lock_release_recursive
 .text.memcpy   0x0800b77c       0x1c C:/ST/STM32CubeIDE_1.19.0/STM32CubeIDE/plugins/com.st.stm32cube.ide.mcu.externaltools.gnu-tools-for-stm32.13.3.rel1.win32_1.0.0.202411081344/tools/bin/../lib/gcc/arm-none-eabi/13.3.1/../../../../arm-none-eabi/lib/thumb/v7e-m+fp/hard\libc_nano.a(libc_a-memcpy-stub.o)
                0x0800b77c                memcpy
 .text._free_r  0x0800b798       0x94 C:/ST/STM32CubeIDE_1.19.0/STM32CubeIDE/plugins/com.st.stm32cube.ide.mcu.externaltools.gnu-tools-for-stm32.13.3.rel1.win32_1.0.0.202411081344/tools/bin/../lib/gcc/arm-none-eabi/13.3.1/../../../../arm-none-eabi/lib/thumb/v7e-m+fp/hard\libc_nano.a(libc_a-freer.o)
                0x0800b798                _free_r
 .text.sbrk_aligned
                0x0800b82c       0x44 C:/ST/STM32CubeIDE_1.19.0/STM32CubeIDE/plugins/com.st.stm32cube.ide.mcu.externaltools.gnu-tools-for-stm32.13.3.rel1.win32_1.0.0.202411081344/tools/bin/../lib/gcc/arm-none-eabi/13.3.1/../../../../arm-none-eabi/lib/thumb/v7e-m+fp/hard\libc_nano.a(libc_a-mallocr.o)
 .text._malloc_r
                0x0800b870      0x100 C:/ST/STM32CubeIDE_1.19.0/STM32CubeIDE/plugins/com.st.stm32cube.ide.mcu.externaltools.gnu-tools-for-stm32.13.3.rel1.win32_1.0.0.202411081344/tools/bin/../lib/gcc/arm-none-eabi/13.3.1/../../../../arm-none-eabi/lib/thumb/v7e-m+fp/hard\libc_nano.a(libc_a-mallocr.o)
                0x0800b870                _malloc_r
 .text.__malloc_lock
                0x0800b970        0xc C:/ST/STM32CubeIDE_1.19.0/STM32CubeIDE/plugins/com.st.stm32cube.ide.mcu.externaltools.gnu-tools-for-stm32.13.3.rel1.win32_1.0.0.202411081344/tools/bin/../lib/gcc/arm-none-eabi/13.3.1/../../../../arm-none-eabi/lib/thumb/v7e-m+fp/hard\libc_nano.a(libc_a-mlock.o)
                0x0800b970                __malloc_lock
 .text.__malloc_unlock
                0x0800b97c        0xc C:/ST/STM32CubeIDE_1.19.0/STM32CubeIDE/plugins/com.st.stm32cube.ide.mcu.externaltools.gnu-tools-for-stm32.13.3.rel1.win32_1.0.0.202411081344/tools/bin/../lib/gcc/arm-none-eabi/13.3.1/../../../../arm-none-eabi/lib/thumb/v7e-m+fp/hard\libc_nano.a(libc_a-mlock.o)
                0x0800b97c                __malloc_unlock
 .text.__ssputs_r
                0x0800b988       0xb6 C:/ST/STM32CubeIDE_1.19.0/STM32CubeIDE/plugins/com.st.stm32cube.ide.mcu.externaltools.gnu-tools-for-stm32.13.3.rel1.win32_1.0.0.202411081344/tools/bin/../lib/gcc/arm-none-eabi/13.3.1/../../../../arm-none-eabi/lib/thumb/v7e-m+fp/hard\libc_nano.a(libc_a-nano-svfprintf.o)
                0x0800b988                __ssputs_r
 *fill*         0x0800ba3e        0x2 
 .text._svfprintf_r
                0x0800ba40      0x1f8 C:/ST/STM32CubeIDE_1.19.0/STM32CubeIDE/plugins/com.st.stm32cube.ide.mcu.externaltools.gnu-tools-for-stm32.13.3.rel1.win32_1.0.0.202411081344/tools/bin/../lib/gcc/arm-none-eabi/13.3.1/../../../../arm-none-eabi/lib/thumb/v7e-m+fp/hard\libc_nano.a(libc_a-nano-svfprintf.o)
                0x0800ba40                _svfiprintf_r
                0x0800ba40                _svfprintf_r
 .text._printf_common
                0x0800bc38       0xda C:/ST/STM32CubeIDE_1.19.0/STM32CubeIDE/plugins/com.st.stm32cube.ide.mcu.externaltools.gnu-tools-for-stm32.13.3.rel1.win32_1.0.0.202411081344/tools/bin/../lib/gcc/arm-none-eabi/13.3.1/../../../../arm-none-eabi/lib/thumb/v7e-m+fp/hard\libc_nano.a(libc_a-nano-vfprintf_i.o)
                0x0800bc38                _printf_common
 *fill*         0x0800bd12        0x2 
 .text._printf_i
                0x0800bd14      0x23c C:/ST/STM32CubeIDE_1.19.0/STM32CubeIDE/plugins/com.st.stm32cube.ide.mcu.externaltools.gnu-tools-for-stm32.13.3.rel1.win32_1.0.0.202411081344/tools/bin/../lib/gcc/arm-none-eabi/13.3.1/../../../../arm-none-eabi/lib/thumb/v7e-m+fp/hard\libc_nano.a(libc_a-nano-vfprintf_i.o)
                0x0800bd14                _printf_i
 .text.memmove  0x0800bf50       0x34 C:/ST/STM32CubeIDE_1.19.0/STM32CubeIDE/plugins/com.st.stm32cube.ide.mcu.externaltools.gnu-tools-for-stm32.13.3.rel1.win32_1.0.0.202411081344/tools/bin/../lib/gcc/arm-none-eabi/13.3.1/../../../../arm-none-eabi/lib/thumb/v7e-m+fp/hard\libc_nano.a(libc_a-memmove.o)
                0x0800bf50                memmove
 .text._sbrk_r  0x0800bf84       0x20 C:/ST/STM32CubeIDE_1.19.0/STM32CubeIDE/plugins/com.st.stm32cube.ide.mcu.externaltools.gnu-tools-for-stm32.13.3.rel1.win32_1.0.0.202411081344/tools/bin/../lib/gcc/arm-none-eabi/13.3.1/../../../../arm-none-eabi/lib/thumb/v7e-m+fp/hard\libc_nano.a(libc_a-sbrkr.o)
                0x0800bf84                _sbrk_r
 .text._realloc_r
                0x0800bfa4       0x5c C:/ST/STM32CubeIDE_1.19.0/STM32CubeIDE/plugins/com.st.stm32cube.ide.mcu.externaltools.gnu-tools-for-stm32.13.3.rel1.win32_1.0.0.202411081344/tools/bin/../lib/gcc/arm-none-eabi/13.3.1/../../../../arm-none-eabi/lib/thumb/v7e-m+fp/hard\libc_nano.a(libc_a-reallocr.o)
                0x0800bfa4                _realloc_r
 .text._malloc_usable_size_r
                0x0800c000       0x10 C:/ST/STM32CubeIDE_1.19.0/STM32CubeIDE/plugins/com.st.stm32cube.ide.mcu.externaltools.gnu-tools-for-stm32.13.3.rel1.win32_1.0.0.202411081344/tools/bin/../lib/gcc/arm-none-eabi/13.3.1/../../../../arm-none-eabi/lib/thumb/v7e-m+fp/hard\libc_nano.a(libc_a-msizer.o)
                0x0800c000                _malloc_usable_size_r
 *(.glue_7)
 .glue_7        0x0800c010        0x0 linker stubs
 *(.glue_7t)
 .glue_7t       0x0800c010        0x0 linker stubs
 *(.eh_frame)
 .eh_frame      0x0800c010        0x0 C:/ST/STM32CubeIDE_1.19.0/STM32CubeIDE/plugins/com.st.stm32cube.ide.mcu.externaltools.gnu-tools-for-stm32.13.3.rel1.win32_1.0.0.202411081344/tools/bin/../lib/gcc/arm-none-eabi/13.3.1/thumb/v7e-m+fp/hard/crtbegin.o
 *(.init)
 .init          0x0800c010        0x4 C:/ST/STM32CubeIDE_1.19.0/STM32CubeIDE/plugins/com.st.stm32cube.ide.mcu.externaltools.gnu-tools-for-stm32.13.3.rel1.win32_1.0.0.202411081344/tools/bin/../lib/gcc/arm-none-eabi/13.3.1/thumb/v7e-m+fp/hard/crti.o
                0x0800c010                _init
 .init          0x0800c014        0x8 C:/ST/STM32CubeIDE_1.19.0/STM32CubeIDE/plugins/com.st.stm32cube.ide.mcu.externaltools.gnu-tools-for-stm32.13.3.rel1.win32_1.0.0.202411081344/tools/bin/../lib/gcc/arm-none-eabi/13.3.1/thumb/v7e-m+fp/hard/crtn.o
 *(.fini)
 .fini          0x0800c01c        0x4 C:/ST/STM32CubeIDE_1.19.0/STM32CubeIDE/plugins/com.st.stm32cube.ide.mcu.externaltools.gnu-tools-for-stm32.13.3.rel1.win32_1.0.0.202411081344/tools/bin/../lib/gcc/arm-none-eabi/13.3.1/thumb/v7e-m+fp/hard/crti.o
                0x0800c01c                _fini
 .fini          0x0800c020        0x8 C:/ST/STM32CubeIDE_1.19.0/STM32CubeIDE/plugins/com.st.stm32cube.ide.mcu.externaltools.gnu-tools-for-stm32.13.3.rel1.win32_1.0.0.202411081344/tools/bin/../lib/gcc/arm-none-eabi/13.3.1/thumb/v7e-m+fp/hard/crtn.o
                0x0800c028                        . = ALIGN (0x4)
                0x0800c028                        _etext = .

.vfp11_veneer   0x0800c028        0x0
 .vfp11_veneer  0x0800c028        0x0 linker stubs

.v4_bx          0x0800c028        0x0
 .v4_bx         0x0800c028        0x0 linker stubs

.iplt           0x0800c028        0x0
 .iplt          0x0800c028        0x0 C:/ST/STM32CubeIDE_1.19.0/STM32CubeIDE/plugins/com.st.stm32cube.ide.mcu.externaltools.gnu-tools-for-stm32.13.3.rel1.win32_1.0.0.202411081344/tools/bin/../lib/gcc/arm-none-eabi/13.3.1/thumb/v7e-m+fp/hard/crtbegin.o

.rodata         0x0800c028      0x1f8
                0x0800c028                        . = ALIGN (0x4)
 *(.rodata)
 .rodata        0x0800c028      0x15c ./Core/Src/freertos.o
 .rodata        0x0800c184        0x5 ./Middlewares/Third_Party/FreeRTOS/Source/tasks.o
 *fill*         0x0800c189        0x3 
 .rodata        0x0800c18c       0x46 ./USB_DEVICE/App/usbd_desc.o
 *(.rodata*)
 *fill*         0x0800c1d2        0x2 
 .rodata.AHBPrescTable
                0x0800c1d4       0x10 ./Core/Src/system_stm32f4xx.o
                0x0800c1d4                AHBPrescTable
 .rodata.APBPrescTable
                0x0800c1e4        0x8 ./Core/Src/system_stm32f4xx.o
                0x0800c1e4                APBPrescTable
 .rodata._svfprintf_r.str1.1
                0x0800c1ec       0x33 C:/ST/STM32CubeIDE_1.19.0/STM32CubeIDE/plugins/com.st.stm32cube.ide.mcu.externaltools.gnu-tools-for-stm32.13.3.rel1.win32_1.0.0.202411081344/tools/bin/../lib/gcc/arm-none-eabi/13.3.1/../../../../arm-none-eabi/lib/thumb/v7e-m+fp/hard\libc_nano.a(libc_a-nano-svfprintf.o)
                                 0x11 (size before relaxing)
 .rodata._printf_i.str1.1
                0x0800c21f       0x22 C:/ST/STM32CubeIDE_1.19.0/STM32CubeIDE/plugins/com.st.stm32cube.ide.mcu.externaltools.gnu-tools-for-stm32.13.3.rel1.win32_1.0.0.202411081344/tools/bin/../lib/gcc/arm-none-eabi/13.3.1/../../../../arm-none-eabi/lib/thumb/v7e-m+fp/hard\libc_nano.a(libc_a-nano-vfprintf_i.o)
                0x0800c244                        . = ALIGN (0x4)
 *fill*         0x0800c21f        0x1 

.ARM.extab      0x0800c220        0x0
                0x0800c220                        . = ALIGN (0x4)
 *(.ARM.extab* .gnu.linkonce.armextab.*)
                0x0800c220                        . = ALIGN (0x4)

.ARM            0x0800c220        0x8
                0x0800c220                        . = ALIGN (0x4)
                0x0800c220                        __exidx_start = .
 *(.ARM.exidx*)
 .ARM.exidx     0x0800c220        0x8 C:/ST/STM32CubeIDE_1.19.0/STM32CubeIDE/plugins/com.st.stm32cube.ide.mcu.externaltools.gnu-tools-for-stm32.13.3.rel1.win32_1.0.0.202411081344/tools/bin/../lib/gcc/arm-none-eabi/13.3.1/../../../../arm-none-eabi/lib/thumb/v7e-m+fp/hard\libc_nano.a(libc_a-strlen.o)
 .ARM.exidx     0x0800c228        0x0 C:/ST/STM32CubeIDE_1.19.0/STM32CubeIDE/plugins/com.st.stm32cube.ide.mcu.externaltools.gnu-tools-for-stm32.13.3.rel1.win32_1.0.0.202411081344/tools/bin/../lib/gcc/arm-none-eabi/13.3.1/../../../../arm-none-eabi/lib/thumb/v7e-m+fp/hard\libc_nano.a(libc_a-memchr.o)
                                  0x8 (size before relaxing)
 .ARM.exidx     0x0800c228        0x0 C:/ST/STM32CubeIDE_1.19.0/STM32CubeIDE/plugins/com.st.stm32cube.ide.mcu.externaltools.gnu-tools-for-stm32.13.3.rel1.win32_1.0.0.202411081344/tools/bin/../lib/gcc/arm-none-eabi/13.3.1/thumb/v7e-m+fp/hard\libgcc.a(_udivmoddi4.o)
                                  0x8 (size before relaxing)
                0x0800c228                        __exidx_end = .
                0x0800c228                        . = ALIGN (0x4)

.preinit_array  0x0800c228        0x0
                0x0800c228                        . = ALIGN (0x4)
                0x0800c228                        PROVIDE (__preinit_array_start = .)
 *(.preinit_array*)
                0x0800c228                        PROVIDE (__preinit_array_end = .)
                0x0800c228                        . = ALIGN (0x4)

.init_array     0x0800c228        0x4
                0x0800c228                        . = ALIGN (0x4)
                0x0800c228                        PROVIDE (__init_array_start = .)
 *(SORT_BY_NAME(.init_array.*))
 *(.init_array*)
 .init_array    0x0800c228        0x4 C:/ST/STM32CubeIDE_1.19.0/STM32CubeIDE/plugins/com.st.stm32cube.ide.mcu.externaltools.gnu-tools-for-stm32.13.3.rel1.win32_1.0.0.202411081344/tools/bin/../lib/gcc/arm-none-eabi/13.3.1/thumb/v7e-m+fp/hard/crtbegin.o
                0x0800c22c                        PROVIDE (__init_array_end = .)
                0x0800c22c                        . = ALIGN (0x4)

.fini_array     0x0800c22c        0x4
                0x0800c22c                        . = ALIGN (0x4)
                [!provide]                        PROVIDE (__fini_array_start = .)
 *(SORT_BY_NAME(.fini_array.*))
 *(.fini_array*)
 .fini_array    0x0800c22c        0x4 C:/ST/STM32CubeIDE_1.19.0/STM32CubeIDE/plugins/com.st.stm32cube.ide.mcu.externaltools.gnu-tools-for-stm32.13.3.rel1.win32_1.0.0.202411081344/tools/bin/../lib/gcc/arm-none-eabi/13.3.1/thumb/v7e-m+fp/hard/crtbegin.o
                [!provide]                        PROVIDE (__fini_array_end = .)
                0x0800c230                        . = ALIGN (0x4)
                0x0800c230                        _sidata = LOADADDR (.data)

.rel.dyn        0x0800c230        0x0
 .rel.iplt      0x0800c230        0x0 C:/ST/STM32CubeIDE_1.19.0/STM32CubeIDE/plugins/com.st.stm32cube.ide.mcu.externaltools.gnu-tools-for-stm32.13.3.rel1.win32_1.0.0.202411081344/tools/bin/../lib/gcc/arm-none-eabi/13.3.1/thumb/v7e-m+fp/hard/crtbegin.o

.data           0x20000000      0x154 load address 0x0800c230
                0x20000000                        . = ALIGN (0x4)
                0x20000000                        _sdata = .
 *(.data)
 *(.data*)
 .data.global_CO2
                0x20000000        0x2 ./Core/Src/freertos.o
                0x20000000                global_CO2
 *fill*         0x20000002        0x2 
 .data.SystemCoreClock
                0x20000004        0x4 ./Core/Src/system_stm32f4xx.o
                0x20000004                SystemCoreClock
 .data.uwTickPrio
                0x20000008        0x4 ./Drivers/STM32F4xx_HAL_Driver/Src/stm32f4xx_hal.o
                0x20000008                uwTickPrio
 .data.uwTickFreq
                0x2000000c        0x1 ./Drivers/STM32F4xx_HAL_Driver/Src/stm32f4xx_hal.o
                0x2000000c                uwTickFreq
 *fill*         0x2000000d        0x3 
 .data.USBD_CDC_DeviceQualifierDesc
                0x20000010        0xa ./Middlewares/ST/STM32_USB_Device_Library/Class/CDC/Src/usbd_cdc.o
 *fill*         0x2000001a        0x2 
 .data.USBD_CDC
                0x2000001c       0x38 ./Middlewares/ST/STM32_USB_Device_Library/Class/CDC/Src/usbd_cdc.o
                0x2000001c                USBD_CDC
 .data.USBD_CDC_CfgDesc
                0x20000054       0x43 ./Middlewares/ST/STM32_USB_Device_Library/Class/CDC/Src/usbd_cdc.o
 .data.CDCInEpAdd
                0x20000097        0x1 ./Middlewares/ST/STM32_USB_Device_Library/Class/CDC/Src/usbd_cdc.o
 .data.CDCOutEpAdd
                0x20000098        0x1 ./Middlewares/ST/STM32_USB_Device_Library/Class/CDC/Src/usbd_cdc.o
 .data.CDCCmdEpAdd
                0x20000099        0x1 ./Middlewares/ST/STM32_USB_Device_Library/Class/CDC/Src/usbd_cdc.o
 *fill*         0x2000009a        0x2 
 .data.uxCriticalNesting
                0x2000009c        0x4 ./Middlewares/Third_Party/FreeRTOS/Source/portable/GCC/ARM_CM4F/port.o
 .data.USBD_Interface_fops_FS
                0x200000a0       0x14 ./USB_DEVICE/App/usbd_cdc_if.o
                0x200000a0                USBD_Interface_fops_FS
 .data.FS_Desc  0x200000b4       0x1c ./USB_DEVICE/App/usbd_desc.o
                0x200000b4                FS_Desc
 .data.USBD_FS_DeviceDesc
                0x200000d0       0x12 ./USB_DEVICE/App/usbd_desc.o
                0x200000d0                USBD_FS_DeviceDesc
 *fill*         0x200000e2        0x2 
 .data.USBD_LangIDDesc
                0x200000e4        0x4 ./USB_DEVICE/App/usbd_desc.o
                0x200000e4                USBD_LangIDDesc
 .data.USBD_StringSerial
                0x200000e8       0x1a ./USB_DEVICE/App/usbd_desc.o
                0x200000e8                USBD_StringSerial
 *fill*         0x20000102        0x2 
 .data._impure_ptr
                0x20000104        0x4 C:/ST/STM32CubeIDE_1.19.0/STM32CubeIDE/plugins/com.st.stm32cube.ide.mcu.externaltools.gnu-tools-for-stm32.13.3.rel1.win32_1.0.0.202411081344/tools/bin/../lib/gcc/arm-none-eabi/13.3.1/../../../../arm-none-eabi/lib/thumb/v7e-m+fp/hard\libc_nano.a(libc_a-impure.o)
                0x20000104                _impure_ptr
 .data._impure_data
                0x20000108       0x4c C:/ST/STM32CubeIDE_1.19.0/STM32CubeIDE/plugins/com.st.stm32cube.ide.mcu.externaltools.gnu-tools-for-stm32.13.3.rel1.win32_1.0.0.202411081344/tools/bin/../lib/gcc/arm-none-eabi/13.3.1/../../../../arm-none-eabi/lib/thumb/v7e-m+fp/hard\libc_nano.a(libc_a-impure.o)
                0x20000108                _impure_data
 *(.RamFunc)
 *(.RamFunc*)
                0x20000154                        . = ALIGN (0x4)
                0x20000154                        _edata = .

.igot.plt       0x20000154        0x0 load address 0x0800c384
 .igot.plt      0x20000154        0x0 C:/ST/STM32CubeIDE_1.19.0/STM32CubeIDE/plugins/com.st.stm32cube.ide.mcu.externaltools.gnu-tools-for-stm32.13.3.rel1.win32_1.0.0.202411081344/tools/bin/../lib/gcc/arm-none-eabi/13.3.1/thumb/v7e-m+fp/hard/crtbegin.o
                0x20000154                        . = ALIGN (0x4)

.bss            0x20000154     0x5e30 load address 0x0800c384
                0x20000154                        _sbss = .
                0x20000154                        __bss_start__ = _sbss
 *(.bss)
 .bss           0x20000154       0x1c C:/ST/STM32CubeIDE_1.19.0/STM32CubeIDE/plugins/com.st.stm32cube.ide.mcu.externaltools.gnu-tools-for-stm32.13.3.rel1.win32_1.0.0.202411081344/tools/bin/../lib/gcc/arm-none-eabi/13.3.1/thumb/v7e-m+fp/hard/crtbegin.o
 *(.bss*)
 .bss.usb_rx_buffer
                0x20000170       0x40 ./Core/Src/freertos.o
                0x20000170                usb_rx_buffer
 .bss.usb_rx_flag
                0x200001b0        0x1 ./Core/Src/freertos.o
                0x200001b0                usb_rx_flag
 *fill*         0x200001b1        0x3 
 .bss.uart_rx_byte
                0x200001b4        0x1 ./Core/Src/freertos.o
                0x200001b4                uart_rx_byte
 *fill*         0x200001b5        0x3 
 .bss.defaultTaskHandle
                0x200001b8        0x4 ./Core/Src/freertos.o
                0x200001b8                defaultTaskHandle
 .bss.myTask_ButtonHandle
                0x200001bc        0x4 ./Core/Src/freertos.o
                0x200001bc                myTask_ButtonHandle
 .bss.myTask_ControllerHandle
                0x200001c0        0x4 ./Core/Src/freertos.o
                0x200001c0                myTask_ControllerHandle
 .bss.myTask_Led2Handle
                0x200001c4        0x4 ./Core/Src/freertos.o
                0x200001c4                myTask_Led2Handle
 .bss.myQueue_SysCmdsHandle
                0x200001c8        0x4 ./Core/Src/freertos.o
                0x200001c8                myQueue_SysCmdsHandle
 .bss.xIdleTaskTCBBuffer
                0x200001cc       0xa0 ./Core/Src/freertos.o
 .bss.xIdleStack
                0x2000026c      0x200 ./Core/Src/freertos.o
 .bss.htim1     0x2000046c       0x48 ./Core/Src/stm32f4xx_hal_timebase_tim.o
                0x2000046c                htim1
 .bss.__sbrk_heap_end
                0x200004b4        0x4 ./Core/Src/sysmem.o
 .bss.huart2    0x200004b8       0x48 ./Core/Src/usart.o
                0x200004b8                huart2
 .bss.uwTick    0x20000500        0x4 ./Drivers/STM32F4xx_HAL_Driver/Src/stm32f4xx_hal.o
                0x20000500                uwTick
 .bss.cfgidx.0  0x20000504        0x1 ./Middlewares/ST/STM32_USB_Device_Library/Core/Src/usbd_ctlreq.o
 *fill*         0x20000505        0x3 
 .bss.pxCurrentTCB
                0x20000508        0x4 ./Middlewares/Third_Party/FreeRTOS/Source/tasks.o
                0x20000508                pxCurrentTCB
 .bss.pxReadyTasksLists
                0x2000050c       0x8c ./Middlewares/Third_Party/FreeRTOS/Source/tasks.o
 .bss.xDelayedTaskList1
                0x20000598       0x14 ./Middlewares/Third_Party/FreeRTOS/Source/tasks.o
 .bss.xDelayedTaskList2
                0x200005ac       0x14 ./Middlewares/Third_Party/FreeRTOS/Source/tasks.o
 .bss.pxDelayedTaskList
                0x200005c0        0x4 ./Middlewares/Third_Party/FreeRTOS/Source/tasks.o
 .bss.pxOverflowDelayedTaskList
                0x200005c4        0x4 ./Middlewares/Third_Party/FreeRTOS/Source/tasks.o
 .bss.xPendingReadyList
                0x200005c8       0x14 ./Middlewares/Third_Party/FreeRTOS/Source/tasks.o
 .bss.xTasksWaitingTermination
                0x200005dc       0x14 ./Middlewares/Third_Party/FreeRTOS/Source/tasks.o
 .bss.uxDeletedTasksWaitingCleanUp
                0x200005f0        0x4 ./Middlewares/Third_Party/FreeRTOS/Source/tasks.o
 .bss.xSuspendedTaskList
                0x200005f4       0x14 ./Middlewares/Third_Party/FreeRTOS/Source/tasks.o
 .bss.uxCurrentNumberOfTasks
                0x20000608        0x4 ./Middlewares/Third_Party/FreeRTOS/Source/tasks.o
 .bss.xTickCount
                0x2000060c        0x4 ./Middlewares/Third_Party/FreeRTOS/Source/tasks.o
 .bss.uxTopReadyPriority
                0x20000610        0x4 ./Middlewares/Third_Party/FreeRTOS/Source/tasks.o
 .bss.xSchedulerRunning
                0x20000614        0x4 ./Middlewares/Third_Party/FreeRTOS/Source/tasks.o
 .bss.xPendedTicks
                0x20000618        0x4 ./Middlewares/Third_Party/FreeRTOS/Source/tasks.o
 .bss.xYieldPending
                0x2000061c        0x4 ./Middlewares/Third_Party/FreeRTOS/Source/tasks.o
 .bss.xNumOfOverflows
                0x20000620        0x4 ./Middlewares/Third_Party/FreeRTOS/Source/tasks.o
 .bss.uxTaskNumber
                0x20000624        0x4 ./Middlewares/Third_Party/FreeRTOS/Source/tasks.o
 .bss.xNextTaskUnblockTime
                0x20000628        0x4 ./Middlewares/Third_Party/FreeRTOS/Source/tasks.o
 .bss.xIdleTaskHandle
                0x2000062c        0x4 ./Middlewares/Third_Party/FreeRTOS/Source/tasks.o
 .bss.uxSchedulerSuspended
                0x20000630        0x4 ./Middlewares/Third_Party/FreeRTOS/Source/tasks.o
 .bss.ucMaxSysCallPriority
                0x20000634        0x1 ./Middlewares/Third_Party/FreeRTOS/Source/portable/GCC/ARM_CM4F/port.o
 *fill*         0x20000635        0x3 
 .bss.ulMaxPRIGROUPValue
                0x20000638        0x4 ./Middlewares/Third_Party/FreeRTOS/Source/portable/GCC/ARM_CM4F/port.o
 .bss.ucHeap    0x2000063c     0x3c00 ./Middlewares/Third_Party/FreeRTOS/Source/portable/MemMang/heap_4.o
 .bss.xStart    0x2000423c        0x8 ./Middlewares/Third_Party/FreeRTOS/Source/portable/MemMang/heap_4.o
 .bss.pxEnd     0x20004244        0x4 ./Middlewares/Third_Party/FreeRTOS/Source/portable/MemMang/heap_4.o
 .bss.xFreeBytesRemaining
                0x20004248        0x4 ./Middlewares/Third_Party/FreeRTOS/Source/portable/MemMang/heap_4.o
 .bss.xMinimumEverFreeBytesRemaining
                0x2000424c        0x4 ./Middlewares/Third_Party/FreeRTOS/Source/portable/MemMang/heap_4.o
 .bss.xNumberOfSuccessfulAllocations
                0x20004250        0x4 ./Middlewares/Third_Party/FreeRTOS/Source/portable/MemMang/heap_4.o
 .bss.xNumberOfSuccessfulFrees
                0x20004254        0x4 ./Middlewares/Third_Party/FreeRTOS/Source/portable/MemMang/heap_4.o
 .bss.xBlockAllocatedBit
                0x20004258        0x4 ./Middlewares/Third_Party/FreeRTOS/Source/portable/MemMang/heap_4.o
 .bss.hUsbDeviceFS
                0x2000425c      0x2dc ./USB_DEVICE/App/usb_device.o
                0x2000425c                hUsbDeviceFS
 .bss.UserRxBufferFS
                0x20004538      0x800 ./USB_DEVICE/App/usbd_cdc_if.o
                0x20004538                UserRxBufferFS
 .bss.UserTxBufferFS
                0x20004d38      0x800 ./USB_DEVICE/App/usbd_cdc_if.o
                0x20004d38                UserTxBufferFS
 .bss.USBD_StrDesc
                0x20005538      0x200 ./USB_DEVICE/App/usbd_desc.o
                0x20005538                USBD_StrDesc
 .bss.hpcd_USB_OTG_FS
                0x20005738      0x4e4 ./USB_DEVICE/Target/usbd_conf.o
                0x20005738                hpcd_USB_OTG_FS
 .bss.mem.0     0x20005c1c      0x220 ./USB_DEVICE/Target/usbd_conf.o
 .bss.__sf      0x20005e3c      0x138 C:/ST/STM32CubeIDE_1.19.0/STM32CubeIDE/plugins/com.st.stm32cube.ide.mcu.externaltools.gnu-tools-for-stm32.13.3.rel1.win32_1.0.0.202411081344/tools/bin/../lib/gcc/arm-none-eabi/13.3.1/../../../../arm-none-eabi/lib/thumb/v7e-m+fp/hard\libc_nano.a(libc_a-findfp.o)
                0x20005e3c                __sf
 .bss.errno     0x20005f74        0x4 C:/ST/STM32CubeIDE_1.19.0/STM32CubeIDE/plugins/com.st.stm32cube.ide.mcu.externaltools.gnu-tools-for-stm32.13.3.rel1.win32_1.0.0.202411081344/tools/bin/../lib/gcc/arm-none-eabi/13.3.1/../../../../arm-none-eabi/lib/thumb/v7e-m+fp/hard\libc_nano.a(libc_a-reent.o)
                0x20005f74                errno
 .bss.__lock___malloc_recursive_mutex
                0x20005f78        0x1 C:/ST/STM32CubeIDE_1.19.0/STM32CubeIDE/plugins/com.st.stm32cube.ide.mcu.externaltools.gnu-tools-for-stm32.13.3.rel1.win32_1.0.0.202411081344/tools/bin/../lib/gcc/arm-none-eabi/13.3.1/../../../../arm-none-eabi/lib/thumb/v7e-m+fp/hard\libc_nano.a(libc_a-lock.o)
                0x20005f78                __lock___malloc_recursive_mutex
 *fill*         0x20005f79        0x3 
 .bss.__malloc_sbrk_start
                0x20005f7c        0x4 C:/ST/STM32CubeIDE_1.19.0/STM32CubeIDE/plugins/com.st.stm32cube.ide.mcu.externaltools.gnu-tools-for-stm32.13.3.rel1.win32_1.0.0.202411081344/tools/bin/../lib/gcc/arm-none-eabi/13.3.1/../../../../arm-none-eabi/lib/thumb/v7e-m+fp/hard\libc_nano.a(libc_a-mallocr.o)
                0x20005f7c                __malloc_sbrk_start
 .bss.__malloc_free_list
                0x20005f80        0x4 C:/ST/STM32CubeIDE_1.19.0/STM32CubeIDE/plugins/com.st.stm32cube.ide.mcu.externaltools.gnu-tools-for-stm32.13.3.rel1.win32_1.0.0.202411081344/tools/bin/../lib/gcc/arm-none-eabi/13.3.1/../../../../arm-none-eabi/lib/thumb/v7e-m+fp/hard\libc_nano.a(libc_a-mallocr.o)
                0x20005f80                __malloc_free_list
 *(COMMON)
                0x20005f84                        . = ALIGN (0x4)
                0x20005f84                        _ebss = .
                0x20005f84                        __bss_end__ = _ebss

._user_heap_stack
                0x20005f84      0x604 load address 0x0800c384
                0x20005f88                        . = ALIGN (0x8)
 *fill*         0x20005f84        0x4 
                [!provide]                        PROVIDE (end = .)
                0x20005f88                        PROVIDE (_end = .)
                0x20006188                        . = (. + _Min_Heap_Size)
 *fill*         0x20005f88      0x200 
                0x20006588                        . = (. + _Min_Stack_Size)
 *fill*         0x20006188      0x400 
                0x20006588                        . = ALIGN (0x8)

/DISCARD/
 libc.a(*)
 libm.a(*)
 libgcc.a(*)

.ARM.attributes
                0x00000000       0x30
 *(.ARM.attributes)
 .ARM.attributes
                0x00000000       0x22 C:/ST/STM32CubeIDE_1.19.0/STM32CubeIDE/plugins/com.st.stm32cube.ide.mcu.externaltools.gnu-tools-for-stm32.13.3.rel1.win32_1.0.0.202411081344/tools/bin/../lib/gcc/arm-none-eabi/13.3.1/thumb/v7e-m+fp/hard/crti.o
 .ARM.attributes
                0x00000022       0x34 C:/ST/STM32CubeIDE_1.19.0/STM32CubeIDE/plugins/com.st.stm32cube.ide.mcu.externaltools.gnu-tools-for-stm32.13.3.rel1.win32_1.0.0.202411081344/tools/bin/../lib/gcc/arm-none-eabi/13.3.1/thumb/v7e-m+fp/hard/crtbegin.o
 .ARM.attributes
                0x00000056       0x34 ./Core/Src/freertos.o
 .ARM.attributes
                0x0000008a       0x34 ./Core/Src/gpio.o
 .ARM.attributes
                0x000000be       0x34 ./Core/Src/main.o
 .ARM.attributes
                0x000000f2       0x34 ./Core/Src/stm32f4xx_hal_msp.o
 .ARM.attributes
                0x00000126       0x34 ./Core/Src/stm32f4xx_hal_timebase_tim.o
 .ARM.attributes
                0x0000015a       0x34 ./Core/Src/stm32f4xx_it.o
 .ARM.attributes
                0x0000018e       0x34 ./Core/Src/sysmem.o
 .ARM.attributes
                0x000001c2       0x34 ./Core/Src/system_stm32f4xx.o
 .ARM.attributes
                0x000001f6       0x34 ./Core/Src/usart.o
 .ARM.attributes
                0x0000022a       0x21 ./Core/Startup/startup_stm32f411retx.o
 .ARM.attributes
                0x0000024b       0x34 ./Drivers/STM32F4xx_HAL_Driver/Src/stm32f4xx_hal.o
 .ARM.attributes
                0x0000027f       0x34 ./Drivers/STM32F4xx_HAL_Driver/Src/stm32f4xx_hal_cortex.o
 .ARM.attributes
                0x000002b3       0x34 ./Drivers/STM32F4xx_HAL_Driver/Src/stm32f4xx_hal_dma.o
 .ARM.attributes
                0x000002e7       0x34 ./Drivers/STM32F4xx_HAL_Driver/Src/stm32f4xx_hal_gpio.o
 .ARM.attributes
                0x0000031b       0x34 ./Drivers/STM32F4xx_HAL_Driver/Src/stm32f4xx_hal_pcd.o
 .ARM.attributes
                0x0000034f       0x34 ./Drivers/STM32F4xx_HAL_Driver/Src/stm32f4xx_hal_pcd_ex.o
 .ARM.attributes
                0x00000383       0x34 ./Drivers/STM32F4xx_HAL_Driver/Src/stm32f4xx_hal_rcc.o
 .ARM.attributes
                0x000003b7       0x34 ./Drivers/STM32F4xx_HAL_Driver/Src/stm32f4xx_hal_tim.o
 .ARM.attributes
                0x000003eb       0x34 ./Drivers/STM32F4xx_HAL_Driver/Src/stm32f4xx_hal_tim_ex.o
 .ARM.attributes
                0x0000041f       0x34 ./Drivers/STM32F4xx_HAL_Driver/Src/stm32f4xx_hal_uart.o
 .ARM.attributes
                0x00000453       0x34 ./Drivers/STM32F4xx_HAL_Driver/Src/stm32f4xx_ll_usb.o
 .ARM.attributes
                0x00000487       0x34 ./Middlewares/ST/STM32_USB_Device_Library/Class/CDC/Src/usbd_cdc.o
 .ARM.attributes
                0x000004bb       0x34 ./Middlewares/ST/STM32_USB_Device_Library/Core/Src/usbd_core.o
 .ARM.attributes
                0x000004ef       0x34 ./Middlewares/ST/STM32_USB_Device_Library/Core/Src/usbd_ctlreq.o
 .ARM.attributes
                0x00000523       0x34 ./Middlewares/ST/STM32_USB_Device_Library/Core/Src/usbd_ioreq.o
 .ARM.attributes
                0x00000557       0x34 ./Middlewares/Third_Party/FreeRTOS/Source/CMSIS_RTOS/cmsis_os.o
 .ARM.attributes
                0x0000058b       0x34 ./Middlewares/Third_Party/FreeRTOS/Source/list.o
 .ARM.attributes
                0x000005bf       0x34 ./Middlewares/Third_Party/FreeRTOS/Source/queue.o
 .ARM.attributes
                0x000005f3       0x34 ./Middlewares/Third_Party/FreeRTOS/Source/tasks.o
 .ARM.attributes
                0x00000627       0x34 ./Middlewares/Third_Party/FreeRTOS/Source/portable/GCC/ARM_CM4F/port.o
 .ARM.attributes